


ARM Macro Assembler    Page 1 


    1 00000000                 AREA             text, CODE, READONLY
    2 00000000                 export           filter_s
    3 00000000         filter_s
    4 00000000         ; This is the subroutine for calculating the filtered va
                       lue.
    5 00000000         ; There are four input arguments:
    6 00000000         ; R1 for the location of array OriginalSignal
    7 00000000         ; R2 for the location of array FilteredSignal
    8 00000000         ; R3 for the number of N
    9 00000000         ; R4 for the number of D
   10 00000000         
   11 00000000 F004 0701       AND              R7, R4, #1  ; R7 stores if D is
                                                             odd. 1 for odd, 0 
                                                            for even.
   12 00000004         
   13 00000004 2500            MOVS             R5, #0x00   ; i is the counter 
                                                            of the outer loop. 
                                                            Stored in R5.
   14 00000006 1F2D            SUBS             R5, R5, #0x04 ; Decrement the c
                                                            ounter by one for e
                                                            ase of use in the f
                                                            uture loops.
   15 00000008         
   16 00000008         
   17 00000008 4770            BX               LR
   18 0000000A         
   19 0000000A                 END
Command Line: --debug --xref --diag_suppress=9931 --cpu=Cortex-M4.fp --apcs=int
erwork --depend=.\objects\filter_s.d -o.\objects\filter_s.o -IP:\ECSE444\GXX_La
b0\RTE -IC:\Keil_v5\ARM\PACK\ARM\CMSIS\5.3.0\CMSIS\Include -IC:\Keil_v5\ARM\PAC
K\ARM\CMSIS\5.3.0\Device\ARM\ARMCM4\Include --predefine="__EVAL SETA 1" --prede
fine="__UVISION_VERSION SETA 515" --predefine="_RTE_ SETA 1" --predefine="ARMCM
4_FP SETA 1" --list=.\listings\filter_s.lst asm\filter_s.s



ARM Macro Assembler    Page 1 Alphabetic symbol ordering
Relocatable symbols

filter_s 00000000

Symbol: filter_s
   Definitions
      At line 3 in file asm\filter_s.s
   Uses
      At line 2 in file asm\filter_s.s
Comment: filter_s used once
text 00000000

Symbol: text
   Definitions
      At line 1 in file asm\filter_s.s
   Uses
      None
Comment: text unused
2 symbols
337 symbols in table
