Component: ARM Compiler 5.05 update 2 (build 169) Tool: armlink [4d0f33]

==============================================================================

Section Cross References

    main.o(i.main) refers to rt_memcpy_w.o(.text) for __aeabi_memcpy4
    main.o(i.main) refers to h1_alloc.o(.text) for malloc
    main.o(i.main) refers to filter.o(i.filter) for filter
    main.o(i.main) refers to main.o(.constdata) for .constdata
    filter.o(i.filter) refers to _printf_percent.o(.ARM.Collect$$_printf_percent$$00000000) for _printf_percent
    filter.o(i.filter) refers to _printf_d.o(.ARM.Collect$$_printf_percent$$00000009) for _printf_d
    filter.o(i.filter) refers to _printf_dec.o(.text) for _printf_int_dec
    filter.o(i.filter) refers to _printf_f.o(.ARM.Collect$$_printf_percent$$00000003) for _printf_f
    filter.o(i.filter) refers to printf1.o(x$fpl$printf1) for _printf_fp_dec
    filter.o(i.filter) refers to noretval__2printf.o(.text) for __2printf
    filter.o(i.filter) refers to f2d.o(x$fpl$f2d) for __aeabi_f2d
    retarget_io.o(i.ITM_ReceiveChar) refers to retarget_io.o(.data) for ITM_RxBuffer
    retarget_io.o(i._sys_open) refers to strcmpv7m.o(.text) for strcmp
    retarget_io.o(i._sys_write) refers to retarget_io.o(i.stdout_putchar) for stdout_putchar
    retarget_io.o(i.stdout_putchar) refers to retarget_io.o(i.ITM_SendChar) for ITM_SendChar
    startup_armcm4.o(STACK) refers (Special) to heapauxi.o(.text) for __use_two_region_memory
    startup_armcm4.o(HEAP) refers (Special) to heapauxi.o(.text) for __use_two_region_memory
    startup_armcm4.o(RESET) refers (Special) to heapauxi.o(.text) for __use_two_region_memory
    startup_armcm4.o(RESET) refers to startup_armcm4.o(STACK) for __initial_sp
    startup_armcm4.o(RESET) refers to startup_armcm4.o(.text) for Reset_Handler
    startup_armcm4.o(.text) refers (Special) to heapauxi.o(.text) for __use_two_region_memory
    startup_armcm4.o(.text) refers to system_armcm4.o(i.SystemInit) for SystemInit
    startup_armcm4.o(.text) refers to __main.o(!!!main) for __main
    startup_armcm4.o(.text) refers to startup_armcm4.o(HEAP) for Heap_Mem
    startup_armcm4.o(.text) refers to startup_armcm4.o(STACK) for Stack_Mem
    system_armcm4.o(i.SystemCoreClockUpdate) refers to system_armcm4.o(.data) for SystemCoreClock
    system_armcm4.o(i.SystemInit) refers to startup_armcm4.o(RESET) for __Vectors
    system_armcm4.o(i.SystemInit) refers to system_armcm4.o(.data) for SystemCoreClock
    malloc.o(.text) refers (Special) to hguard.o(.text) for __heap$guard
    malloc.o(.text) refers (Special) to init_alloc.o(.text) for _init_alloc
    malloc.o(.text) refers to rt_heap_descriptor_intlibspace.o(.text) for __rt_heap_descriptor
    malloc.o(.text) refers to heapstubs.o(.text) for __Heap_Alloc
    h1_alloc.o(.text) refers (Special) to h1_init.o(.text) for __Heap_Initialize
    h1_alloc.o(.text) refers to rt_heap_descriptor_intlibspace.o(.text) for __rt_heap_descriptor
    h1_alloc.o(.text) refers to init_alloc.o(.text) for __Heap_Full
    h1_alloc_mt.o(.text) refers (Special) to h1_init.o(.text) for __Heap_Initialize
    h1_alloc_mt.o(.text) refers to init_alloc.o(.text) for __Heap_Full
    h1_alloc_mt.o(.text) refers to rt_heap_descriptor_intlibspace.o(.text) for __rt_heap_descriptor
    heap2.o(i._FDIterate) refers to heap2.o(.conststring) for .conststring
    heap2.o(i.___Heap_ProvideMemory$realtime) refers to fdtree.o(i._FDTree_Delete) for _FDTree_Delete
    heap2.o(i.___Heap_ProvideMemory$realtime) refers to fdtree.o(i._FDTree_Insert) for _FDTree_Insert
    heap2.o(i.___Heap_Stats$realtime) refers to heap2.o(i._Heap2_StatsIterate) for _Heap2_StatsIterate
    heap2.o(i.___Heap_Valid$realtime) refers to heap2.o(i._FDIterate) for _FDIterate
    heap2.o(i.___Heap_Valid$realtime) refers to heap2.o(.conststring) for .conststring
    heap2.o(i._free$realtime) refers to rt_heap_descriptor_intlibspace.o(.text) for __rt_heap_descriptor
    heap2.o(i._free$realtime) refers to fdtree.o(i._FDTree_Delete) for _FDTree_Delete
    heap2.o(i._free$realtime) refers to fdtree.o(i._FDTree_Insert) for _FDTree_Insert
    heap2.o(i._malloc$realtime) refers to rt_heap_descriptor_intlibspace.o(.text) for __rt_heap_descriptor
    heap2.o(i._malloc$realtime) refers to fdtree.o(i._FDTree_FindFirst) for _FDTree_FindFirst
    heap2.o(i._malloc$realtime) refers to init_alloc.o(.text) for __Heap_Full
    heap2.o(i._malloc$realtime) refers to fdtree.o(i._FDTree_RemoveNode) for _FDTree_RemoveNode
    heap2.o(i._malloc$realtime) refers to fdtree.o(i._FDTree_Insert) for _FDTree_Insert
    heap2.o(i._posix_memalign$realtime) refers to rt_heap_descriptor_intlibspace.o(.text) for __rt_heap_descriptor
    heap2.o(i._posix_memalign$realtime) refers to fdtree.o(i._FDTree_FindFirst) for _FDTree_FindFirst
    heap2.o(i._posix_memalign$realtime) refers to init_alloc.o(.text) for __Heap_Full
    heap2.o(i._posix_memalign$realtime) refers to fdtree.o(i._FDTree_RemoveNode) for _FDTree_RemoveNode
[...]
    istatus.o(x$fpl$ieeestatus) refers (Special) to usenofp.o(x$fpl$usenofp) for __I$use$fp
    fpclassify.o(i.__ARM_fpclassify) refers (Special) to usenofp.o(x$fpl$usenofp) for __I$use$fp
    sys_stackheap_outer.o(.text) refers to libspace.o(.text) for __user_perproc_libspace
    sys_stackheap_outer.o(.text) refers to startup_armcm4.o(.text) for __user_initial_stackheap
    rt_raise.o(.text) refers to __raise.o(.text) for __raise
    rt_raise.o(.text) refers to sys_exit.o(.text) for _sys_exit
    term_alloc.o(.text) refers (Special) to libshutdown2.o(.ARM.Collect$$libshutdown$$0000000D) for __rt_lib_shutdown_heap_2
    term_alloc.o(.text) refers to rt_heap_descriptor_intlibspace.o(.text) for __rt_heap_descriptor
    term_alloc.o(.text) refers to h1_final.o(.text) for __Heap_Finalize
    flsbuf.o(.text) refers to stdio.o(.text) for _deferredlazyseek
    flsbuf.o(.text) refers to retarget_io.o(i._sys_flen) for _sys_flen
    flsbuf.o(.text) refers to retarget_io.o(i._sys_istty) for _sys_istty
    flsbuf.o(.text) refers to h1_alloc.o(.text) for malloc
    streamlock.o(.data) refers (Special) to initio.o(.text) for _initio
    fopen.o(.text) refers to fclose.o(.text) for _fclose_internal
    fopen.o(.text) refers to retarget_io.o(i._sys_open) for _sys_open
    fopen.o(.text) refers to fseek.o(.text) for _fseek
    fopen.o(.text) refers to h1_alloc.o(.text) for malloc
    fopen.o(.text) refers to rt_memclr_w.o(.text) for __aeabi_memclr4
    fopen.o(.text) refers to stdio_streams.o(.bss) for __stdin
    fclose.o(.text) refers to stdio.o(.text) for _fflush
    fclose.o(.text) refers to retarget_io.o(i._sys_close) for _sys_close
    fclose.o(.text) refers to h1_free.o(.text) for free
    fclose.o(.text) refers to rt_memclr_w.o(.text) for __aeabi_memclr4
    fopen_locked.o(.text) refers to fclose.o(.text) for _fclose_internal
    fopen_locked.o(.text) refers to retarget_io.o(i._sys_open) for _sys_open
    fopen_locked.o(.text) refers to fseek.o(.text) for _fseek
    fopen_locked.o(.text) refers to h1_alloc.o(.text) for malloc
    fopen_locked.o(.text) refers to rt_memclr_w.o(.text) for __aeabi_memclr4
    fopen_locked.o(.text) refers to streamlock.o(.data) for _stream_list_lock
    fopen_locked.o(.text) refers to stdio_streams.o(.bss) for __stdin
    exit.o(.text) refers to rtexit.o(.ARM.Collect$$rtexit$$00000000) for __rt_exit
    defsig_exit.o(.text) refers to sys_exit.o(.text) for _sys_exit
    defsig_rtred_outer.o(.text) refers to defsig_rtred_inner.o(.text) for __rt_SIGRTRED_inner
    defsig_rtred_outer.o(.text) refers to defsig_exit.o(.text) for __sig_exit
    defsig_rtred_formal.o(.text) refers to rt_raise.o(.text) for __rt_raise
    defsig_rtmem_inner.o(.text) refers to defsig_general.o(.text) for __default_signal_display
    _get_argv_nomalloc.o(.text) refers (Special) to hrguard.o(.text) for __heap_region$guard
    _get_argv_nomalloc.o(.text) refers to defsig_rtmem_outer.o(.text) for __rt_SIGRTMEM
    _get_argv_nomalloc.o(.text) refers to sys_command.o(.text) for _sys_command_string
    libinit.o(.ARM.Collect$$libinit$$00000000) refers (Special) to libinit2.o(.ARM.Collect$$libinit$$0000002E) for __rt_lib_init_alloca_1
    libinit.o(.ARM.Collect$$libinit$$00000000) refers (Special) to libinit2.o(.ARM.Collect$$libinit$$0000002C) for __rt_lib_init_argv_1
    libinit.o(.ARM.Collect$$libinit$$00000000) refers (Special) to libinit2.o(.ARM.Collect$$libinit$$0000001B) for __rt_lib_init_atexit_1
    libinit.o(.ARM.Collect$$libinit$$00000000) refers (Special) to libinit2.o(.ARM.Collect$$libinit$$00000021) for __rt_lib_init_clock_1
    libinit.o(.ARM.Collect$$libinit$$00000000) refers (Special) to libinit2.o(.ARM.Collect$$libinit$$00000032) for __rt_lib_init_cpp_1
    libinit.o(.ARM.Collect$$libinit$$00000000) refers (Special) to libinit2.o(.ARM.Collect$$libinit$$00000030) for __rt_lib_init_exceptions_1
    libinit.o(.ARM.Collect$$libinit$$00000000) refers (Special) to libinit2.o(.ARM.Collect$$libinit$$00000001) for __rt_lib_init_fp_1
    libinit.o(.ARM.Collect$$libinit$$00000000) refers (Special) to libinit2.o(.ARM.Collect$$libinit$$0000001F) for __rt_lib_init_fp_trap_1
    libinit.o(.ARM.Collect$$libinit$$00000000) refers (Special) to libinit2.o(.ARM.Collect$$libinit$$00000023) for __rt_lib_init_getenv_1
    libinit.o(.ARM.Collect$$libinit$$00000000) refers (Special) to libinit2.o(.ARM.Collect$$libinit$$0000000A) for __rt_lib_init_heap_1
    libinit.o(.ARM.Collect$$libinit$$00000000) refers (Special) to libinit2.o(.ARM.Collect$$libinit$$00000011) for __rt_lib_init_lc_collate_1
    libinit.o(.ARM.Collect$$libinit$$00000000) refers (Special) to libinit2.o(.ARM.Collect$$libinit$$00000013) for __rt_lib_init_lc_ctype_1
    libinit.o(.ARM.Collect$$libinit$$00000000) refers (Special) to libinit2.o(.ARM.Collect$$libinit$$00000015) for __rt_lib_init_lc_monetary_1
    libinit.o(.ARM.Collect$$libinit$$00000000) refers (Special) to libinit2.o(.ARM.Collect$$libinit$$00000017) for __rt_lib_init_lc_numeric_1
    libinit.o(.ARM.Collect$$libinit$$00000000) refers (Special) to libinit2.o(.ARM.Collect$$libinit$$00000019) for __rt_lib_init_lc_time_1
    libinit.o(.ARM.Collect$$libinit$$00000000) refers (Special) to libinit2.o(.ARM.Collect$$libinit$$00000004) for __rt_lib_init_preinit_1
    libinit.o(.ARM.Collect$$libinit$$00000000) refers (Special) to libinit2.o(.ARM.Collect$$libinit$$0000000E) for __rt_lib_init_rand_1
    libinit.o(.ARM.Collect$$libinit$$00000000) refers (Special) to libinit2.o(.ARM.Collect$$libinit$$00000033) for __rt_lib_init_return
    libinit.o(.ARM.Collect$$libinit$$00000000) refers (Special) to libinit2.o(.ARM.Collect$$libinit$$0000001D) for __rt_lib_init_signal_1
    libinit.o(.ARM.Collect$$libinit$$00000000) refers (Special) to libinit2.o(.ARM.Collect$$libinit$$00000025) for __rt_lib_init_stdio_1
    libinit.o(.ARM.Collect$$libinit$$00000000) refers (Special) to libinit2.o(.ARM.Collect$$libinit$$0000000C) for __rt_lib_init_user_alloc_1
    libshutdown2.o(.ARM.Collect$$libshutdown$$00000002) refers (Weak) to initio.o(.text) for _terminateio
    libshutdown2.o(.ARM.Collect$$libshutdown$$0000000C) refers (Weak) to term_alloc.o(.text) for _terminate_alloc
    flsbuf_fwide.o(.text) refers to flsbuf.o(.text) for __flsbuf
    sys_exit.o(.text) refers (Special) to use_no_semi.o(.text) for __I$use$semihosting
    sys_exit.o(.text) refers (Special) to indicate_semi.o(.text) for __semihosting_library_function
    rtexit.o(.ARM.Collect$$rtexit$$00000000) refers (Special) to rtexit2.o(.ARM.Collect$$rtexit$$00000004) for __rt_exit_exit
    rtexit.o(.ARM.Collect$$rtexit$$00000000) refers (Special) to rtexit2.o(.ARM.Collect$$rtexit$$00000003) for __rt_exit_ls
    rtexit.o(.ARM.Collect$$rtexit$$00000000) refers (Special) to rtexit2.o(.ARM.Collect$$rtexit$$00000002) for __rt_exit_prels_1
    rtexit.o(.ARM.exidx) refers (Special) to rtexit2.o(.ARM.Collect$$rtexit$$00000004) for __rt_exit_exit
    rtexit.o(.ARM.exidx) refers (Special) to rtexit2.o(.ARM.Collect$$rtexit$$00000003) for __rt_exit_ls
    rtexit.o(.ARM.exidx) refers (Special) to rtexit2.o(.ARM.Collect$$rtexit$$00000002) for __rt_exit_prels_1
    rtexit.o(.ARM.exidx) refers to rtexit.o(.ARM.Collect$$rtexit$$00000000) for .ARM.Collect$$rtexit$$00000000
    _printf_char_file_locked.o(.text) refers to _printf_char_common.o(.text) for _printf_char_common
    _printf_char_file_locked.o(.text) refers to fputc.o(i._fputc$unlocked) for _fputc$unlocked
    fseek.o(.text) refers to retarget_io.o(i._sys_istty) for _sys_istty
    fseek.o(.text) refers to ftell.o(.text) for _ftell_internal
    fseek.o(.text) refers to retarget_io.o(i._sys_flen) for _sys_flen
    fseek.o(.text) refers to stdio.o(.text) for _seterr
    stdio.o(.text) refers to retarget_io.o(i._sys_seek) for _sys_seek
    stdio.o(.text) refers to retarget_io.o(i._sys_write) for _sys_write
    fwritefast.o(.text) refers to stdio.o(.text) for _writebuf
    fwritefast.o(.text) refers to flsbuf.o(.text) for __flsbuf_byte
    fwritefast.o(.text) refers to rt_memcpy_v6.o(.text) for __aeabi_memcpy
    fwritefast_locked.o(.text) refers to stdio.o(.text) for _writebuf
    fwritefast_locked.o(.text) refers to flsbuf.o(.text) for __flsbuf_byte
    fwritefast_locked.o(.text) refers to rt_memcpy_v6.o(.text) for __aeabi_memcpy
    __raise.o(.text) refers to defsig.o(CL$$defsig) for __default_signal_handler
    defsig_general.o(.text) refers to sys_wrch.o(.text) for _ttywrch
    defsig_rtred_inner.o(.text) refers to defsig_general.o(.text) for __default_signal_display
    assert_stdio.o(.text) refers to fputs.o(.text) for fputs
    assert_stdio.o(.text) refers to fflush.o(.text) for fflush
    assert_stdio.o(.text) refers to stdio_streams.o(.bss) for __stderr
    sys_wrch.o(.text) refers (Special) to use_no_semi.o(.text) for __I$use$semihosting
    sys_wrch.o(.text) refers (Special) to indicate_semi.o(.text) for __semihosting_library_function
    rtexit2.o(.ARM.Collect$$rtexit$$00000003) refers to libshutdown.o(.ARM.Collect$$libshutdown$$00000000) for __rt_lib_shutdown
    rtexit2.o(.ARM.Collect$$rtexit$$00000004) refers to sys_exit.o(.text) for _sys_exit
    rtexit2.o(.ARM.exidx) refers to rtexit2.o(.ARM.Collect$$rtexit$$00000001) for .ARM.Collect$$rtexit$$00000001
    rtexit2.o(.ARM.exidx) refers to rtexit2.o(.ARM.Collect$$rtexit$$00000003) for .ARM.Collect$$rtexit$$00000003
    rtexit2.o(.ARM.exidx) refers to rtexit2.o(.ARM.Collect$$rtexit$$00000004) for .ARM.Collect$$rtexit$$00000004
    fflush.o(.text) refers to stdio.o(.text) for _fflush
    fflush.o(.text) refers to fseek.o(.text) for _fseek
    fflush.o(.text) refers to stdio_streams.o(.bss) for __stdin
    fputs.o(.text) refers to fputc.o(i.fputc) for fputc
    ftell.o(.text) refers to rt_errno_addr_intlibspace.o(.text) for __aeabi_errno_addr
    fflush_locked.o(.text) refers to stdio.o(.text) for _fflush
    fflush_locked.o(.text) refers to fseek.o(.text) for _fseek
    fflush_locked.o(.text) refers to fflush.o(.text) for _do_fflush
    fflush_locked.o(.text) refers to streamlock.o(.data) for _stream_list_lock
    fflush_locked.o(.text) refers to stdio_streams.o(.bss) for __stdin
    defsig.o(CL$$defsig) refers to defsig_rtred_inner.o(.text) for __rt_SIGRTRED_inner
    defsig.o(CL$$defsig) refers to defsig_rtmem_inner.o(.text) for __rt_SIGRTMEM_inner
    rt_memcpy_v6.o(.text) refers to rt_memcpy_w.o(.text) for __aeabi_memcpy4
    rt_errno_addr.o(.text) refers to rt_errno_addr.o(.bss) for __aeabi_errno_addr_data
    rt_errno_addr_intlibspace.o(.text) refers to libspace.o(.bss) for __libspace_start
    defsig_abrt_inner.o(.text) refers to defsig_general.o(.text) for __default_signal_display
    defsig_fpe_inner.o(.text) refers to defsig_general.o(.text) for __default_signal_display
    defsig_stak_inner.o(.text) refers to defsig_general.o(.text) for __default_signal_display
    defsig_pvfn_inner.o(.text) refers to defsig_general.o(.text) for __default_signal_display
    defsig_cppl_inner.o(.text) refers to defsig_general.o(.text) for __default_signal_display
    defsig_segv_inner.o(.text) refers to defsig_general.o(.text) for __default_signal_display
    defsig_other.o(.text) refers to defsig_general.o(.text) for __default_signal_display
    libshutdown.o(.ARM.Collect$$libshutdown$$00000000) refers (Special) to libshutdown2.o(.ARM.Collect$$libshutdown$$00000006) for __rt_lib_shutdown_fp_trap_1
    libshutdown.o(.ARM.Collect$$libshutdown$$00000000) refers (Special) to libshutdown2.o(.ARM.Collect$$libshutdown$$0000000E) for __rt_lib_shutdown_heap_1
    libshutdown.o(.ARM.Collect$$libshutdown$$00000000) refers (Special) to libshutdown2.o(.ARM.Collect$$libshutdown$$0000000F) for __rt_lib_shutdown_return
    libshutdown.o(.ARM.Collect$$libshutdown$$00000000) refers (Special) to libshutdown2.o(.ARM.Collect$$libshutdown$$00000009) for __rt_lib_shutdown_signal_1
    libshutdown.o(.ARM.Collect$$libshutdown$$00000000) refers (Special) to libshutdown2.o(.ARM.Collect$$libshutdown$$00000003) for __rt_lib_shutdown_stdio_1
    libshutdown.o(.ARM.Collect$$libshutdown$$00000000) refers (Special) to libshutdown2.o(.ARM.Collect$$libshutdown$$0000000B) for __rt_lib_shutdown_user_alloc_1


==============================================================================

Removing Unused input sections from the image.

    Removing add_c.o(i.add_c), (14 bytes).
    Removing add_asm.o(text), (6 bytes).
    Removing filter_s.o(text), (10 bytes).
    Removing retarget_io.o(i.ITM_ReceiveChar), (36 bytes).
    Removing retarget_io.o(i._sys_read), (46 bytes).
    Removing retarget_io.o(.data), (4 bytes).
    Removing system_armcm4.o(.rev16_text), (4 bytes).
    Removing system_armcm4.o(.revsh_text), (4 bytes).
    Removing system_armcm4.o(.rrx_text), (6 bytes).
    Removing system_armcm4.o(i.SystemCoreClockUpdate), (16 bytes).

10 unused section(s) (total 146 bytes) removed from the image.

==============================================================================

Image Symbol Table

    Local Symbols

    Symbol Name                              Value     Ov Type        Size  Object(Section)

    RESET                                    0x00000000   Section      192  startup_armcm4.o(RESET)
    ../clib/angel/boardlib.s                 0x00000000   Number         0  boardinit3.o ABSOLUTE
    ../clib/angel/boardlib.s                 0x00000000   Number         0  boardinit2.o ABSOLUTE
    ../clib/angel/boardlib.s                 0x00000000   Number         0  boardinit1.o ABSOLUTE
    ../clib/angel/boardlib.s                 0x00000000   Number         0  boardshut.o ABSOLUTE
    ../clib/angel/handlers.s                 0x00000000   Number         0  __scatter_zi.o ABSOLUTE
    ../clib/angel/handlers.s                 0x00000000   Number         0  __scatter_copy.o ABSOLUTE
    ../clib/angel/kernel.s                   0x00000000   Number         0  rtexit.o ABSOLUTE
    ../clib/angel/kernel.s                   0x00000000   Number         0  __rtentry2.o ABSOLUTE
    ../clib/angel/kernel.s                   0x00000000   Number         0  __rtentry.o ABSOLUTE
    ../clib/angel/kernel.s                   0x00000000   Number         0  rtexit2.o ABSOLUTE
    ../clib/angel/kernel.s                   0x00000000   Number         0  __rtentry4.o ABSOLUTE
    ../clib/angel/rt.s                       0x00000000   Number         0  rt_locale_intlibspace.o ABSOLUTE
    ../clib/angel/rt.s                       0x00000000   Number         0  rt_errno_addr_intlibspace.o ABSOLUTE
    ../clib/angel/rt.s                       0x00000000   Number         0  rt_locale.o ABSOLUTE
    ../clib/angel/rt.s                       0x00000000   Number         0  rt_raise.o ABSOLUTE
    ../clib/angel/rt.s                       0x00000000   Number         0  rt_heap_descriptor.o ABSOLUTE
    ../clib/angel/rt.s                       0x00000000   Number         0  rt_errno_addr.o ABSOLUTE
    ../clib/angel/rt.s                       0x00000000   Number         0  rt_heap_descriptor_intlibspace.o ABSOLUTE
    ../clib/angel/scatter.s                  0x00000000   Number         0  __scatter.o ABSOLUTE
    ../clib/angel/startup.s                  0x00000000   Number         0  __main.o ABSOLUTE
    ../clib/angel/sys.s                      0x00000000   Number         0  sys_stackheap_outer.o ABSOLUTE
    ../clib/angel/sys.s                      0x00000000   Number         0  use_no_semi.o ABSOLUTE
    ../clib/angel/sys.s                      0x00000000   Number         0  mutex_dummy.o ABSOLUTE
    ../clib/angel/sys.s                      0x00000000   Number         0  indicate_semi.o ABSOLUTE
    ../clib/angel/sys.s                      0x00000000   Number         0  libspace.o ABSOLUTE
    ../clib/angel/sysapp.c                   0x00000000   Number         0  sys_command.o ABSOLUTE
    ../clib/angel/sysapp.c                   0x00000000   Number         0  sys_exit.o ABSOLUTE
    ../clib/angel/sysapp.c                   0x00000000   Number         0  sys_wrch.o ABSOLUTE
    ../clib/armsys.c                         0x00000000   Number         0  argv_veneer.o ABSOLUTE
    ../clib/armsys.c                         0x00000000   Number         0  no_argv.o ABSOLUTE
    ../clib/armsys.c                         0x00000000   Number         0  _get_argv.o ABSOLUTE
    ../clib/armsys.c                         0x00000000   Number         0  _get_argv_nomalloc.o ABSOLUTE
    ../clib/armsys.c                         0x00000000   Number         0  argv_veneer.o ABSOLUTE
    ../clib/assert.c                         0x00000000   Number         0  assert_stdio.o ABSOLUTE
    ../clib/bigflt.c                         0x00000000   Number         0  bigflt0.o ABSOLUTE
    ../clib/btod.s                           0x00000000   Number         0  btod.o ABSOLUTE
    ../clib/heap1.c                          0x00000000   Number         0  h1_init_mt.o ABSOLUTE
    ../clib/heap1.c                          0x00000000   Number         0  h1_alloc_mt.o ABSOLUTE
    ../clib/heap1.c                          0x00000000   Number         0  h1_final_mt.o ABSOLUTE
    ../clib/heap1.c                          0x00000000   Number         0  h1_alloc.o ABSOLUTE
    ../clib/heap1.c                          0x00000000   Number         0  h1_free_mt.o ABSOLUTE
    ../clib/heap1.c                          0x00000000   Number         0  h1_free.o ABSOLUTE
    ../clib/heap1.c                          0x00000000   Number         0  h1_init.o ABSOLUTE
    ../clib/heap1.c                          0x00000000   Number         0  h1_final.o ABSOLUTE
    ../clib/heap1.c                          0x00000000   Number         0  h1_extend_mt.o ABSOLUTE
    ../clib/heap1.c                          0x00000000   Number         0  h1_extend.o ABSOLUTE
    ../clib/heap2.c                          0x00000000   Number         0  fdtree.o ABSOLUTE
    ../clib/heap2.c                          0x00000000   Number         0  heap2mt.o ABSOLUTE
    ../clib/heap2.c                          0x00000000   Number         0  heap2.o ABSOLUTE
    ../clib/heapalloc.c                      0x00000000   Number         0  hrguard.o ABSOLUTE
    ../clib/heapalloc.c                      0x00000000   Number         0  maybetermalloc2.o ABSOLUTE
    ../clib/heapalloc.c                      0x00000000   Number         0  free.o ABSOLUTE
    ../clib/heapalloc.c                      0x00000000   Number         0  init_alloc.o ABSOLUTE
    ../clib/heapalloc.c                      0x00000000   Number         0  malloc.o ABSOLUTE
    ../clib/heapalloc.c                      0x00000000   Number         0  maybetermalloc2.o ABSOLUTE
    ../clib/heapalloc.c                      0x00000000   Number         0  heapstubs.o ABSOLUTE
    ../clib/heapalloc.c                      0x00000000   Number         0  term_alloc.o ABSOLUTE
    ../clib/heapalloc.c                      0x00000000   Number         0  hguard.o ABSOLUTE
    ../clib/heapalloc.c                      0x00000000   Number         0  maybetermalloc1.o ABSOLUTE
    ../clib/heapalloc.c                      0x00000000   Number         0  maybetermalloc1.o ABSOLUTE
    ../clib/heapaux.c                        0x00000000   Number         0  heapauxa.o ABSOLUTE
    ../clib/heapaux.c                        0x00000000   Number         0  heapauxi.o ABSOLUTE
    ../clib/libinit.s                        0x00000000   Number         0  libinit.o ABSOLUTE
    ../clib/libinit.s                        0x00000000   Number         0  libinit2.o ABSOLUTE
    ../clib/libinit.s                        0x00000000   Number         0  libshutdown2.o ABSOLUTE
    ../clib/libinit.s                        0x00000000   Number         0  libshutdown.o ABSOLUTE
    ../clib/locale.s                         0x00000000   Number         0  lc_numeric_c.o ABSOLUTE
    ../clib/longlong.s                       0x00000000   Number         0  lludiv10.o ABSOLUTE
    ../clib/memcpset.s                       0x00000000   Number         0  rt_memclr_w.o ABSOLUTE
    ../clib/memcpset.s                       0x00000000   Number         0  rt_memcpy_w.o ABSOLUTE
    ../clib/memcpset.s                       0x00000000   Number         0  strcmpv7m.o ABSOLUTE
    ../clib/memcpset.s                       0x00000000   Number         0  rt_memcpy_v6.o ABSOLUTE
    ../clib/printf.c                         0x00000000   Number         0  __printf_flags_wp.o ABSOLUTE
    ../clib/printf.c                         0x00000000   Number         0  __printf_ss_wp.o ABSOLUTE
    ../clib/printf.c                         0x00000000   Number         0  __printf_flags_ss_wp.o ABSOLUTE
    ../clib/printf.c                         0x00000000   Number         0  _printf_char_file_locked.o ABSOLUTE
    ../clib/printf.c                         0x00000000   Number         0  __2printf.o ABSOLUTE
    ../clib/printf.c                         0x00000000   Number         0  _printf_intcommon.o ABSOLUTE
    ../clib/printf.c                         0x00000000   Number         0  _printf_fp_dec.o ABSOLUTE
    ../clib/printf.c                         0x00000000   Number         0  _printf_char_file.o ABSOLUTE
    ../clib/printf.c                         0x00000000   Number         0  __printf_nopercent.o ABSOLUTE
    ../clib/printf.c                         0x00000000   Number         0  noretval__2printf.o ABSOLUTE
    ../clib/printf.c                         0x00000000   Number         0  __printf.o ABSOLUTE
    ../clib/printf.c                         0x00000000   Number         0  _printf_fp_infnan.o ABSOLUTE
    ../clib/printf.c                         0x00000000   Number         0  _printf_dec.o ABSOLUTE
    ../clib/printf.c                         0x00000000   Number         0  _printf_char_common.o ABSOLUTE
    ../clib/printf.c                         0x00000000   Number         0  __printf_flags.o ABSOLUTE
    ../clib/printf.c                         0x00000000   Number         0  __printf_ss.o ABSOLUTE
    ../clib/printf.c                         0x00000000   Number         0  __printf_flags_ss.o ABSOLUTE
    ../clib/printf.c                         0x00000000   Number         0  __printf_wp.o ABSOLUTE
    ../clib/printf_percent.s                 0x00000000   Number         0  _printf_percent_end.o ABSOLUTE
    ../clib/printf_percent.s                 0x00000000   Number         0  _printf_percent.o ABSOLUTE
    ../clib/printf_percent.s                 0x00000000   Number         0  _printf_f.o ABSOLUTE
    ../clib/printf_percent.s                 0x00000000   Number         0  _printf_d.o ABSOLUTE
    ../clib/signal.c                         0x00000000   Number         0  defsig_rtred_outer.o ABSOLUTE
    ../clib/signal.c                         0x00000000   Number         0  defsig_general.o ABSOLUTE
    ../clib/signal.c                         0x00000000   Number         0  defsig_other.o ABSOLUTE
    ../clib/signal.c                         0x00000000   Number         0  __raise.o ABSOLUTE
    ../clib/signal.c                         0x00000000   Number         0  defsig_rtmem_outer.o ABSOLUTE
    ../clib/signal.c                         0x00000000   Number         0  defsig_pvfn_inner.o ABSOLUTE
    ../clib/signal.c                         0x00000000   Number         0  defsig_segv_inner.o ABSOLUTE
    ../clib/signal.c                         0x00000000   Number         0  defsig_rtmem_formal.o ABSOLUTE
    ../clib/signal.c                         0x00000000   Number         0  defsig_abrt_inner.o ABSOLUTE
    ../clib/signal.c                         0x00000000   Number         0  defsig_fpe_inner.o ABSOLUTE
    ../clib/signal.c                         0x00000000   Number         0  defsig_rtmem_inner.o ABSOLUTE
    ../clib/signal.c                         0x00000000   Number         0  defsig_rtred_formal.o ABSOLUTE
    ../clib/signal.c                         0x00000000   Number         0  defsig_stak_inner.o ABSOLUTE
    ../clib/signal.c                         0x00000000   Number         0  defsig_exit.o ABSOLUTE
    ../clib/signal.c                         0x00000000   Number         0  defsig_cppl_inner.o ABSOLUTE
    ../clib/signal.c                         0x00000000   Number         0  defsig_rtred_inner.o ABSOLUTE
    ../clib/signal.s                         0x00000000   Number         0  defsig.o ABSOLUTE
    ../clib/stdio.c                          0x00000000   Number         0  stdio_streams.o ABSOLUTE
    ../clib/stdio.c                          0x00000000   Number         0  fflush_locked.o ABSOLUTE
    ../clib/stdio.c                          0x00000000   Number         0  fputs_locked.o ABSOLUTE
    ../clib/stdio.c                          0x00000000   Number         0  fwritefast_locked.o ABSOLUTE
    ../clib/stdio.c                          0x00000000   Number         0  fopen_locked.o ABSOLUTE
    ../clib/stdio.c                          0x00000000   Number         0  setvbuf_locked.o ABSOLUTE
    ../clib/stdio.c                          0x00000000   Number         0  fclose.o ABSOLUTE
    ../clib/stdio.c                          0x00000000   Number         0  fopen.o ABSOLUTE
    ../clib/stdio.c                          0x00000000   Number         0  streamlock.o ABSOLUTE
    ../clib/stdio.c                          0x00000000   Number         0  flsbuf.o ABSOLUTE
    ../clib/stdio.c                          0x00000000   Number         0  fputc.o ABSOLUTE
    ../clib/stdio.c                          0x00000000   Number         0  initio_locked.o ABSOLUTE
    ../clib/stdio.c                          0x00000000   Number         0  setvbuf.o ABSOLUTE
    ../clib/stdio.c                          0x00000000   Number         0  fputc_locked.o ABSOLUTE
    ../clib/stdio.c                          0x00000000   Number         0  initio.o ABSOLUTE
    ../clib/stdio.c                          0x00000000   Number         0  ferror.o ABSOLUTE
    ../clib/stdio.c                          0x00000000   Number         0  fwritefast.o ABSOLUTE
    ../clib/stdio.c                          0x00000000   Number         0  ftell.o ABSOLUTE
    ../clib/stdio.c                          0x00000000   Number         0  fseek.o ABSOLUTE
    ../clib/stdio.c                          0x00000000   Number         0  stdio.o ABSOLUTE
    ../clib/stdio.c                          0x00000000   Number         0  fputs.o ABSOLUTE
    ../clib/stdio.c                          0x00000000   Number         0  fflush.o ABSOLUTE
    ../clib/stdio.c                          0x00000000   Number         0  ferror_locked.o ABSOLUTE
    ../clib/stdlib.c                         0x00000000   Number         0  exit.o ABSOLUTE
    ../clib/wchar.c                          0x00000000   Number         0  flsbuf_fwide.o ABSOLUTE
    ../fplib/dretinf.s                       0x00000000   Number         0  dretinf.o ABSOLUTE
    ../fplib/f2d.s                           0x00000000   Number         0  f2d.o ABSOLUTE
    ../fplib/fnaninf.s                       0x00000000   Number         0  fnaninf.o ABSOLUTE
    ../fplib/fpinit.s                        0x00000000   Number         0  fpinit.o ABSOLUTE
    ../fplib/istatus.s                       0x00000000   Number         0  istatus.o ABSOLUTE
    ../fplib/printf1.s                       0x00000000   Number         0  printf1.o ABSOLUTE
    ../fplib/usenofp.s                       0x00000000   Number         0  usenofp.o ABSOLUTE
    ../mathlib/fpclassify.c                  0x00000000   Number         0  fpclassify.o ABSOLUTE
    C:\Keil_v5\ARM\PACK\Keil\ARM_Compiler\1.4.0\Source\retarget_io.c 0x00000000   Number         0  retarget_io.o ABSOLUTE
    RTE\Device\ARMCM4_FP\startup_ARMCM4.s    0x00000000   Number         0  startup_armcm4.o ABSOLUTE
    RTE\Device\ARMCM4_FP\system_ARMCM4.c     0x00000000   Number         0  system_armcm4.o ABSOLUTE
    RTE\\Device\\ARMCM4_FP\\system_ARMCM4.c  0x00000000   Number         0  system_armcm4.o ABSOLUTE
    asm\add_asm.s                            0x00000000   Number         0  add_asm.o ABSOLUTE
    asm\filter_s.s                           0x00000000   Number         0  filter_s.o ABSOLUTE
    dc.s                                     0x00000000   Number         0  dc.o ABSOLUTE
    src\add_c.c                              0x00000000   Number         0  add_c.o ABSOLUTE
    src\filter.c                             0x00000000   Number         0  filter.o ABSOLUTE
    src\main.c                               0x00000000   Number         0  main.o ABSOLUTE
    !!!main                                  0x000000c0   Section        8  __main.o(!!!main)
    !!!scatter                               0x000000c8   Section       52  __scatter.o(!!!scatter)
    !!handler_copy                           0x000000fc   Section       26  __scatter_copy.o(!!handler_copy)
    !!handler_zi                             0x00000118   Section       28  __scatter_zi.o(!!handler_zi)
    .ARM.Collect$$_printf_percent$$00000000  0x00000134   Section        0  _printf_percent.o(.ARM.Collect$$_printf_percent$$00000000)
    .ARM.Collect$$_printf_percent$$00000003  0x00000134   Section        6  _printf_f.o(.ARM.Collect$$_printf_percent$$00000003)
    .ARM.Collect$$_printf_percent$$00000009  0x0000013a   Section        6  _printf_d.o(.ARM.Collect$$_printf_percent$$00000009)
    .ARM.Collect$$_printf_percent$$00000017  0x00000140   Section        4  _printf_percent_end.o(.ARM.Collect$$_printf_percent$$00000017)
    .ARM.Collect$$libinit$$00000000          0x00000144   Section        2  libinit.o(.ARM.Collect$$libinit$$00000000)
    .ARM.Collect$$libinit$$00000001          0x00000146   Section        4  libinit2.o(.ARM.Collect$$libinit$$00000001)
    .ARM.Collect$$libinit$$00000004          0x0000014a   Section        0  libinit2.o(.ARM.Collect$$libinit$$00000004)
    .ARM.Collect$$libinit$$00000005          0x0000014a   Section        8  libinit2.o(.ARM.Collect$$libinit$$00000005)
    .ARM.Collect$$libinit$$0000000A          0x00000152   Section        0  libinit2.o(.ARM.Collect$$libinit$$0000000A)
    .ARM.Collect$$libinit$$0000000C          0x00000152   Section        0  libinit2.o(.ARM.Collect$$libinit$$0000000C)
    .ARM.Collect$$libinit$$0000000E          0x00000152   Section        0  libinit2.o(.ARM.Collect$$libinit$$0000000E)
    .ARM.Collect$$libinit$$0000000F          0x00000152   Section        6  libinit2.o(.ARM.Collect$$libinit$$0000000F)
    .ARM.Collect$$libinit$$00000011          0x00000158   Section        0  libinit2.o(.ARM.Collect$$libinit$$00000011)
    .ARM.Collect$$libinit$$00000013          0x00000158   Section        0  libinit2.o(.ARM.Collect$$libinit$$00000013)
    .ARM.Collect$$libinit$$00000015          0x00000158   Section        0  libinit2.o(.ARM.Collect$$libinit$$00000015)
    .ARM.Collect$$libinit$$00000016          0x00000158   Section       10  libinit2.o(.ARM.Collect$$libinit$$00000016)
    .ARM.Collect$$libinit$$00000017          0x00000162   Section        0  libinit2.o(.ARM.Collect$$libinit$$00000017)
    .ARM.Collect$$libinit$$00000019          0x00000162   Section        0  libinit2.o(.ARM.Collect$$libinit$$00000019)
    .ARM.Collect$$libinit$$0000001B          0x00000162   Section        0  libinit2.o(.ARM.Collect$$libinit$$0000001B)
    .ARM.Collect$$libinit$$0000001D          0x00000162   Section        0  libinit2.o(.ARM.Collect$$libinit$$0000001D)
    .ARM.Collect$$libinit$$0000001F          0x00000162   Section        0  libinit2.o(.ARM.Collect$$libinit$$0000001F)
    .ARM.Collect$$libinit$$00000021          0x00000162   Section        0  libinit2.o(.ARM.Collect$$libinit$$00000021)
    .ARM.Collect$$libinit$$00000023          0x00000162   Section        0  libinit2.o(.ARM.Collect$$libinit$$00000023)
    .ARM.Collect$$libinit$$00000024          0x00000162   Section        4  libinit2.o(.ARM.Collect$$libinit$$00000024)
    .ARM.Collect$$libinit$$00000025          0x00000166   Section        0  libinit2.o(.ARM.Collect$$libinit$$00000025)
    .ARM.Collect$$libinit$$0000002C          0x00000166   Section        0  libinit2.o(.ARM.Collect$$libinit$$0000002C)
    .ARM.Collect$$libinit$$0000002E          0x00000166   Section        0  libinit2.o(.ARM.Collect$$libinit$$0000002E)
    .ARM.Collect$$libinit$$00000030          0x00000166   Section        0  libinit2.o(.ARM.Collect$$libinit$$00000030)
    .ARM.Collect$$libinit$$00000032          0x00000166   Section        0  libinit2.o(.ARM.Collect$$libinit$$00000032)
    .ARM.Collect$$libinit$$00000033          0x00000166   Section        2  libinit2.o(.ARM.Collect$$libinit$$00000033)
    .ARM.Collect$$libshutdown$$00000000      0x00000168   Section        2  libshutdown.o(.ARM.Collect$$libshutdown$$00000000)
    .ARM.Collect$$libshutdown$$00000002      0x0000016a   Section        4  libshutdown2.o(.ARM.Collect$$libshutdown$$00000002)
    .ARM.Collect$$libshutdown$$00000003      0x0000016e   Section        0  libshutdown2.o(.ARM.Collect$$libshutdown$$00000003)
    .ARM.Collect$$libshutdown$$00000006      0x0000016e   Section        0  libshutdown2.o(.ARM.Collect$$libshutdown$$00000006)
    .ARM.Collect$$libshutdown$$00000009      0x0000016e   Section        0  libshutdown2.o(.ARM.Collect$$libshutdown$$00000009)
    .ARM.Collect$$libshutdown$$0000000B      0x0000016e   Section        0  libshutdown2.o(.ARM.Collect$$libshutdown$$0000000B)
    .ARM.Collect$$libshutdown$$0000000E      0x0000016e   Section        0  libshutdown2.o(.ARM.Collect$$libshutdown$$0000000E)
    .ARM.Collect$$libshutdown$$0000000F      0x0000016e   Section        2  libshutdown2.o(.ARM.Collect$$libshutdown$$0000000F)
    .ARM.Collect$$rtentry$$00000000          0x00000170   Section        0  __rtentry.o(.ARM.Collect$$rtentry$$00000000)
    .ARM.Collect$$rtentry$$00000002          0x00000170   Section        0  __rtentry2.o(.ARM.Collect$$rtentry$$00000002)
    .ARM.Collect$$rtentry$$00000004          0x00000170   Section        6  __rtentry4.o(.ARM.Collect$$rtentry$$00000004)
    .ARM.Collect$$rtentry$$00000009          0x00000176   Section        0  __rtentry2.o(.ARM.Collect$$rtentry$$00000009)
    .ARM.Collect$$rtentry$$0000000A          0x00000176   Section        4  __rtentry2.o(.ARM.Collect$$rtentry$$0000000A)
    .ARM.Collect$$rtentry$$0000000C          0x0000017a   Section        0  __rtentry2.o(.ARM.Collect$$rtentry$$0000000C)
    .ARM.Collect$$rtentry$$0000000D          0x0000017a   Section        8  __rtentry2.o(.ARM.Collect$$rtentry$$0000000D)
    .ARM.Collect$$rtexit$$00000000           0x00000182   Section        2  rtexit.o(.ARM.Collect$$rtexit$$00000000)
    .ARM.Collect$$rtexit$$00000002           0x00000184   Section        0  rtexit2.o(.ARM.Collect$$rtexit$$00000002)
    .ARM.Collect$$rtexit$$00000003           0x00000184   Section        4  rtexit2.o(.ARM.Collect$$rtexit$$00000003)
    .ARM.Collect$$rtexit$$00000004           0x00000188   Section        6  rtexit2.o(.ARM.Collect$$rtexit$$00000004)
    .emb_text                                0x00000190   Section        0  maybetermalloc1.o(.emb_text)
    .text                                    0x00000190   Section       64  startup_armcm4.o(.text)
    $v0                                      0x00000190   Number         0  startup_armcm4.o(.text)
    .text                                    0x000001d0   Section        0  h1_alloc.o(.text)
    .text                                    0x00000230   Section        0  noretval__2printf.o(.text)
    .text                                    0x00000248   Section        0  __printf.o(.text)
    .text                                    0x000002b0   Section        0  _printf_dec.o(.text)
    .text                                    0x00000328   Section      100  rt_memcpy_w.o(.text)
    .text                                    0x0000038c   Section      128  strcmpv7m.o(.text)
    .text                                    0x0000040c   Section        0  heapauxi.o(.text)
    .text                                    0x00000414   Section        8  rt_heap_descriptor_intlibspace.o(.text)
    .text                                    0x0000041c   Section        0  hguard.o(.text)
    .text                                    0x00000420   Section        0  init_alloc.o(.text)
    .text                                    0x000004aa   Section        0  h1_init.o(.text)
    .text                                    0x000004b8   Section        0  h1_free.o(.text)
    .text                                    0x00000506   Section        0  _printf_intcommon.o(.text)
    .text                                    0x000005b8   Section        0  _printf_fp_dec.o(.text)
    _fp_digits                               0x000005bb   Thumb Code   428  _printf_fp_dec.o(.text)
    .text                                    0x000009d4   Section        0  _printf_char_file.o(.text)
    .text                                    0x000009f8   Section        8  libspace.o(.text)
    .text                                    0x00000a00   Section        8  rt_locale_intlibspace.o(.text)
    .text                                    0x00000a08   Section        0  h1_extend.o(.text)
    .text                                    0x00000a3c   Section      138  lludiv10.o(.text)
    .text                                    0x00000ac8   Section        0  _printf_char_common.o(.text)
    _printf_input_char                       0x00000ac9   Thumb Code    10  _printf_char_common.o(.text)
    .text                                    0x00000af8   Section        0  _printf_fp_infnan.o(.text)
    .text                                    0x00000b78   Section        0  bigflt0.o(.text)
    .text                                    0x00000c54   Section        0  ferror.o(.text)
    .text                                    0x00000c5c   Section        0  initio.o(.text)
    .text                                    0x00000d94   Section        0  defsig_rtmem_outer.o(.text)
    .text                                    0x00000da2   Section        2  use_no_semi.o(.text)
    .text                                    0x00000da4   Section        0  indicate_semi.o(.text)
    .text                                    0x00000da4   Section       74  sys_stackheap_outer.o(.text)
    .text                                    0x00000dee   Section        0  flsbuf.o(.text)
    .text                                    0x00000fc4   Section        0  setvbuf.o(.text)
    .text                                    0x0000100c   Section        0  fopen.o(.text)
    _freopen_locked                          0x0000100d   Thumb Code     0  fopen.o(.text)
    .text                                    0x000010f8   Section        0  fclose.o(.text)
    .text                                    0x00001144   Section        0  exit.o(.text)
    .text                                    0x00001150   Section        0  defsig_exit.o(.text)
    .text                                    0x0000115a   Section        0  defsig_rtred_outer.o(.text)
    .text                                    0x00001168   Section        0  defsig_rtmem_inner.o(.text)
    .text                                    0x000011b8   Section       78  rt_memclr_w.o(.text)
    .text                                    0x00001208   Section        0  sys_exit.o(.text)
    .text                                    0x00001214   Section        0  fseek.o(.text)
    .text                                    0x0000130c   Section        0  stdio.o(.text)
    .text                                    0x000013fc   Section        0  defsig_general.o(.text)
    .text                                    0x00001430   Section        0  defsig_rtred_inner.o(.text)
    .text                                    0x00001464   Section        0  sys_wrch.o(.text)
    .text                                    0x00001472   Section        0  ftell.o(.text)
    .text                                    0x000014b4   Section        8  rt_errno_addr_intlibspace.o(.text)
    CL$$btod_d2e                             0x000014bc   Section       62  btod.o(CL$$btod_d2e)
    CL$$btod_d2e_denorm_low                  0x000014fa   Section       70  btod.o(CL$$btod_d2e_denorm_low)
    CL$$btod_d2e_norm_op1                    0x00001540   Section       96  btod.o(CL$$btod_d2e_norm_op1)
    CL$$btod_div_common                      0x000015a0   Section      824  btod.o(CL$$btod_div_common)
    CL$$btod_e2e                             0x000018d8   Section      198  btod.o(CL$$btod_e2e)
    CL$$btod_ediv                            0x0000199e   Section       40  btod.o(CL$$btod_ediv)
    CL$$btod_emul                            0x000019c6   Section       40  btod.o(CL$$btod_emul)
    CL$$btod_mult_common                     0x000019ee   Section      580  btod.o(CL$$btod_mult_common)
    i.ITM_SendChar                           0x00001c34   Section        0  retarget_io.o(i.ITM_SendChar)
    i.SystemInit                             0x00001c64   Section        0  system_armcm4.o(i.SystemInit)
    i.__ARM_fpclassify                       0x00001c94   Section        0  fpclassify.o(i.__ARM_fpclassify)
    i._sys_close                             0x00001cc4   Section        0  retarget_io.o(i._sys_close)
    i._sys_flen                              0x00001cea   Section        0  retarget_io.o(i._sys_flen)
    i._sys_istty                             0x00001d0e   Section        0  retarget_io.o(i._sys_istty)
    i._sys_open                              0x00001d34   Section        0  retarget_io.o(i._sys_open)
    i._sys_seek                              0x00001d9c   Section        0  retarget_io.o(i._sys_seek)
    i._sys_write                             0x00001dc8   Section        0  retarget_io.o(i._sys_write)
    i.filter                                 0x00001e10   Section        0  filter.o(i.filter)
    i.fputc                                  0x00001fac   Section        0  fputc.o(i.fputc)
    i.main                                   0x00001fc8   Section        0  main.o(i.main)
    i.stdout_putchar                         0x00001ff4   Section        0  retarget_io.o(i.stdout_putchar)
    stdout_putchar                           0x00001ff5   Thumb Code    12  retarget_io.o(i.stdout_putchar)
    locale$$code                             0x00002000   Section       44  lc_numeric_c.o(locale$$code)
    x$fpl$dretinf                            0x0000202c   Section       12  dretinf.o(x$fpl$dretinf)
    $v0                                      0x0000202c   Number         0  dretinf.o(x$fpl$dretinf)
    x$fpl$f2d                                0x00002038   Section       86  f2d.o(x$fpl$f2d)
    $v0                                      0x00002038   Number         0  f2d.o(x$fpl$f2d)
    x$fpl$fnaninf                            0x0000208e   Section      140  fnaninf.o(x$fpl$fnaninf)
    $v0                                      0x0000208e   Number         0  fnaninf.o(x$fpl$fnaninf)
    x$fpl$fpinit                             0x0000211a   Section       10  fpinit.o(x$fpl$fpinit)
    $v0                                      0x0000211a   Number         0  fpinit.o(x$fpl$fpinit)
    x$fpl$printf1                            0x00002124   Section        4  printf1.o(x$fpl$printf1)
    $v0                                      0x00002124   Number         0  printf1.o(x$fpl$printf1)
    .constdata                               0x00002128   Section       24  main.o(.constdata)
    x$fpl$usenofp                            0x00002128   Section        0  usenofp.o(x$fpl$usenofp)
    .constdata                               0x00002140   Section       23  retarget_io.o(.constdata)
    .constdata                               0x00002158   Section      148  bigflt0.o(.constdata)
    tenpwrs_x                                0x00002158   Data          60  bigflt0.o(.constdata)
    tenpwrs_i                                0x00002194   Data          64  bigflt0.o(.constdata)
    locale$$data                             0x0000220c   Section       28  lc_numeric_c.o(locale$$data)
    __lcnum_c_name                           0x00002210   Data           2  lc_numeric_c.o(locale$$data)
    __lcnum_c_start                          0x00002218   Data           0  lc_numeric_c.o(locale$$data)
    __lcnum_c_point                          0x00002224   Data           0  lc_numeric_c.o(locale$$data)
    __lcnum_c_thousands                      0x00002226   Data           0  lc_numeric_c.o(locale$$data)
    __lcnum_c_grouping                       0x00002227   Data           0  lc_numeric_c.o(locale$$data)
    __lcnum_c_end                            0x00002228   Data           0  lc_numeric_c.o(locale$$data)
    .data                                    0x20000000   Section        4  system_armcm4.o(.data)
    .data                                    0x20000004   Section        4  stdio_streams.o(.data)
    .data                                    0x20000008   Section        4  stdio_streams.o(.data)
    .data                                    0x2000000c   Section        4  stdio_streams.o(.data)
    .bss                                     0x20000010   Section       84  stdio_streams.o(.bss)
    .bss                                     0x20000064   Section       84  stdio_streams.o(.bss)
    .bss                                     0x200000b8   Section       84  stdio_streams.o(.bss)
    .bss                                     0x2000010c   Section       96  libspace.o(.bss)
    HEAP                                     0x20000170   Section     3072  startup_armcm4.o(HEAP)
    Heap_Mem                                 0x20000170   Data        3072  startup_armcm4.o(HEAP)
    STACK                                    0x20000d70   Section     1024  startup_armcm4.o(STACK)
    Stack_Mem                                0x20000d70   Data        1024  startup_armcm4.o(STACK)
    __initial_sp                             0x20001170   Data           0  startup_armcm4.o(STACK)

    Global Symbols

    Symbol Name                              Value     Ov Type        Size  Object(Section)

    BuildAttributes$$THM_ISAv4$E$P$D$K$B$S$7EM$VFPi3$EXTD16$VFPS$VFMA$PE$A:L22UL41UL21$X:L11$S22US41US21$IEEE1$IW$USESV6$~STKCKD$USESV7$~SHL$OTIME$ROPI$IEEEJ$EBA8$UX$STANDARDLIB$REQ8$PRES8$EABIv2 0x00000000   Number         0  anon$$obj.o ABSOLUTE
    __ARM_use_no_argv                        0x00000000   Number         0  main.o ABSOLUTE
    __Vectors                                0x00000000   Data           4  startup_armcm4.o(RESET)
    __ARM_exceptions_init                     - Undefined Weak Reference
    __alloca_initialize                       - Undefined Weak Reference
    __arm_preinit_                            - Undefined Weak Reference
    __cpp_initialize__aeabi_                  - Undefined Weak Reference
    __cxa_finalize                            - Undefined Weak Reference
    __sigvec_lookup                           - Undefined Weak Reference
    __user_heap_extent                        - Undefined Weak Reference
    _atexit_init                              - Undefined Weak Reference
    _call_atexit_fns                          - Undefined Weak Reference
    _clock_init                               - Undefined Weak Reference
    _fp_trap_init                             - Undefined Weak Reference
    _fp_trap_shutdown                         - Undefined Weak Reference
    _get_lc_collate                           - Undefined Weak Reference
    _get_lc_ctype                             - Undefined Weak Reference
    _get_lc_monetary                          - Undefined Weak Reference
    _get_lc_time                              - Undefined Weak Reference
    _getenv_init                              - Undefined Weak Reference
    _handle_redirection                       - Undefined Weak Reference
    _mutex_acquire                            - Undefined Weak Reference
    _mutex_free                               - Undefined Weak Reference
    _mutex_release                            - Undefined Weak Reference
    _printf_post_padding                      - Undefined Weak Reference
    _printf_pre_padding                       - Undefined Weak Reference
    _printf_truncate_signed                   - Undefined Weak Reference
    _printf_truncate_unsigned                 - Undefined Weak Reference
    _rand_init                                - Undefined Weak Reference
    _signal_finish                            - Undefined Weak Reference
    _signal_init                              - Undefined Weak Reference
    __Vectors_End                            0x000000c0   Data           0  startup_armcm4.o(RESET)
    __Vectors_Size                           0x000000c0   Number         0  startup_armcm4.o ABSOLUTE
    __main                                   0x000000c1   Thumb Code     8  __main.o(!!!main)
    __scatterload                            0x000000c9   Thumb Code     0  __scatter.o(!!!scatter)
    __scatterload_rt2                        0x000000c9   Thumb Code    44  __scatter.o(!!!scatter)
    __scatterload_rt2_thumb_only             0x000000c9   Thumb Code     0  __scatter.o(!!!scatter)
    __scatterload_null                       0x000000d7   Thumb Code     0  __scatter.o(!!!scatter)
    __scatterload_copy                       0x000000fd   Thumb Code    26  __scatter_copy.o(!!handler_copy)
    __scatterload_zeroinit                   0x00000119   Thumb Code    28  __scatter_zi.o(!!handler_zi)
    _printf_f                                0x00000135   Thumb Code     0  _printf_f.o(.ARM.Collect$$_printf_percent$$00000003)
    _printf_percent                          0x00000135   Thumb Code     0  _printf_percent.o(.ARM.Collect$$_printf_percent$$00000000)
    _printf_d                                0x0000013b   Thumb Code     0  _printf_d.o(.ARM.Collect$$_printf_percent$$00000009)
    _printf_percent_end                      0x00000141   Thumb Code     0  _printf_percent_end.o(.ARM.Collect$$_printf_percent$$00000017)
    __rt_lib_init                            0x00000145   Thumb Code     0  libinit.o(.ARM.Collect$$libinit$$00000000)
    __rt_lib_init_fp_1                       0x00000147   Thumb Code     0  libinit2.o(.ARM.Collect$$libinit$$00000001)
    __rt_lib_init_heap_2                     0x0000014b   Thumb Code     0  libinit2.o(.ARM.Collect$$libinit$$00000005)
    __rt_lib_init_preinit_1                  0x0000014b   Thumb Code     0  libinit2.o(.ARM.Collect$$libinit$$00000004)
    __rt_lib_init_heap_1                     0x00000153   Thumb Code     0  libinit2.o(.ARM.Collect$$libinit$$0000000A)
    __rt_lib_init_lc_common                  0x00000153   Thumb Code     0  libinit2.o(.ARM.Collect$$libinit$$0000000F)
    __rt_lib_init_rand_1                     0x00000153   Thumb Code     0  libinit2.o(.ARM.Collect$$libinit$$0000000E)
    __rt_lib_init_user_alloc_1               0x00000153   Thumb Code     0  libinit2.o(.ARM.Collect$$libinit$$0000000C)
    __rt_lib_init_lc_collate_1               0x00000159   Thumb Code     0  libinit2.o(.ARM.Collect$$libinit$$00000011)
    __rt_lib_init_lc_ctype_1                 0x00000159   Thumb Code     0  libinit2.o(.ARM.Collect$$libinit$$00000013)
    __rt_lib_init_lc_monetary_1              0x00000159   Thumb Code     0  libinit2.o(.ARM.Collect$$libinit$$00000015)
    __rt_lib_init_lc_numeric_2               0x00000159   Thumb Code     0  libinit2.o(.ARM.Collect$$libinit$$00000016)
    __rt_lib_init_atexit_1                   0x00000163   Thumb Code     0  libinit2.o(.ARM.Collect$$libinit$$0000001B)
    __rt_lib_init_clock_1                    0x00000163   Thumb Code     0  libinit2.o(.ARM.Collect$$libinit$$00000021)
    __rt_lib_init_fp_trap_1                  0x00000163   Thumb Code     0  libinit2.o(.ARM.Collect$$libinit$$0000001F)
    __rt_lib_init_getenv_1                   0x00000163   Thumb Code     0  libinit2.o(.ARM.Collect$$libinit$$00000023)
    __rt_lib_init_lc_numeric_1               0x00000163   Thumb Code     0  libinit2.o(.ARM.Collect$$libinit$$00000017)
    __rt_lib_init_lc_time_1                  0x00000163   Thumb Code     0  libinit2.o(.ARM.Collect$$libinit$$00000019)
    __rt_lib_init_signal_1                   0x00000163   Thumb Code     0  libinit2.o(.ARM.Collect$$libinit$$0000001D)
    __rt_lib_init_stdio_2                    0x00000163   Thumb Code     0  libinit2.o(.ARM.Collect$$libinit$$00000024)
    __rt_lib_init_alloca_1                   0x00000167   Thumb Code     0  libinit2.o(.ARM.Collect$$libinit$$0000002E)
    __rt_lib_init_argv_1                     0x00000167   Thumb Code     0  libinit2.o(.ARM.Collect$$libinit$$0000002C)
    __rt_lib_init_cpp_1                      0x00000167   Thumb Code     0  libinit2.o(.ARM.Collect$$libinit$$00000032)
    __rt_lib_init_exceptions_1               0x00000167   Thumb Code     0  libinit2.o(.ARM.Collect$$libinit$$00000030)
    __rt_lib_init_return                     0x00000167   Thumb Code     0  libinit2.o(.ARM.Collect$$libinit$$00000033)
    __rt_lib_init_stdio_1                    0x00000167   Thumb Code     0  libinit2.o(.ARM.Collect$$libinit$$00000025)
    __rt_lib_shutdown                        0x00000169   Thumb Code     0  libshutdown.o(.ARM.Collect$$libshutdown$$00000000)
    __rt_lib_shutdown_stdio_2                0x0000016b   Thumb Code     0  libshutdown2.o(.ARM.Collect$$libshutdown$$00000002)
    __rt_lib_shutdown_fp_trap_1              0x0000016f   Thumb Code     0  libshutdown2.o(.ARM.Collect$$libshutdown$$00000006)
    __rt_lib_shutdown_heap_1                 0x0000016f   Thumb Code     0  libshutdown2.o(.ARM.Collect$$libshutdown$$0000000E)
    __rt_lib_shutdown_return                 0x0000016f   Thumb Code     0  libshutdown2.o(.ARM.Collect$$libshutdown$$0000000F)
    __rt_lib_shutdown_signal_1               0x0000016f   Thumb Code     0  libshutdown2.o(.ARM.Collect$$libshutdown$$00000009)
    __rt_lib_shutdown_stdio_1                0x0000016f   Thumb Code     0  libshutdown2.o(.ARM.Collect$$libshutdown$$00000003)
    __rt_lib_shutdown_user_alloc_1           0x0000016f   Thumb Code     0  libshutdown2.o(.ARM.Collect$$libshutdown$$0000000B)
    __rt_entry                               0x00000171   Thumb Code     0  __rtentry.o(.ARM.Collect$$rtentry$$00000000)
    __rt_entry_presh_1                       0x00000171   Thumb Code     0  __rtentry2.o(.ARM.Collect$$rtentry$$00000002)
    __rt_entry_sh                            0x00000171   Thumb Code     0  __rtentry4.o(.ARM.Collect$$rtentry$$00000004)
    __rt_entry_li                            0x00000177   Thumb Code     0  __rtentry2.o(.ARM.Collect$$rtentry$$0000000A)
    __rt_entry_postsh_1                      0x00000177   Thumb Code     0  __rtentry2.o(.ARM.Collect$$rtentry$$00000009)
    __rt_entry_main                          0x0000017b   Thumb Code     0  __rtentry2.o(.ARM.Collect$$rtentry$$0000000D)
    __rt_entry_postli_1                      0x0000017b   Thumb Code     0  __rtentry2.o(.ARM.Collect$$rtentry$$0000000C)
    __rt_exit                                0x00000183   Thumb Code     0  rtexit.o(.ARM.Collect$$rtexit$$00000000)
    __rt_exit_ls                             0x00000185   Thumb Code     0  rtexit2.o(.ARM.Collect$$rtexit$$00000003)
    __rt_exit_prels_1                        0x00000185   Thumb Code     0  rtexit2.o(.ARM.Collect$$rtexit$$00000002)
    __rt_exit_exit                           0x00000189   Thumb Code     0  rtexit2.o(.ARM.Collect$$rtexit$$00000004)
    Reset_Handler                            0x00000191   Thumb Code     8  startup_armcm4.o(.text)
    _maybe_terminate_alloc                   0x00000191   Thumb Code     0  maybetermalloc1.o(.emb_text)
    NMI_Handler                              0x00000199   Thumb Code     2  startup_armcm4.o(.text)
    HardFault_Handler                        0x0000019b   Thumb Code     2  startup_armcm4.o(.text)
    MemManage_Handler                        0x0000019d   Thumb Code     2  startup_armcm4.o(.text)
    BusFault_Handler                         0x0000019f   Thumb Code     2  startup_armcm4.o(.text)
    UsageFault_Handler                       0x000001a1   Thumb Code     2  startup_armcm4.o(.text)
    SVC_Handler                              0x000001a3   Thumb Code     2  startup_armcm4.o(.text)
    DebugMon_Handler                         0x000001a5   Thumb Code     2  startup_armcm4.o(.text)
    PendSV_Handler                           0x000001a7   Thumb Code     2  startup_armcm4.o(.text)
    SysTick_Handler                          0x000001a9   Thumb Code     2  startup_armcm4.o(.text)
    AACI_IRQHandler                          0x000001ab   Thumb Code     0  startup_armcm4.o(.text)
    CAN_IRQHandler                           0x000001ab   Thumb Code     0  startup_armcm4.o(.text)
    CHLCD_IRQHandler                         0x000001ab   Thumb Code     0  startup_armcm4.o(.text)
    CLCD_IRQHandler                          0x000001ab   Thumb Code     0  startup_armcm4.o(.text)
    CPU_CLCD_IRQHandler                      0x000001ab   Thumb Code     0  startup_armcm4.o(.text)
    ENET_IRQHandler                          0x000001ab   Thumb Code     0  startup_armcm4.o(.text)
    FLEXRAY_IRQHandler                       0x000001ab   Thumb Code     0  startup_armcm4.o(.text)
    I2C_IRQHandler                           0x000001ab   Thumb Code     0  startup_armcm4.o(.text)
    LIN_IRQHandler                           0x000001ab   Thumb Code     0  startup_armcm4.o(.text)
    MCIA_IRQHandler                          0x000001ab   Thumb Code     0  startup_armcm4.o(.text)
    MCIB_IRQHandler                          0x000001ab   Thumb Code     0  startup_armcm4.o(.text)
    RTC_IRQHandler                           0x000001ab   Thumb Code     0  startup_armcm4.o(.text)
    SPI_IRQHandler                           0x000001ab   Thumb Code     0  startup_armcm4.o(.text)
    TIM0_IRQHandler                          0x000001ab   Thumb Code     0  startup_armcm4.o(.text)
    TIM2_IRQHandler                          0x000001ab   Thumb Code     0  startup_armcm4.o(.text)
    UART0_IRQHandler                         0x000001ab   Thumb Code     0  startup_armcm4.o(.text)
    UART1_IRQHandler                         0x000001ab   Thumb Code     0  startup_armcm4.o(.text)
    UART2_IRQHandler                         0x000001ab   Thumb Code     0  startup_armcm4.o(.text)
    UART3_IRQHandler                         0x000001ab   Thumb Code     0  startup_armcm4.o(.text)
    UART4_IRQHandler                         0x000001ab   Thumb Code     0  startup_armcm4.o(.text)
    USBDC_IRQHandler                         0x000001ab   Thumb Code     0  startup_armcm4.o(.text)
    USBHC_IRQHandler                         0x000001ab   Thumb Code     0  startup_armcm4.o(.text)
    WDT_IRQHandler                           0x000001ab   Thumb Code     0  startup_armcm4.o(.text)
    __user_initial_stackheap                 0x000001ad   Thumb Code    10  startup_armcm4.o(.text)
    malloc                                   0x000001d1   Thumb Code    94  h1_alloc.o(.text)
    __2printf                                0x00000231   Thumb Code    20  noretval__2printf.o(.text)
    __printf                                 0x00000249   Thumb Code   104  __printf.o(.text)
    _printf_int_dec                          0x000002b1   Thumb Code   104  _printf_dec.o(.text)
    __aeabi_memcpy4                          0x00000329   Thumb Code     0  rt_memcpy_w.o(.text)
    __aeabi_memcpy8                          0x00000329   Thumb Code     0  rt_memcpy_w.o(.text)
    __rt_memcpy_w                            0x00000329   Thumb Code   100  rt_memcpy_w.o(.text)
    _memcpy_lastbytes_aligned                0x00000371   Thumb Code     0  rt_memcpy_w.o(.text)
    strcmp                                   0x0000038d   Thumb Code   128  strcmpv7m.o(.text)
    __use_two_region_memory                  0x0000040d   Thumb Code     2  heapauxi.o(.text)
    __rt_heap_escrow                         0x0000040f   Thumb Code     2  heapauxi.o(.text)
    __rt_heap_expand                         0x00000411   Thumb Code     2  heapauxi.o(.text)
    __rt_heap_descriptor                     0x00000415   Thumb Code     8  rt_heap_descriptor_intlibspace.o(.text)
    __use_no_heap                            0x0000041d   Thumb Code     2  hguard.o(.text)
    __heap$guard                             0x0000041f   Thumb Code     2  hguard.o(.text)
    _terminate_user_alloc                    0x00000421   Thumb Code     2  init_alloc.o(.text)
    _init_user_alloc                         0x00000423   Thumb Code     2  init_alloc.o(.text)
    __Heap_Full                              0x00000425   Thumb Code    34  init_alloc.o(.text)
    __Heap_Broken                            0x00000447   Thumb Code     6  init_alloc.o(.text)
    _init_alloc                              0x0000044d   Thumb Code    94  init_alloc.o(.text)
    __Heap_Initialize                        0x000004ab   Thumb Code    10  h1_init.o(.text)
    __Heap_DescSize                          0x000004b5   Thumb Code     4  h1_init.o(.text)
    free                                     0x000004b9   Thumb Code    78  h1_free.o(.text)
    _printf_int_common                       0x00000507   Thumb Code   178  _printf_intcommon.o(.text)
    __lib_sel_fp_printf                      0x000005b9   Thumb Code     2  _printf_fp_dec.o(.text)
    _printf_fp_dec_real                      0x00000767   Thumb Code   620  _printf_fp_dec.o(.text)
    _printf_char_file                        0x000009d5   Thumb Code    32  _printf_char_file.o(.text)
    __user_libspace                          0x000009f9   Thumb Code     8  libspace.o(.text)
    __user_perproc_libspace                  0x000009f9   Thumb Code     0  libspace.o(.text)
    __user_perthread_libspace                0x000009f9   Thumb Code     0  libspace.o(.text)
    __rt_locale                              0x00000a01   Thumb Code     8  rt_locale_intlibspace.o(.text)
    __Heap_ProvideMemory                     0x00000a09   Thumb Code    52  h1_extend.o(.text)
    _ll_udiv10                               0x00000a3d   Thumb Code   138  lludiv10.o(.text)
    _printf_char_common                      0x00000ad3   Thumb Code    32  _printf_char_common.o(.text)
    _printf_fp_infnan                        0x00000af9   Thumb Code   112  _printf_fp_infnan.o(.text)
    _btod_etento                             0x00000b79   Thumb Code   216  bigflt0.o(.text)
    ferror                                   0x00000c55   Thumb Code     8  ferror.o(.text)
    _initio                                  0x00000c5d   Thumb Code   210  initio.o(.text)
    _terminateio                             0x00000d2f   Thumb Code    56  initio.o(.text)
    __rt_SIGRTMEM                            0x00000d95   Thumb Code    14  defsig_rtmem_outer.o(.text)
    __I$use$semihosting                      0x00000da3   Thumb Code     0  use_no_semi.o(.text)
    __use_no_semihosting_swi                 0x00000da3   Thumb Code     2  use_no_semi.o(.text)
    __semihosting_library_function           0x00000da5   Thumb Code     0  indicate_semi.o(.text)
    __user_setup_stackheap                   0x00000da5   Thumb Code    74  sys_stackheap_outer.o(.text)
    __flsbuf                                 0x00000def   Thumb Code   470  flsbuf.o(.text)
    __flsbuf_byte                            0x00000def   Thumb Code     0  flsbuf.o(.text)
    __flsbuf_wide                            0x00000def   Thumb Code     0  flsbuf.o(.text)
    setvbuf                                  0x00000fc5   Thumb Code    70  setvbuf.o(.text)
    freopen                                  0x0000100d   Thumb Code   158  fopen.o(.text)
    fopen                                    0x000010ab   Thumb Code    74  fopen.o(.text)
    _fclose_internal                         0x000010f9   Thumb Code    76  fclose.o(.text)
    fclose                                   0x000010f9   Thumb Code     0  fclose.o(.text)
    exit                                     0x00001145   Thumb Code    12  exit.o(.text)
    __sig_exit                               0x00001151   Thumb Code    10  defsig_exit.o(.text)
    __rt_SIGRTRED                            0x0000115b   Thumb Code    14  defsig_rtred_outer.o(.text)
    __rt_SIGRTMEM_inner                      0x00001169   Thumb Code    22  defsig_rtmem_inner.o(.text)
    __aeabi_memclr4                          0x000011b9   Thumb Code     0  rt_memclr_w.o(.text)
    __aeabi_memclr8                          0x000011b9   Thumb Code     0  rt_memclr_w.o(.text)
    __rt_memclr_w                            0x000011b9   Thumb Code    78  rt_memclr_w.o(.text)
    _memset_w                                0x000011bd   Thumb Code     0  rt_memclr_w.o(.text)
    _sys_exit                                0x00001209   Thumb Code     8  sys_exit.o(.text)
    _fseek                                   0x00001215   Thumb Code   242  fseek.o(.text)
    fseek                                    0x00001215   Thumb Code     0  fseek.o(.text)
    _seterr                                  0x0000130d   Thumb Code    20  stdio.o(.text)
    _writebuf                                0x00001321   Thumb Code    84  stdio.o(.text)
    _fflush                                  0x00001375   Thumb Code    70  stdio.o(.text)
    _deferredlazyseek                        0x000013bb   Thumb Code    60  stdio.o(.text)
    __default_signal_display                 0x000013fd   Thumb Code    50  defsig_general.o(.text)
    __rt_SIGRTRED_inner                      0x00001431   Thumb Code    14  defsig_rtred_inner.o(.text)
    _ttywrch                                 0x00001465   Thumb Code    14  sys_wrch.o(.text)
    _ftell_internal                          0x00001473   Thumb Code    66  ftell.o(.text)
    ftell                                    0x00001473   Thumb Code     0  ftell.o(.text)
    __aeabi_errno_addr                       0x000014b5   Thumb Code     8  rt_errno_addr_intlibspace.o(.text)
    __errno$intlibspace                      0x000014b5   Thumb Code     0  rt_errno_addr_intlibspace.o(.text)
    __rt_errno_addr$intlibspace              0x000014b5   Thumb Code     0  rt_errno_addr_intlibspace.o(.text)
    _btod_d2e                                0x000014bd   Thumb Code    62  btod.o(CL$$btod_d2e)
    _d2e_denorm_low                          0x000014fb   Thumb Code    70  btod.o(CL$$btod_d2e_denorm_low)
    _d2e_norm_op1                            0x00001541   Thumb Code    96  btod.o(CL$$btod_d2e_norm_op1)
    __btod_div_common                        0x000015a1   Thumb Code   696  btod.o(CL$$btod_div_common)
    _e2e                                     0x000018d9   Thumb Code   198  btod.o(CL$$btod_e2e)
    _btod_ediv                               0x0000199f   Thumb Code    40  btod.o(CL$$btod_ediv)
    _btod_emul                               0x000019c7   Thumb Code    40  btod.o(CL$$btod_emul)
    __btod_mult_common                       0x000019ef   Thumb Code   580  btod.o(CL$$btod_mult_common)
    ITM_SendChar                             0x00001c35   Thumb Code    42  retarget_io.o(i.ITM_SendChar)
    SystemInit                               0x00001c65   Thumb Code    30  system_armcm4.o(i.SystemInit)
    __ARM_fpclassify                         0x00001c95   Thumb Code    48  fpclassify.o(i.__ARM_fpclassify)
    _sys_close                               0x00001cc5   Thumb Code    38  retarget_io.o(i._sys_close)
    _sys_flen                                0x00001ceb   Thumb Code    36  retarget_io.o(i._sys_flen)
    _sys_istty                               0x00001d0f   Thumb Code    36  retarget_io.o(i._sys_istty)
    _sys_open                                0x00001d35   Thumb Code    80  retarget_io.o(i._sys_open)
    _sys_seek                                0x00001d9d   Thumb Code    44  retarget_io.o(i._sys_seek)
    _sys_write                               0x00001dc9   Thumb Code    70  retarget_io.o(i._sys_write)
    filter                                   0x00001e11   Thumb Code   314  filter.o(i.filter)
    fputc                                    0x00001fad   Thumb Code    26  fputc.o(i.fputc)
    main                                     0x00001fc9   Thumb Code    40  main.o(i.main)
    _get_lc_numeric                          0x00002001   Thumb Code    44  lc_numeric_c.o(locale$$code)
    __fpl_dretinf                            0x0000202d   Thumb Code    12  dretinf.o(x$fpl$dretinf)
    __aeabi_f2d                              0x00002039   Thumb Code     0  f2d.o(x$fpl$f2d)
    _f2d                                     0x00002039   Thumb Code    86  f2d.o(x$fpl$f2d)
    __fpl_fnaninf                            0x0000208f   Thumb Code   140  fnaninf.o(x$fpl$fnaninf)
    _fp_init                                 0x0000211b   Thumb Code    10  fpinit.o(x$fpl$fpinit)
    __fplib_config_fpu_vfp                   0x00002123   Thumb Code     0  fpinit.o(x$fpl$fpinit)
    __fplib_config_pureend_doubles           0x00002123   Thumb Code     0  fpinit.o(x$fpl$fpinit)
    _printf_fp_dec                           0x00002125   Thumb Code     4  printf1.o(x$fpl$printf1)
    __I$use$fp                               0x00002128   Number         0  usenofp.o(x$fpl$usenofp)
    __stdin_name                             0x00002140   Data           7  retarget_io.o(.constdata)
    __stdout_name                            0x00002147   Data           8  retarget_io.o(.constdata)
    __stderr_name                            0x0000214f   Data           8  retarget_io.o(.constdata)
    Region$$Table$$Base                      0x000021ec   Number         0  anon$$obj.o(Region$$Table)
    Region$$Table$$Limit                     0x0000220c   Number         0  anon$$obj.o(Region$$Table)
    SystemCoreClock                          0x20000000   Data           4  system_armcm4.o(.data)
    __aeabi_stdin                            0x20000004   Data           4  stdio_streams.o(.data)
    __aeabi_stdout                           0x20000008   Data           4  stdio_streams.o(.data)
    __aeabi_stderr                           0x2000000c   Data           4  stdio_streams.o(.data)
    __stdin                                  0x20000010   Data          84  stdio_streams.o(.bss)
    __stdout                                 0x20000064   Data          84  stdio_streams.o(.bss)
    __stderr                                 0x200000b8   Data          84  stdio_streams.o(.bss)
    __libspace_start                         0x2000010c   Data          96  libspace.o(.bss)
    __temporary_stack_top$libspace           0x2000016c   Data           0  libspace.o(.bss)



==============================================================================

Memory Map of the image

  Image Entry point : 0x00000191

  Load Region LR_1 (Base: 0x00000000, Size: 0x00002238, Max: 0xffffffff, ABSOLUTE)

    Execution Region ER_RO (Base: 0x00000000, Size: 0x00002228, Max: 0xffffffff, ABSOLUTE)

    Base Addr    Size         Type   Attr      Idx    E Section Name        Object

    0x00000000   0x000000c0   Data   RO          150    RESET               startup_armcm4.o
    0x000000c0   0x00000008   Code   RO          306  * !!!main             c_w.l(__main.o)
    0x000000c8   0x00000034   Code   RO          643    !!!scatter          c_w.l(__scatter.o)
    0x000000fc   0x0000001a   Code   RO          645    !!handler_copy      c_w.l(__scatter_copy.o)
    0x00000116   0x00000002   PAD
    0x00000118   0x0000001c   Code   RO          647    !!handler_zi        c_w.l(__scatter_zi.o)
    0x00000134   0x00000000   Code   RO          299    .ARM.Collect$$_printf_percent$$00000000  c_w.l(_printf_percent.o)
    0x00000134   0x00000006   Code   RO          298    .ARM.Collect$$_printf_percent$$00000003  c_w.l(_printf_f.o)
    0x0000013a   0x00000006   Code   RO          297    .ARM.Collect$$_printf_percent$$00000009  c_w.l(_printf_d.o)
    0x00000140   0x00000004   Code   RO          352    .ARM.Collect$$_printf_percent$$00000017  c_w.l(_printf_percent_end.o)
    0x00000144   0x00000002   Code   RO          552    .ARM.Collect$$libinit$$00000000  c_w.l(libinit.o)
    0x00000146   0x00000004   Code   RO          361    .ARM.Collect$$libinit$$00000001  c_w.l(libinit2.o)
    0x0000014a   0x00000000   Code   RO          364    .ARM.Collect$$libinit$$00000004  c_w.l(libinit2.o)
    0x0000014a   0x00000008   Code   RO          365    .ARM.Collect$$libinit$$00000005  c_w.l(libinit2.o)
    0x00000152   0x00000000   Code   RO          367    .ARM.Collect$$libinit$$0000000A  c_w.l(libinit2.o)
    0x00000152   0x00000000   Code   RO          369    .ARM.Collect$$libinit$$0000000C  c_w.l(libinit2.o)
    0x00000152   0x00000000   Code   RO          371    .ARM.Collect$$libinit$$0000000E  c_w.l(libinit2.o)
    0x00000152   0x00000006   Code   RO          372    .ARM.Collect$$libinit$$0000000F  c_w.l(libinit2.o)
    0x00000158   0x00000000   Code   RO          374    .ARM.Collect$$libinit$$00000011  c_w.l(libinit2.o)
    0x00000158   0x00000000   Code   RO          376    .ARM.Collect$$libinit$$00000013  c_w.l(libinit2.o)
    0x00000158   0x00000000   Code   RO          378    .ARM.Collect$$libinit$$00000015  c_w.l(libinit2.o)
    0x00000158   0x0000000a   Code   RO          379    .ARM.Collect$$libinit$$00000016  c_w.l(libinit2.o)
    0x00000162   0x00000000   Code   RO          380    .ARM.Collect$$libinit$$00000017  c_w.l(libinit2.o)
    0x00000162   0x00000000   Code   RO          382    .ARM.Collect$$libinit$$00000019  c_w.l(libinit2.o)
    0x00000162   0x00000000   Code   RO          384    .ARM.Collect$$libinit$$0000001B  c_w.l(libinit2.o)
    0x00000162   0x00000000   Code   RO          386    .ARM.Collect$$libinit$$0000001D  c_w.l(libinit2.o)
    0x00000162   0x00000000   Code   RO          388    .ARM.Collect$$libinit$$0000001F  c_w.l(libinit2.o)
    0x00000162   0x00000000   Code   RO          390    .ARM.Collect$$libinit$$00000021  c_w.l(libinit2.o)
    0x00000162   0x00000000   Code   RO          392    .ARM.Collect$$libinit$$00000023  c_w.l(libinit2.o)
    0x00000162   0x00000004   Code   RO          393    .ARM.Collect$$libinit$$00000024  c_w.l(libinit2.o)
    0x00000166   0x00000000   Code   RO          394    .ARM.Collect$$libinit$$00000025  c_w.l(libinit2.o)
    0x00000166   0x00000000   Code   RO          398    .ARM.Collect$$libinit$$0000002C  c_w.l(libinit2.o)
    0x00000166   0x00000000   Code   RO          400    .ARM.Collect$$libinit$$0000002E  c_w.l(libinit2.o)
    0x00000166   0x00000000   Code   RO          402    .ARM.Collect$$libinit$$00000030  c_w.l(libinit2.o)
    0x00000166   0x00000000   Code   RO          404    .ARM.Collect$$libinit$$00000032  c_w.l(libinit2.o)
    0x00000166   0x00000002   Code   RO          405    .ARM.Collect$$libinit$$00000033  c_w.l(libinit2.o)
    0x00000168   0x00000002   Code   RO          640    .ARM.Collect$$libshutdown$$00000000  c_w.l(libshutdown.o)
    0x0000016a   0x00000004   Code   RO          554    .ARM.Collect$$libshutdown$$00000002  c_w.l(libshutdown2.o)
    0x0000016e   0x00000000   Code   RO          555    .ARM.Collect$$libshutdown$$00000003  c_w.l(libshutdown2.o)
    0x0000016e   0x00000000   Code   RO          558    .ARM.Collect$$libshutdown$$00000006  c_w.l(libshutdown2.o)
    0x0000016e   0x00000000   Code   RO          561    .ARM.Collect$$libshutdown$$00000009  c_w.l(libshutdown2.o)
    0x0000016e   0x00000000   Code   RO          563    .ARM.Collect$$libshutdown$$0000000B  c_w.l(libshutdown2.o)
    0x0000016e   0x00000000   Code   RO          566    .ARM.Collect$$libshutdown$$0000000E  c_w.l(libshutdown2.o)
    0x0000016e   0x00000002   Code   RO          567    .ARM.Collect$$libshutdown$$0000000F  c_w.l(libshutdown2.o)
    0x00000170   0x00000000   Code   RO          314    .ARM.Collect$$rtentry$$00000000  c_w.l(__rtentry.o)
    0x00000170   0x00000000   Code   RO          417    .ARM.Collect$$rtentry$$00000002  c_w.l(__rtentry2.o)
    0x00000170   0x00000006   Code   RO          429    .ARM.Collect$$rtentry$$00000004  c_w.l(__rtentry4.o)
    0x00000176   0x00000000   Code   RO          419    .ARM.Collect$$rtentry$$00000009  c_w.l(__rtentry2.o)
    0x00000176   0x00000004   Code   RO          420    .ARM.Collect$$rtentry$$0000000A  c_w.l(__rtentry2.o)
    0x0000017a   0x00000000   Code   RO          422    .ARM.Collect$$rtentry$$0000000C  c_w.l(__rtentry2.o)
    0x0000017a   0x00000008   Code   RO          423    .ARM.Collect$$rtentry$$0000000D  c_w.l(__rtentry2.o)
    0x00000182   0x00000002   Code   RO          572    .ARM.Collect$$rtexit$$00000000  c_w.l(rtexit.o)
    0x00000184   0x00000000   Code   RO          599    .ARM.Collect$$rtexit$$00000002  c_w.l(rtexit2.o)
    0x00000184   0x00000004   Code   RO          600    .ARM.Collect$$rtexit$$00000003  c_w.l(rtexit2.o)
    0x00000188   0x00000006   Code   RO          601    .ARM.Collect$$rtexit$$00000004  c_w.l(rtexit2.o)
    0x0000018e   0x00000002   PAD
    0x00000190   0x00000000   Code   RO          438    .emb_text           c_w.l(maybetermalloc1.o)
    0x00000190   0x00000040   Code   RO          151  * .text               startup_armcm4.o
    0x000001d0   0x0000005e   Code   RO          215    .text               c_w.l(h1_alloc.o)
    0x0000022e   0x00000002   PAD
    0x00000230   0x00000018   Code   RO          271    .text               c_w.l(noretval__2printf.o)
    0x00000248   0x00000068   Code   RO          273    .text               c_w.l(__printf.o)
    0x000002b0   0x00000078   Code   RO          275    .text               c_w.l(_printf_dec.o)
    0x00000328   0x00000064   Code   RO          300    .text               c_w.l(rt_memcpy_w.o)
    0x0000038c   0x00000080   Code   RO          302    .text               c_w.l(strcmpv7m.o)
    0x0000040c   0x00000006   Code   RO          304    .text               c_w.l(heapauxi.o)
    0x00000412   0x00000002   PAD
    0x00000414   0x00000008   Code   RO          318    .text               c_w.l(rt_heap_descriptor_intlibspace.o)
    0x0000041c   0x00000004   Code   RO          320    .text               c_w.l(hguard.o)
    0x00000420   0x0000008a   Code   RO          322    .text               c_w.l(init_alloc.o)
    0x000004aa   0x0000000e   Code   RO          328    .text               c_w.l(h1_init.o)
    0x000004b8   0x0000004e   Code   RO          330    .text               c_w.l(h1_free.o)
    0x00000506   0x000000b2   Code   RO          346    .text               c_w.l(_printf_intcommon.o)
    0x000005b8   0x0000041a   Code   RO          348    .text               c_w.l(_printf_fp_dec.o)
    0x000009d2   0x00000002   PAD
    0x000009d4   0x00000024   Code   RO          350    .text               c_w.l(_printf_char_file.o)
    0x000009f8   0x00000008   Code   RO          413    .text               c_w.l(libspace.o)
    0x00000a00   0x00000008   Code   RO          434    .text               c_w.l(rt_locale_intlibspace.o)
    0x00000a08   0x00000034   Code   RO          440    .text               c_w.l(h1_extend.o)
    0x00000a3c   0x0000008a   Code   RO          444    .text               c_w.l(lludiv10.o)
    0x00000ac6   0x00000002   PAD
    0x00000ac8   0x00000030   Code   RO          446    .text               c_w.l(_printf_char_common.o)
    0x00000af8   0x00000080   Code   RO          448    .text               c_w.l(_printf_fp_infnan.o)
    0x00000b78   0x000000dc   Code   RO          450    .text               c_w.l(bigflt0.o)
    0x00000c54   0x00000008   Code   RO          475    .text               c_w.l(ferror.o)
    0x00000c5c   0x00000138   Code   RO          481    .text               c_w.l(initio.o)
    0x00000d94   0x0000000e   Code   RO          492    .text               c_w.l(defsig_rtmem_outer.o)
    0x00000da2   0x00000002   Code   RO          507    .text               c_w.l(use_no_semi.o)
    0x00000da4   0x00000000   Code   RO          509    .text               c_w.l(indicate_semi.o)
    0x00000da4   0x0000004a   Code   RO          510    .text               c_w.l(sys_stackheap_outer.o)
    0x00000dee   0x000001d6   Code   RO          518    .text               c_w.l(flsbuf.o)
    0x00000fc4   0x00000046   Code   RO          520    .text               c_w.l(setvbuf.o)
    0x0000100a   0x00000002   PAD
    0x0000100c   0x000000ec   Code   RO          523    .text               c_w.l(fopen.o)
    0x000010f8   0x0000004c   Code   RO          525    .text               c_w.l(fclose.o)
    0x00001144   0x0000000c   Code   RO          531    .text               c_w.l(exit.o)
    0x00001150   0x0000000a   Code   RO          533    .text               c_w.l(defsig_exit.o)
    0x0000115a   0x0000000e   Code   RO          535    .text               c_w.l(defsig_rtred_outer.o)
    0x00001168   0x00000050   Code   RO          539    .text               c_w.l(defsig_rtmem_inner.o)
    0x000011b8   0x0000004e   Code   RO          541    .text               c_w.l(rt_memclr_w.o)
    0x00001206   0x00000002   PAD
    0x00001208   0x0000000c   Code   RO          570    .text               c_w.l(sys_exit.o)
    0x00001214   0x000000f8   Code   RO          580    .text               c_w.l(fseek.o)
    0x0000130c   0x000000f0   Code   RO          582    .text               c_w.l(stdio.o)
    0x000013fc   0x00000032   Code   RO          590    .text               c_w.l(defsig_general.o)
    0x0000142e   0x00000002   PAD
    0x00001430   0x00000034   Code   RO          592    .text               c_w.l(defsig_rtred_inner.o)
    0x00001464   0x0000000e   Code   RO          596    .text               c_w.l(sys_wrch.o)
    0x00001472   0x00000042   Code   RO          609    .text               c_w.l(ftell.o)
    0x000014b4   0x00000008   Code   RO          622    .text               c_w.l(rt_errno_addr_intlibspace.o)
    0x000014bc   0x0000003e   Code   RO          453    CL$$btod_d2e        c_w.l(btod.o)
    0x000014fa   0x00000046   Code   RO          455    CL$$btod_d2e_denorm_low  c_w.l(btod.o)
    0x00001540   0x00000060   Code   RO          454    CL$$btod_d2e_norm_op1  c_w.l(btod.o)
    0x000015a0   0x00000338   Code   RO          463    CL$$btod_div_common  c_w.l(btod.o)
    0x000018d8   0x000000c6   Code   RO          460    CL$$btod_e2e        c_w.l(btod.o)
    0x0000199e   0x00000028   Code   RO          457    CL$$btod_ediv       c_w.l(btod.o)
    0x000019c6   0x00000028   Code   RO          456    CL$$btod_emul       c_w.l(btod.o)
    0x000019ee   0x00000244   Code   RO          462    CL$$btod_mult_common  c_w.l(btod.o)
    0x00001c32   0x00000002   PAD
    0x00001c34   0x00000030   Code   RO           58    i.ITM_SendChar      retarget_io.o
    0x00001c64   0x00000030   Code   RO          159    i.SystemInit        system_armcm4.o
    0x00001c94   0x00000030   Code   RO          505    i.__ARM_fpclassify  m_wm.l(fpclassify.o)
    0x00001cc4   0x00000026   Code   RO           59    i._sys_close        retarget_io.o
    0x00001cea   0x00000024   Code   RO           60    i._sys_flen         retarget_io.o
    0x00001d0e   0x00000024   Code   RO           61    i._sys_istty        retarget_io.o
    0x00001d32   0x00000002   PAD
    0x00001d34   0x00000068   Code   RO           62    i._sys_open         retarget_io.o
    0x00001d9c   0x0000002c   Code   RO           64    i._sys_seek         retarget_io.o
    0x00001dc8   0x00000046   Code   RO           65    i._sys_write        retarget_io.o
    0x00001e0e   0x00000002   PAD
    0x00001e10   0x0000019c   Code   RO           38    i.filter            filter.o
    0x00001fac   0x0000001a   Code   RO          478    i.fputc             c_w.l(fputc.o)
    0x00001fc6   0x00000002   PAD
    0x00001fc8   0x0000002c   Code   RO            1    i.main              main.o
    0x00001ff4   0x0000000c   Code   RO           66    i.stdout_putchar    retarget_io.o
    0x00002000   0x0000002c   Code   RO          490    locale$$code        c_w.l(lc_numeric_c.o)
    0x0000202c   0x0000000c   Code   RO          406    x$fpl$dretinf       fz_wm.l(dretinf.o)
    0x00002038   0x00000056   Code   RO          308    x$fpl$f2d           fz_wm.l(f2d.o)
    0x0000208e   0x0000008c   Code   RO          408    x$fpl$fnaninf       fz_wm.l(fnaninf.o)
    0x0000211a   0x0000000a   Code   RO          501    x$fpl$fpinit        fz_wm.l(fpinit.o)
    0x00002124   0x00000004   Code   RO          310    x$fpl$printf1       fz_wm.l(printf1.o)
    0x00002128   0x00000000   Code   RO          410    x$fpl$usenofp       fz_wm.l(usenofp.o)
    0x00002128   0x00000018   Data   RO            2    .constdata          main.o
    0x00002140   0x00000017   Data   RO           67    .constdata          retarget_io.o
    0x00002157   0x00000001   PAD
    0x00002158   0x00000094   Data   RO          451    .constdata          c_w.l(bigflt0.o)
    0x000021ec   0x00000020   Data   RO          641    Region$$Table       anon$$obj.o
    0x0000220c   0x0000001c   Data   RO          489    locale$$data        c_w.l(lc_numeric_c.o)


    Execution Region ER_RW (Base: 0x20000000, Size: 0x00000010, Max: 0xffffffff, ABSOLUTE)

    Base Addr    Size         Type   Attr      Idx    E Section Name        Object

    0x20000000   0x00000004   Data   RW          160    .data               system_armcm4.o
    0x20000004   0x00000004   Data   RW          356    .data               c_w.l(stdio_streams.o)
    0x20000008   0x00000004   Data   RW          357    .data               c_w.l(stdio_streams.o)
    0x2000000c   0x00000004   Data   RW          358    .data               c_w.l(stdio_streams.o)


    Execution Region ER_ZI (Base: 0x20000010, Size: 0x00001160, Max: 0xffffffff, ABSOLUTE)

    Base Addr    Size         Type   Attr      Idx    E Section Name        Object

    0x20000010   0x00000054   Zero   RW          353    .bss                c_w.l(stdio_streams.o)
    0x20000064   0x00000054   Zero   RW          354    .bss                c_w.l(stdio_streams.o)
    0x200000b8   0x00000054   Zero   RW          355    .bss                c_w.l(stdio_streams.o)
    0x2000010c   0x00000060   Zero   RW          414    .bss                c_w.l(libspace.o)
    0x2000016c   0x00000004   PAD
    0x20000170   0x00000c00   Zero   RW          149    HEAP                startup_armcm4.o
    0x20000d70   0x00000400   Zero   RW          148    STACK               startup_armcm4.o


==============================================================================

Image component sizes


      Code (inc. data)   RO Data    RW Data    ZI Data      Debug   Object Name

         0          0          0          0          0         32   add_asm.o
       412         98          0          0          0        869   filter.o
        44          4         24          0          0       1979   main.o
       388         30         23          0          0       9726   retarget_io.o
        64         26        192          0       4096        868   startup_armcm4.o
        48         18          0          4          0        675   system_armcm4.o

    ----------------------------------------------------------------------
       960        176        272          4       4096      14149   Object Totals
         0          0         32          0          0          0   (incl. Generated)
         4          0          1          0          0          0   (incl. Padding)

    ----------------------------------------------------------------------

      Code (inc. data)   RO Data    RW Data    ZI Data      Debug   Library Member Name

         8          0          0          0          0         68   __main.o
       104          0          0          0          0         84   __printf.o
         0          0          0          0          0          0   __rtentry.o
        12          0          0          0          0          0   __rtentry2.o
         6          0          0          0          0          0   __rtentry4.o
        52          8          0          0          0          0   __scatter.o
        26          0          0          0          0          0   __scatter_copy.o
        28          0          0          0          0          0   __scatter_zi.o
        48          6          0          0          0         96   _printf_char_common.o
        36          4          0          0          0         80   _printf_char_file.o
         6          0          0          0          0          0   _printf_d.o
       120         16          0          0          0         92   _printf_dec.o
         6          0          0          0          0          0   _printf_f.o
      1050          0          0          0          0        216   _printf_fp_dec.o
       128         16          0          0          0         84   _printf_fp_infnan.o
       178          0          0          0          0         88   _printf_intcommon.o
         0          0          0          0          0          0   _printf_percent.o
         4          0          0          0          0          0   _printf_percent_end.o
       220          4        148          0          0         96   bigflt0.o
      1910        128          0          0          0        672   btod.o
        10          0          0          0          0         68   defsig_exit.o
        50          0          0          0          0         88   defsig_general.o
        80         58          0          0          0         76   defsig_rtmem_inner.o
        14          0          0          0          0         80   defsig_rtmem_outer.o
        52         38          0          0          0         76   defsig_rtred_inner.o
        14          0          0          0          0         80   defsig_rtred_outer.o
        12          0          0          0          0         72   exit.o
        76          0          0          0          0         88   fclose.o
         8          0          0          0          0         68   ferror.o
       470          0          0          0          0         88   flsbuf.o
       236          4          0          0          0        128   fopen.o
        26          0          0          0          0         68   fputc.o
       248          6          0          0          0         84   fseek.o
        66          0          0          0          0         76   ftell.o
        94          0          0          0          0         80   h1_alloc.o
        52          0          0          0          0         68   h1_extend.o
        78          0          0          0          0         80   h1_free.o
        14          0          0          0          0         84   h1_init.o
         6          0          0          0          0        152   heapauxi.o
         4          0          0          0          0        136   hguard.o
         0          0          0          0          0          0   indicate_semi.o
       138          0          0          0          0        168   init_alloc.o
       312         46          0          0          0        112   initio.o
        44         10         28          0          0         76   lc_numeric_c.o
         2          0          0          0          0          0   libinit.o
        34          0          0          0          0          0   libinit2.o
         2          0          0          0          0          0   libshutdown.o
         6          0          0          0          0          0   libshutdown2.o
         8          4          0          0         96         68   libspace.o
       138          0          0          0          0         80   lludiv10.o
         0          0          0          0          0          0   maybetermalloc1.o
        24          4          0          0          0         84   noretval__2printf.o
         8          4          0          0          0         68   rt_errno_addr_intlibspace.o
         8          4          0          0          0         68   rt_heap_descriptor_intlibspace.o
         8          4          0          0          0         68   rt_locale_intlibspace.o
        78          0          0          0          0         80   rt_memclr_w.o
       100          0          0          0          0         80   rt_memcpy_w.o
         2          0          0          0          0          0   rtexit.o
        10          0          0          0          0          0   rtexit2.o
        70          0          0          0          0         80   setvbuf.o
       240          6          0          0          0        156   stdio.o
         0          0          0         12        252          0   stdio_streams.o
       128          0          0          0          0         68   strcmpv7m.o
        12          4          0          0          0         68   sys_exit.o
        74          0          0          0          0         80   sys_stackheap_outer.o
        14          0          0          0          0         76   sys_wrch.o
         2          0          0          0          0         68   use_no_semi.o
        12          0          0          0          0        116   dretinf.o
        86          4          0          0          0        132   f2d.o
       140          4          0          0          0        132   fnaninf.o
        10          0          0          0          0        116   fpinit.o
         4          0          0          0          0        116   printf1.o
         0          0          0          0          0          0   usenofp.o
        48          0          0          0          0        124   fpclassify.o

    ----------------------------------------------------------------------
      7336        382        176         12        352       5600   Library Totals
        22          0          0          0          4          0   (incl. Padding)

    ----------------------------------------------------------------------

      Code (inc. data)   RO Data    RW Data    ZI Data      Debug   Library Name

      7014        374        176         12        348       4864   c_w.l
       252          8          0          0          0        612   fz_wm.l
        48          0          0          0          0        124   m_wm.l

    ----------------------------------------------------------------------
      7336        382        176         12        352       5600   Library Totals

    ----------------------------------------------------------------------

==============================================================================


      Code (inc. data)   RO Data    RW Data    ZI Data      Debug   

      8296        558        448         16       4448      15693   Grand Totals
      8296        558        448         16       4448      15693   ELF Image Totals
      8296        558        448         16          0          0   ROM Totals

==============================================================================

    Total RO  Size (Code + RO Data)                 8744 (   8.54kB)
    Total RW  Size (RW Data + ZI Data)              4464 (   4.36kB)
    Total ROM Size (Code + RO Data + RW Data)       8760 (   8.55kB)

==============================================================================

