


ARM Macro Assembler    Page 1 


    1 00000000                 AREA             test, CODE, READONLY
    2 00000000                 export           asm_dot_product ; label must be
                                                             exported if it is 
                                                            to be used as a fun
                                                            ction in C
    3 00000000         
    4 00000000         ; Subroutine for calculation of the dot product.
    5 00000000         ; R0 holds the base address of the first vector
    6 00000000         ; R1 holds the base address of the second vector.
    7 00000000         ; R2 holds the size of the two vectors.
    8 00000000         ; R3 holds the address of the result.
    9 00000000         
   10 00000000         asm_dot_product
   11 00000000 ED90 0A00       VLDR.f32         S0, [R0]    ; 
   12 00000004 EDD1 0A00       VLDR.f32         S1, [R1]
   13 00000008 EA4F 0282       LSL              R2, R2, #2  ; Change the counte
                                                            r to word size
   14 0000000C F04F 0400       MOV              R4, #0
   15 00000010 EE01 4A90       VMOV             S3, R4
   16 00000014 EEF8 1A61       VCVT.f32.u32     S3, S3
   17 00000018         
   18 00000018         LOOP
   19 00000018 1F12            SUBS             R2, R2, #4  ; Decrement the cou
                                                            nter
   20 0000001A DB0C            BLT              DONE        ; Branch to finish 
                                                            if counter drops be
                                                            low 0.
   21 0000001C EE20 1A20       VMUL.f32         S2, S0, S1  ; Multiply correspo
                                                            nding entries
   22 00000020 EE71 1A81       VADD.f32         S3, S3, S2  ; Add up with the p
                                                            revious result
   23 00000024         
   24 00000024 F100 0004       ADD              R0, R0, #4  ; Now R0 points to 
                                                            the next number in 
                                                            the first array
   25 00000028 F101 0104       ADD              R1, R1, #4  ; Now R1 points to 
                                                            the next number in 
                                                            the second array
   26 0000002C ED90 0A00       VLDR.f32         S0, [R0]
   27 00000030 EDD1 0A00       VLDR.f32         S1, [R1]
   28 00000034 E7F0            B                LOOP
   29 00000036         
   30 00000036         DONE
   31 00000036 EDC3 1A00       VSTR.f32         S3, [R3]
   32 0000003A         
   33 0000003A 4770            BX               LR
   34 0000003C                 END
Command Line: --debug --xref --diag_suppress=9931 --cpu=Cortex-M4.fp --apcs=int
erwork --depend=.\objects\asm_dot_product.d -o.\objects\asm_dot_product.o -IP:\
ECSE444\GXX_Lab1\RTE -IC:\Keil_v5\ARM\PACK\ARM\CMSIS\5.3.0\CMSIS\Include -IC:\K
eil_v5\ARM\PACK\ARM\CMSIS\5.3.0\Device\ARM\ARMCM4\Include --predefine="__EVAL S
ETA 1" --predefine="__UVISION_VERSION SETA 515" --predefine="_RTE_ SETA 1" --pr
edefine="ARMCM4_FP SETA 1" --list=.\listings\asm_dot_product.lst asm\asm_dot_pr
oduct.s



ARM Macro Assembler    Page 1 Alphabetic symbol ordering
Relocatable symbols

DONE 00000036

Symbol: DONE
   Definitions
      At line 30 in file asm\asm_dot_product.s
   Uses
      At line 20 in file asm\asm_dot_product.s
Comment: DONE used once
LOOP 00000018

Symbol: LOOP
   Definitions
      At line 18 in file asm\asm_dot_product.s
   Uses
      At line 28 in file asm\asm_dot_product.s
Comment: LOOP used once
asm_dot_product 00000000

Symbol: asm_dot_product
   Definitions
      At line 10 in file asm\asm_dot_product.s
   Uses
      At line 2 in file asm\asm_dot_product.s
Comment: asm_dot_product used once
test 00000000

Symbol: test
   Definitions
      At line 1 in file asm\asm_dot_product.s
   Uses
      None
Comment: test unused
4 symbols
339 symbols in table
