Component: ARM Compiler 5.06 update 6 (build 750) Tool: armlink [4d35ed]

==============================================================================

Section Cross References

    main.o(i.main) refers to _printf_percent.o(.ARM.Collect$$_printf_percent$$00000000) for _printf_percent
    main.o(i.main) refers to _printf_f.o(.ARM.Collect$$_printf_percent$$00000003) for _printf_f
    main.o(i.main) refers to printf1.o(x$fpl$printf1) for _printf_fp_dec
    main.o(i.main) refers to dot_production.o(i.Dot_Production) for Dot_Production
    main.o(i.main) refers to variance.o(i.variance) for variance
    main.o(i.main) refers to f2d.o(x$fpl$f2d) for __aeabi_f2d
    main.o(i.main) refers to noretval__2printf.o(.text) for __2printf
    main.o(i.main) refers to main.o(.data) for f10_array_b
    variance.o(i.variance) refers to variance.o(i.average) for average
    variance.o(i.variance) refers to f2d.o(x$fpl$f2d) for __aeabi_f2d
    variance.o(i.variance) refers to pow.o(i.__hardfp_pow) for __hardfp_pow
    variance.o(i.variance) refers to daddsub_clz.o(x$fpl$dadd) for __aeabi_dadd
    variance.o(i.variance) refers to d2f.o(x$fpl$d2f) for __aeabi_d2f
    retarget_io.o(i.ITM_ReceiveChar) refers to retarget_io.o(.data) for ITM_RxBuffer
    retarget_io.o(i._sys_open) refers to strcmpv7m.o(.text) for strcmp
    retarget_io.o(i._sys_write) refers to retarget_io.o(i.stdout_putchar) for stdout_putchar
    retarget_io.o(i.stdout_putchar) refers to retarget_io.o(i.ITM_SendChar) for ITM_SendChar
    startup_armcm4.o(STACK) refers (Special) to heapauxi.o(.text) for __use_two_region_memory
    startup_armcm4.o(HEAP) refers (Special) to heapauxi.o(.text) for __use_two_region_memory
    startup_armcm4.o(RESET) refers (Special) to heapauxi.o(.text) for __use_two_region_memory
    startup_armcm4.o(RESET) refers to startup_armcm4.o(STACK) for __initial_sp
    startup_armcm4.o(RESET) refers to startup_armcm4.o(.text) for Reset_Handler
    startup_armcm4.o(.text) refers (Special) to heapauxi.o(.text) for __use_two_region_memory
    startup_armcm4.o(.text) refers to system_armcm4.o(i.SystemInit) for SystemInit
    startup_armcm4.o(.text) refers to __main.o(!!!main) for __main
    startup_armcm4.o(.text) refers to startup_armcm4.o(HEAP) for Heap_Mem
    startup_armcm4.o(.text) refers to startup_armcm4.o(STACK) for Stack_Mem
    system_armcm4.o(i.SystemCoreClockUpdate) refers to system_armcm4.o(.data) for SystemCoreClock
    system_armcm4.o(i.SystemInit) refers to startup_armcm4.o(RESET) for __Vectors
    system_armcm4.o(i.SystemInit) refers to system_armcm4.o(.data) for SystemCoreClock
    __2printf.o(.text) refers to _printf_char_file.o(.text) for _printf_char_file
    __2printf.o(.text) refers to stdio_streams.o(.bss) for __stdout
    noretval__2printf.o(.text) refers to _printf_char_file.o(.text) for _printf_char_file
    noretval__2printf.o(.text) refers to stdio_streams.o(.bss) for __stdout
    __printf.o(.text) refers to _printf_percent.o(.ARM.Collect$$_printf_percent$$00000000) for _printf_percent
    __printf_flags.o(.text) refers to _printf_percent.o(.ARM.Collect$$_printf_percent$$00000000) for _printf_percent
    __printf_flags.o(.text) refers to __printf_flags.o(.constdata) for .constdata
    __printf_ss.o(.text) refers to _printf_percent.o(.ARM.Collect$$_printf_percent$$00000000) for _printf_percent
    __printf_flags_ss.o(.text) refers to _printf_percent.o(.ARM.Collect$$_printf_percent$$00000000) for _printf_percent
    __printf_flags_ss.o(.text) refers to __printf_flags_ss.o(.constdata) for .constdata
    __printf_wp.o(.text) refers to __printf_wp.o(i._is_digit) for _is_digit
    __printf_wp.o(.text) refers to _printf_percent.o(.ARM.Collect$$_printf_percent$$00000000) for _printf_percent
    __printf_flags_wp.o(.text) refers to __printf_wp.o(i._is_digit) for _is_digit
    __printf_flags_wp.o(.text) refers to _printf_percent.o(.ARM.Collect$$_printf_percent$$00000000) for _printf_percent
    __printf_flags_wp.o(.text) refers to __printf_flags_wp.o(.constdata) for .constdata
    __printf_ss_wp.o(.text) refers to __printf_wp.o(i._is_digit) for _is_digit
    __printf_ss_wp.o(.text) refers to _printf_percent.o(.ARM.Collect$$_printf_percent$$00000000) for _printf_percent
    __printf_flags_ss_wp.o(.text) refers to __printf_wp.o(i._is_digit) for _is_digit
    __printf_flags_ss_wp.o(.text) refers to _printf_percent.o(.ARM.Collect$$_printf_percent$$00000000) for _printf_percent
    __printf_flags_ss_wp.o(.text) refers to __printf_flags_ss_wp.o(.constdata) for .constdata
    _printf_f.o(.ARM.Collect$$_printf_percent$$00000003) refers (Weak) to printf1.o(x$fpl$printf1) for _printf_fp_dec
    _printf_percent.o(.ARM.Collect$$_printf_percent$$00000000) refers (Special) to _printf_percent_end.o(.ARM.Collect$$_printf_percent$$00000017) for _printf_percent_end
    __main.o(!!!main) refers to __rtentry.o(.ARM.Collect$$rtentry$$00000000) for __rt_entry
[...]
    ../clib/libinit.s                        0x00000000   Number         0  libinit2.o ABSOLUTE
    ../clib/libinit.s                        0x00000000   Number         0  libshutdown.o ABSOLUTE
    ../clib/locale.s                         0x00000000   Number         0  lc_numeric_c.o ABSOLUTE
    ../clib/longlong.s                       0x00000000   Number         0  lludiv10.o ABSOLUTE
    ../clib/memcpset.s                       0x00000000   Number         0  strcmpv7m.o ABSOLUTE
    ../clib/memcpset.s                       0x00000000   Number         0  rt_memcpy_w.o ABSOLUTE
    ../clib/memcpset.s                       0x00000000   Number         0  rt_memcpy_v6.o ABSOLUTE
    ../clib/memcpset.s                       0x00000000   Number         0  rt_memclr_w.o ABSOLUTE
    ../clib/printf.c                         0x00000000   Number         0  __printf.o ABSOLUTE
    ../clib/printf.c                         0x00000000   Number         0  _printf_char_file.o ABSOLUTE
    ../clib/printf.c                         0x00000000   Number         0  __printf_flags.o ABSOLUTE
    ../clib/printf.c                         0x00000000   Number         0  __printf_ss.o ABSOLUTE
    ../clib/printf.c                         0x00000000   Number         0  __2printf.o ABSOLUTE
    ../clib/printf.c                         0x00000000   Number         0  __printf_flags_ss.o ABSOLUTE
    ../clib/printf.c                         0x00000000   Number         0  __printf_flags_ss_wp.o ABSOLUTE
    ../clib/printf.c                         0x00000000   Number         0  __printf_wp.o ABSOLUTE
    ../clib/printf.c                         0x00000000   Number         0  __printf_ss_wp.o ABSOLUTE
    ../clib/printf.c                         0x00000000   Number         0  __printf_flags_wp.o ABSOLUTE
    ../clib/printf.c                         0x00000000   Number         0  _printf_char_common.o ABSOLUTE
    ../clib/printf.c                         0x00000000   Number         0  _printf_fp_infnan.o ABSOLUTE
    ../clib/printf.c                         0x00000000   Number         0  _printf_char_file_locked.o ABSOLUTE
    ../clib/printf.c                         0x00000000   Number         0  __printf_nopercent.o ABSOLUTE
    ../clib/printf.c                         0x00000000   Number         0  noretval__2printf.o ABSOLUTE
    ../clib/printf.c                         0x00000000   Number         0  _printf_fp_dec.o ABSOLUTE
    ../clib/printf_percent.s                 0x00000000   Number         0  _printf_percent_end.o ABSOLUTE
    ../clib/printf_percent.s                 0x00000000   Number         0  _printf_f.o ABSOLUTE
    ../clib/printf_percent.s                 0x00000000   Number         0  _printf_percent.o ABSOLUTE
    ../clib/signal.c                         0x00000000   Number         0  defsig_other.o ABSOLUTE
    ../clib/signal.c                         0x00000000   Number         0  defsig_segv_inner.o ABSOLUTE
    ../clib/signal.c                         0x00000000   Number         0  defsig_cppl_inner.o ABSOLUTE
    ../clib/signal.c                         0x00000000   Number         0  defsig_pvfn_inner.o ABSOLUTE
    ../clib/signal.c                         0x00000000   Number         0  defsig_rtred_outer.o ABSOLUTE
    ../clib/signal.c                         0x00000000   Number         0  defsig_stak_inner.o ABSOLUTE
    ../clib/signal.c                         0x00000000   Number         0  defsig_fpe_inner.o ABSOLUTE
    ../clib/signal.c                         0x00000000   Number         0  defsig_abrt_inner.o ABSOLUTE
    ../clib/signal.c                         0x00000000   Number         0  defsig_rtmem_inner.o ABSOLUTE
    ../clib/signal.c                         0x00000000   Number         0  defsig_rtmem_formal.o ABSOLUTE
    ../clib/signal.c                         0x00000000   Number         0  defsig_rtmem_outer.o ABSOLUTE
    ../clib/signal.c                         0x00000000   Number         0  defsig_general.o ABSOLUTE
    ../clib/signal.c                         0x00000000   Number         0  __raise.o ABSOLUTE
    ../clib/signal.c                         0x00000000   Number         0  defsig_rtred_formal.o ABSOLUTE
    ../clib/signal.c                         0x00000000   Number         0  defsig_rtred_inner.o ABSOLUTE
    ../clib/signal.c                         0x00000000   Number         0  defsig_exit.o ABSOLUTE
    ../clib/signal.s                         0x00000000   Number         0  defsig.o ABSOLUTE
    ../clib/stdio.c                          0x00000000   Number         0  fwritefast_locked.o ABSOLUTE
    ../clib/stdio.c                          0x00000000   Number         0  initio_locked.o ABSOLUTE
    ../clib/stdio.c                          0x00000000   Number         0  stdio_streams.o ABSOLUTE
    ../clib/stdio.c                          0x00000000   Number         0  fputs_locked.o ABSOLUTE
    ../clib/stdio.c                          0x00000000   Number         0  fputs.o ABSOLUTE
    ../clib/stdio.c                          0x00000000   Number         0  flsbuf.o ABSOLUTE
    ../clib/stdio.c                          0x00000000   Number         0  ftell.o ABSOLUTE
    ../clib/stdio.c                          0x00000000   Number         0  setvbuf.o ABSOLUTE
    ../clib/stdio.c                          0x00000000   Number         0  fwritefast.o ABSOLUTE
    ../clib/stdio.c                          0x00000000   Number         0  stdio.o ABSOLUTE
    ../clib/stdio.c                          0x00000000   Number         0  fseek.o ABSOLUTE
    ../clib/stdio.c                          0x00000000   Number         0  streamlock.o ABSOLUTE
    ../clib/stdio.c                          0x00000000   Number         0  fopen.o ABSOLUTE
    ../clib/stdio.c                          0x00000000   Number         0  fclose.o ABSOLUTE
    ../clib/stdio.c                          0x00000000   Number         0  setvbuf_locked.o ABSOLUTE
    ../clib/stdio.c                          0x00000000   Number         0  ferror_locked.o ABSOLUTE
    ../clib/stdio.c                          0x00000000   Number         0  fopen_locked.o ABSOLUTE
    ../clib/stdio.c                          0x00000000   Number         0  fputc_locked.o ABSOLUTE
    ../clib/stdio.c                          0x00000000   Number         0  initio.o ABSOLUTE
    ../clib/stdio.c                          0x00000000   Number         0  fputc.o ABSOLUTE
    ../clib/stdio.c                          0x00000000   Number         0  ferror.o ABSOLUTE
    ../clib/stdio.c                          0x00000000   Number         0  fflush_locked.o ABSOLUTE
    ../clib/stdio.c                          0x00000000   Number         0  fflush.o ABSOLUTE
    ../clib/stdlib.c                         0x00000000   Number         0  exit.o ABSOLUTE
    ../clib/wchar.c                          0x00000000   Number         0  flsbuf_fwide.o ABSOLUTE
    ../fplib/basic.s                         0x00000000   Number         0  basic.o ABSOLUTE
    ../fplib/d2f.s                           0x00000000   Number         0  d2f.o ABSOLUTE
    ../fplib/daddsub.s                       0x00000000   Number         0  daddsub_clz.o ABSOLUTE
    ../fplib/dcheck1.s                       0x00000000   Number         0  dcheck1.o ABSOLUTE
    ../fplib/dcmpi.s                         0x00000000   Number         0  dcmpi.o ABSOLUTE
    ../fplib/ddiv.s                          0x00000000   Number         0  ddiv.o ABSOLUTE
    ../fplib/dflt.s                          0x00000000   Number         0  dflt_clz.o ABSOLUTE
    ../fplib/dleqf.s                         0x00000000   Number         0  dleqf.o ABSOLUTE
    ../fplib/dmul.s                          0x00000000   Number         0  dmul.o ABSOLUTE
    ../fplib/dnaninf.s                       0x00000000   Number         0  dnaninf.o ABSOLUTE
    ../fplib/dretinf.s                       0x00000000   Number         0  dretinf.o ABSOLUTE
    ../fplib/drleqf.s                        0x00000000   Number         0  drleqf.o ABSOLUTE
    ../fplib/dsqrt.s                         0x00000000   Number         0  dsqrt_umaal.o ABSOLUTE
    ../fplib/f2d.s                           0x00000000   Number         0  f2d.o ABSOLUTE
    ../fplib/fnaninf.s                       0x00000000   Number         0  fnaninf.o ABSOLUTE
    ../fplib/fpinit.s                        0x00000000   Number         0  fpinit.o ABSOLUTE
    ../fplib/fretinf.s                       0x00000000   Number         0  fretinf.o ABSOLUTE
    ../fplib/istatus.s                       0x00000000   Number         0  istatus.o ABSOLUTE
    ../fplib/printf1.s                       0x00000000   Number         0  printf1.o ABSOLUTE
    ../fplib/retnan.s                        0x00000000   Number         0  retnan.o ABSOLUTE
    ../fplib/scalbn.s                        0x00000000   Number         0  scalbn.o ABSOLUTE
    ../fplib/trapv.s                         0x00000000   Number         0  trapv.o ABSOLUTE
    ../fplib/usenofp.s                       0x00000000   Number         0  usenofp.o ABSOLUTE
    ../mathlib/dunder.c                      0x00000000   Number         0  dunder.o ABSOLUTE
    ../mathlib/fabs.c                        0x00000000   Number         0  fabs.o ABSOLUTE
    ../mathlib/fpclassify.c                  0x00000000   Number         0  fpclassify.o ABSOLUTE
    ../mathlib/poly.c                        0x00000000   Number         0  poly.o ABSOLUTE
    ../mathlib/pow.c                         0x00000000   Number         0  pow_x.o ABSOLUTE
    ../mathlib/pow.c                         0x00000000   Number         0  pow.o ABSOLUTE
    ../mathlib/qnan.c                        0x00000000   Number         0  qnan.o ABSOLUTE
    ../mathlib/sqrt.c                        0x00000000   Number         0  sqrt.o ABSOLUTE
    ../mathlib/sqrt.c                        0x00000000   Number         0  sqrt_x.o ABSOLUTE
    D:\Keil\ARM\PACK\Keil\ARM_Compiler\1.6.0\Source\retarget_io.c 0x00000000   Number         0  retarget_io.o ABSOLUTE
    RTE\Device\ARMCM4_FP\startup_ARMCM4.s    0x00000000   Number         0  startup_armcm4.o ABSOLUTE
    RTE\Device\ARMCM4_FP\system_ARMCM4.c     0x00000000   Number         0  system_armcm4.o ABSOLUTE
    RTE\\Device\\ARMCM4_FP\\system_ARMCM4.c  0x00000000   Number         0  system_armcm4.o ABSOLUTE
    asm\asm_max.s                            0x00000000   Number         0  asm_max.o ABSOLUTE
    dc.s                                     0x00000000   Number         0  dc.o ABSOLUTE
    src\Dot_Production.c                     0x00000000   Number         0  dot_production.o ABSOLUTE
    src\\main.c                              0x00000000   Number         0  main.o ABSOLUTE
    src\main.c                               0x00000000   Number         0  main.o ABSOLUTE
    src\variance.c                           0x00000000   Number         0  variance.o ABSOLUTE
    !!!main                                  0x000000c0   Section        8  __main.o(!!!main)
    !!!scatter                               0x000000c8   Section       52  __scatter.o(!!!scatter)
    !!dclz77c                                0x000000fc   Section      100  __dclz77c.o(!!dclz77c)
    !!handler_zi                             0x00000160   Section       28  __scatter_zi.o(!!handler_zi)
    .ARM.Collect$$_printf_percent$$00000000  0x0000017c   Section        0  _printf_percent.o(.ARM.Collect$$_printf_percent$$00000000)
    .ARM.Collect$$_printf_percent$$00000003  0x0000017c   Section        6  _printf_f.o(.ARM.Collect$$_printf_percent$$00000003)
    .ARM.Collect$$_printf_percent$$00000017  0x00000182   Section        4  _printf_percent_end.o(.ARM.Collect$$_printf_percent$$00000017)
    .ARM.Collect$$libinit$$00000000          0x00000186   Section        2  libinit.o(.ARM.Collect$$libinit$$00000000)
    .ARM.Collect$$libinit$$00000001          0x00000188   Section        4  libinit2.o(.ARM.Collect$$libinit$$00000001)
    .ARM.Collect$$libinit$$00000004          0x0000018c   Section        0  libinit2.o(.ARM.Collect$$libinit$$00000004)
    .ARM.Collect$$libinit$$00000005          0x0000018c   Section        8  libinit2.o(.ARM.Collect$$libinit$$00000005)
    .ARM.Collect$$libinit$$0000000A          0x00000194   Section        0  libinit2.o(.ARM.Collect$$libinit$$0000000A)
    .ARM.Collect$$libinit$$0000000C          0x00000194   Section        0  libinit2.o(.ARM.Collect$$libinit$$0000000C)
    .ARM.Collect$$libinit$$0000000E          0x00000194   Section        0  libinit2.o(.ARM.Collect$$libinit$$0000000E)
    .ARM.Collect$$libinit$$0000000F          0x00000194   Section        6  libinit2.o(.ARM.Collect$$libinit$$0000000F)
    .ARM.Collect$$libinit$$00000011          0x0000019a   Section        0  libinit2.o(.ARM.Collect$$libinit$$00000011)
    .ARM.Collect$$libinit$$00000013          0x0000019a   Section        0  libinit2.o(.ARM.Collect$$libinit$$00000013)
    .ARM.Collect$$libinit$$00000015          0x0000019a   Section        0  libinit2.o(.ARM.Collect$$libinit$$00000015)
    .ARM.Collect$$libinit$$00000016          0x0000019a   Section       10  libinit2.o(.ARM.Collect$$libinit$$00000016)
    .ARM.Collect$$libinit$$00000017          0x000001a4   Section        0  libinit2.o(.ARM.Collect$$libinit$$00000017)
    .ARM.Collect$$libinit$$00000019          0x000001a4   Section        0  libinit2.o(.ARM.Collect$$libinit$$00000019)
    .ARM.Collect$$libinit$$0000001B          0x000001a4   Section        0  libinit2.o(.ARM.Collect$$libinit$$0000001B)
    .ARM.Collect$$libinit$$0000001D          0x000001a4   Section        0  libinit2.o(.ARM.Collect$$libinit$$0000001D)
    .ARM.Collect$$libinit$$0000001F          0x000001a4   Section        0  libinit2.o(.ARM.Collect$$libinit$$0000001F)
    .ARM.Collect$$libinit$$00000021          0x000001a4   Section        0  libinit2.o(.ARM.Collect$$libinit$$00000021)
    .ARM.Collect$$libinit$$00000023          0x000001a4   Section        0  libinit2.o(.ARM.Collect$$libinit$$00000023)
    .ARM.Collect$$libinit$$00000024          0x000001a4   Section        4  libinit2.o(.ARM.Collect$$libinit$$00000024)
    .ARM.Collect$$libinit$$00000025          0x000001a8   Section        0  libinit2.o(.ARM.Collect$$libinit$$00000025)
    .ARM.Collect$$libinit$$0000002C          0x000001a8   Section        0  libinit2.o(.ARM.Collect$$libinit$$0000002C)
    .ARM.Collect$$libinit$$0000002E          0x000001a8   Section        0  libinit2.o(.ARM.Collect$$libinit$$0000002E)
    .ARM.Collect$$libinit$$00000030          0x000001a8   Section        0  libinit2.o(.ARM.Collect$$libinit$$00000030)
    .ARM.Collect$$libinit$$00000032          0x000001a8   Section        0  libinit2.o(.ARM.Collect$$libinit$$00000032)
    .ARM.Collect$$libinit$$00000033          0x000001a8   Section        2  libinit2.o(.ARM.Collect$$libinit$$00000033)
    .ARM.Collect$$libshutdown$$00000000      0x000001aa   Section        2  libshutdown.o(.ARM.Collect$$libshutdown$$00000000)
    .ARM.Collect$$libshutdown$$00000002      0x000001ac   Section        0  libshutdown2.o(.ARM.Collect$$libshutdown$$00000002)
    .ARM.Collect$$libshutdown$$00000003      0x000001ac   Section        4  libshutdown2.o(.ARM.Collect$$libshutdown$$00000003)
    .ARM.Collect$$libshutdown$$00000004      0x000001b0   Section        0  libshutdown2.o(.ARM.Collect$$libshutdown$$00000004)
    .ARM.Collect$$libshutdown$$00000007      0x000001b0   Section        0  libshutdown2.o(.ARM.Collect$$libshutdown$$00000007)
    .ARM.Collect$$libshutdown$$0000000A      0x000001b0   Section        0  libshutdown2.o(.ARM.Collect$$libshutdown$$0000000A)
    .ARM.Collect$$libshutdown$$0000000C      0x000001b0   Section        0  libshutdown2.o(.ARM.Collect$$libshutdown$$0000000C)
    .ARM.Collect$$libshutdown$$0000000F      0x000001b0   Section        0  libshutdown2.o(.ARM.Collect$$libshutdown$$0000000F)
    .ARM.Collect$$libshutdown$$00000010      0x000001b0   Section        2  libshutdown2.o(.ARM.Collect$$libshutdown$$00000010)
    .ARM.Collect$$rtentry$$00000000          0x000001b2   Section        0  __rtentry.o(.ARM.Collect$$rtentry$$00000000)
    .ARM.Collect$$rtentry$$00000002          0x000001b2   Section        0  __rtentry2.o(.ARM.Collect$$rtentry$$00000002)
    .ARM.Collect$$rtentry$$00000004          0x000001b2   Section        6  __rtentry4.o(.ARM.Collect$$rtentry$$00000004)
    .ARM.Collect$$rtentry$$00000009          0x000001b8   Section        0  __rtentry2.o(.ARM.Collect$$rtentry$$00000009)
    .ARM.Collect$$rtentry$$0000000A          0x000001b8   Section        4  __rtentry2.o(.ARM.Collect$$rtentry$$0000000A)
    .ARM.Collect$$rtentry$$0000000C          0x000001bc   Section        0  __rtentry2.o(.ARM.Collect$$rtentry$$0000000C)
    .ARM.Collect$$rtentry$$0000000D          0x000001bc   Section        8  __rtentry2.o(.ARM.Collect$$rtentry$$0000000D)
    .ARM.Collect$$rtexit$$00000000           0x000001c4   Section        2  rtexit.o(.ARM.Collect$$rtexit$$00000000)
    .ARM.Collect$$rtexit$$00000002           0x000001c6   Section        0  rtexit2.o(.ARM.Collect$$rtexit$$00000002)
    .ARM.Collect$$rtexit$$00000003           0x000001c6   Section        4  rtexit2.o(.ARM.Collect$$rtexit$$00000003)
    .ARM.Collect$$rtexit$$00000004           0x000001ca   Section        6  rtexit2.o(.ARM.Collect$$rtexit$$00000004)
    .emb_text                                0x000001d0   Section        0  maybetermalloc1.o(.emb_text)
    .text                                    0x000001d0   Section       64  startup_armcm4.o(.text)
    $v0                                      0x000001d0   Number         0  startup_armcm4.o(.text)
    .text                                    0x00000210   Section        0  noretval__2printf.o(.text)
    .text                                    0x00000228   Section        0  __printf.o(.text)
    .text                                    0x00000290   Section      128  strcmpv7m.o(.text)
    .text                                    0x00000310   Section        0  heapauxi.o(.text)
    .text                                    0x00000316   Section        0  _rserrno.o(.text)
    .text                                    0x0000032c   Section        0  _printf_fp_dec.o(.text)
    _fp_digits                               0x0000032f   Thumb Code   432  _printf_fp_dec.o(.text)
    .text                                    0x0000074c   Section        0  _printf_char_file.o(.text)
    .text                                    0x00000770   Section        8  rt_locale_intlibspace.o(.text)
    .text                                    0x00000778   Section        8  rt_errno_addr_intlibspace.o(.text)
    .text                                    0x00000780   Section      138  lludiv10.o(.text)
    .text                                    0x0000080c   Section        0  _printf_char_common.o(.text)
    _printf_input_char                       0x0000080d   Thumb Code    10  _printf_char_common.o(.text)
    .text                                    0x0000083c   Section        0  _printf_fp_infnan.o(.text)
    .text                                    0x000008bc   Section        0  bigflt0.o(.text)
    .text                                    0x000009a0   Section        0  ferror.o(.text)
    .text                                    0x000009a8   Section        0  initio.o(.text)
    .text                                    0x00000ae0   Section        8  libspace.o(.text)
    .text                                    0x00000ae8   Section       74  sys_stackheap_outer.o(.text)
    .text                                    0x00000b32   Section        0  h1_free.o(.text)
    .text                                    0x00000b80   Section        0  flsbuf.o(.text)
    .text                                    0x00000d56   Section        0  setvbuf.o(.text)
    .text                                    0x00000d9c   Section        0  fopen.o(.text)
    _freopen_locked                          0x00000d9d   Thumb Code     0  fopen.o(.text)
    .text                                    0x00000e88   Section        0  fclose.o(.text)
    .text                                    0x00000ed4   Section        0  exit.o(.text)
    .text                                    0x00000ee6   Section        0  defsig_rtred_outer.o(.text)
    .text                                    0x00000ef4   Section       78  rt_memclr_w.o(.text)
    .text                                    0x00000f44   Section        8  rt_heap_descriptor_intlibspace.o(.text)
    .text                                    0x00000f4c   Section        0  hguard.o(.text)
    .text                                    0x00000f50   Section        0  init_alloc.o(.text)
    .text                                    0x00000fda   Section        0  h1_alloc.o(.text)
    .text                                    0x00001038   Section        0  fseek.o(.text)
    .text                                    0x00001130   Section        0  stdio.o(.text)
    .text                                    0x00001220   Section        0  defsig_exit.o(.text)
    .text                                    0x0000122c   Section        0  defsig_rtred_inner.o(.text)
    .text                                    0x00001260   Section        0  sys_exit.o(.text)
    .text                                    0x0000126c   Section        0  h1_init.o(.text)
    .text                                    0x0000127a   Section        0  h1_extend.o(.text)
    .text                                    0x000012ae   Section        0  ftell.o(.text)
    .text                                    0x000012f0   Section        0  defsig_general.o(.text)
    .text                                    0x00001322   Section        0  defsig_rtmem_outer.o(.text)
    .text                                    0x00001330   Section        0  sys_wrch.o(.text)
    .text                                    0x0000133e   Section        2  use_no_semi.o(.text)
    .text                                    0x00001340   Section        0  indicate_semi.o(.text)
    .text                                    0x00001340   Section        0  defsig_rtmem_inner.o(.text)
    CL$$btod_d2e                             0x00001390   Section       62  btod.o(CL$$btod_d2e)
    CL$$btod_d2e_denorm_low                  0x000013ce   Section       70  btod.o(CL$$btod_d2e_denorm_low)
    CL$$btod_d2e_norm_op1                    0x00001414   Section       96  btod.o(CL$$btod_d2e_norm_op1)
    CL$$btod_div_common                      0x00001474   Section      824  btod.o(CL$$btod_div_common)
    CL$$btod_e2e                             0x000017ac   Section      220  btod.o(CL$$btod_e2e)
    CL$$btod_ediv                            0x00001888   Section       42  btod.o(CL$$btod_ediv)
    CL$$btod_emul                            0x000018b2   Section       42  btod.o(CL$$btod_emul)
    CL$$btod_mult_common                     0x000018dc   Section      580  btod.o(CL$$btod_mult_common)
    i.Dot_Production                         0x00001b20   Section        0  dot_production.o(i.Dot_Production)
    i.ITM_SendChar                           0x00001b4c   Section        0  retarget_io.o(i.ITM_SendChar)
    i.SystemInit                             0x00001b7c   Section        0  system_armcm4.o(i.SystemInit)
    i.__ARM_fpclassify                       0x00001bac   Section        0  fpclassify.o(i.__ARM_fpclassify)
    i.__hardfp_pow                           0x00001be0   Section        0  pow.o(i.__hardfp_pow)
    i.__kernel_poly                          0x00002830   Section        0  poly.o(i.__kernel_poly)
    i.__mathlib_dbl_divzero                  0x00002928   Section        0  dunder.o(i.__mathlib_dbl_divzero)
    i.__mathlib_dbl_infnan2                  0x00002958   Section        0  dunder.o(i.__mathlib_dbl_infnan2)
    i.__mathlib_dbl_invalid                  0x00002970   Section        0  dunder.o(i.__mathlib_dbl_invalid)
    i.__mathlib_dbl_overflow                 0x00002990   Section        0  dunder.o(i.__mathlib_dbl_overflow)
    i.__mathlib_dbl_underflow                0x000029b0   Section        0  dunder.o(i.__mathlib_dbl_underflow)
    i._sys_close                             0x000029d0   Section        0  retarget_io.o(i._sys_close)
    i._sys_flen                              0x000029f6   Section        0  retarget_io.o(i._sys_flen)
    i._sys_istty                             0x00002a1a   Section        0  retarget_io.o(i._sys_istty)
    i._sys_open                              0x00002a40   Section        0  retarget_io.o(i._sys_open)
    i._sys_seek                              0x00002aa8   Section        0  retarget_io.o(i._sys_seek)
    i._sys_write                             0x00002ad4   Section        0  retarget_io.o(i._sys_write)
    i.average                                0x00002b1a   Section        0  variance.o(i.average)
    i.fabs                                   0x00002b44   Section        0  fabs.o(i.fabs)
    i.fputc                                  0x00002b5c   Section        0  fputc.o(i.fputc)
    i.main                                   0x00002b78   Section        0  main.o(i.main)
    i.sqrt                                   0x00002c10   Section        0  sqrt.o(i.sqrt)
    i.stdout_putchar                         0x00002c7e   Section        0  retarget_io.o(i.stdout_putchar)
    stdout_putchar                           0x00002c7f   Thumb Code    12  retarget_io.o(i.stdout_putchar)
    i.variance                               0x00002c8c   Section        0  variance.o(i.variance)
    locale$$code                             0x00002d1c   Section       44  lc_numeric_c.o(locale$$code)
    x$fpl$basic                              0x00002d48   Section       24  basic.o(x$fpl$basic)
    $v0                                      0x00002d48   Number         0  basic.o(x$fpl$basic)
    x$fpl$d2f                                0x00002d60   Section       98  d2f.o(x$fpl$d2f)
    $v0                                      0x00002d60   Number         0  d2f.o(x$fpl$d2f)
    x$fpl$dadd                               0x00002dc4   Section      336  daddsub_clz.o(x$fpl$dadd)
    $v0                                      0x00002dc4   Number         0  daddsub_clz.o(x$fpl$dadd)
    _dadd1                                   0x00002dd5   Thumb Code     0  daddsub_clz.o(x$fpl$dadd)
    x$fpl$dcheck1                            0x00002f14   Section       16  dcheck1.o(x$fpl$dcheck1)
    $v0                                      0x00002f14   Number         0  dcheck1.o(x$fpl$dcheck1)
    x$fpl$dcmpinf                            0x00002f24   Section       24  dcmpi.o(x$fpl$dcmpinf)
    $v0                                      0x00002f24   Number         0  dcmpi.o(x$fpl$dcmpinf)
    x$fpl$ddiv                               0x00002f3c   Section      688  ddiv.o(x$fpl$ddiv)
    $v0                                      0x00002f3c   Number         0  ddiv.o(x$fpl$ddiv)
    ddiv_entry                               0x00002f43   Thumb Code     0  ddiv.o(x$fpl$ddiv)
    x$fpl$dflt                               0x000031ec   Section       46  dflt_clz.o(x$fpl$dflt)
    $v0                                      0x000031ec   Number         0  dflt_clz.o(x$fpl$dflt)
    x$fpl$dleqf                              0x0000321c   Section      120  dleqf.o(x$fpl$dleqf)
    $v0                                      0x0000321c   Number         0  dleqf.o(x$fpl$dleqf)
    x$fpl$dmul                               0x00003294   Section      340  dmul.o(x$fpl$dmul)
    $v0                                      0x00003294   Number         0  dmul.o(x$fpl$dmul)
    x$fpl$dnaninf                            0x000033e8   Section      156  dnaninf.o(x$fpl$dnaninf)
    $v0                                      0x000033e8   Number         0  dnaninf.o(x$fpl$dnaninf)
    x$fpl$dretinf                            0x00003484   Section       12  dretinf.o(x$fpl$dretinf)
    $v0                                      0x00003484   Number         0  dretinf.o(x$fpl$dretinf)
    x$fpl$drleqf                             0x00003490   Section      108  drleqf.o(x$fpl$drleqf)
    $v0                                      0x00003490   Number         0  drleqf.o(x$fpl$drleqf)
    x$fpl$drsb                               0x000034fc   Section       22  daddsub_clz.o(x$fpl$drsb)
    $v0                                      0x000034fc   Number         0  daddsub_clz.o(x$fpl$drsb)
    x$fpl$dsqrt                              0x00003514   Section      408  dsqrt_umaal.o(x$fpl$dsqrt)
    $v0                                      0x00003514   Number         0  dsqrt_umaal.o(x$fpl$dsqrt)
    x$fpl$dsub                               0x000036ac   Section      468  daddsub_clz.o(x$fpl$dsub)
    $v0                                      0x000036ac   Number         0  daddsub_clz.o(x$fpl$dsub)
    _dsub1                                   0x000036bd   Thumb Code     0  daddsub_clz.o(x$fpl$dsub)
    x$fpl$f2d                                0x00003880   Section       86  f2d.o(x$fpl$f2d)
    $v0                                      0x00003880   Number         0  f2d.o(x$fpl$f2d)
    x$fpl$fnaninf                            0x000038d6   Section      140  fnaninf.o(x$fpl$fnaninf)
    $v0                                      0x000038d6   Number         0  fnaninf.o(x$fpl$fnaninf)
    x$fpl$fpinit                             0x00003962   Section       10  fpinit.o(x$fpl$fpinit)
    $v0                                      0x00003962   Number         0  fpinit.o(x$fpl$fpinit)
    x$fpl$fretinf                            0x0000396c   Section       10  fretinf.o(x$fpl$fretinf)
    $v0                                      0x0000396c   Number         0  fretinf.o(x$fpl$fretinf)
    x$fpl$printf1                            0x00003976   Section        4  printf1.o(x$fpl$printf1)
    $v0                                      0x00003976   Number         0  printf1.o(x$fpl$printf1)
    x$fpl$retnan                             0x0000397a   Section      100  retnan.o(x$fpl$retnan)
    $v0                                      0x0000397a   Number         0  retnan.o(x$fpl$retnan)
    x$fpl$scalbn                             0x000039de   Section       92  scalbn.o(x$fpl$scalbn)
    $v0                                      0x000039de   Number         0  scalbn.o(x$fpl$scalbn)
    x$fpl$trapveneer                         0x00003a3a   Section       48  trapv.o(x$fpl$trapveneer)
    $v0                                      0x00003a3a   Number         0  trapv.o(x$fpl$trapveneer)
    .constdata                               0x00003a6a   Section       23  retarget_io.o(.constdata)
    x$fpl$usenofp                            0x00003a6a   Section        0  usenofp.o(x$fpl$usenofp)
    .constdata                               0x00003a88   Section      136  pow.o(.constdata)
    bp                                       0x00003a88   Data          16  pow.o(.constdata)
    dp_h                                     0x00003a98   Data          16  pow.o(.constdata)
    dp_l                                     0x00003aa8   Data          16  pow.o(.constdata)
    L                                        0x00003ab8   Data          48  pow.o(.constdata)
    P                                        0x00003ae8   Data          40  pow.o(.constdata)
    .constdata                               0x00003b10   Section        8  qnan.o(.constdata)
    .constdata                               0x00003b18   Section      148  bigflt0.o(.constdata)
    tenpwrs_x                                0x00003b18   Data          60  bigflt0.o(.constdata)
    tenpwrs_i                                0x00003b54   Data          64  bigflt0.o(.constdata)
    locale$$data                             0x00003bcc   Section       28  lc_numeric_c.o(locale$$data)
    __lcnum_c_name                           0x00003bd0   Data           2  lc_numeric_c.o(locale$$data)
    __lcnum_c_start                          0x00003bd8   Data           0  lc_numeric_c.o(locale$$data)
    __lcnum_c_point                          0x00003be4   Data           0  lc_numeric_c.o(locale$$data)
    __lcnum_c_thousands                      0x00003be6   Data           0  lc_numeric_c.o(locale$$data)
    __lcnum_c_grouping                       0x00003be7   Data           0  lc_numeric_c.o(locale$$data)
    __lcnum_c_end                            0x00003be8   Data           0  lc_numeric_c.o(locale$$data)
    .data                                    0x20000000   Section     4080  main.o(.data)
    .data                                    0x20000ff0   Section        4  system_armcm4.o(.data)
    .data                                    0x20000ff4   Section        4  stdio_streams.o(.data)
    .data                                    0x20000ff8   Section        4  stdio_streams.o(.data)
    .data                                    0x20000ffc   Section        4  stdio_streams.o(.data)
    .bss                                     0x20001000   Section       84  stdio_streams.o(.bss)
    .bss                                     0x20001054   Section       84  stdio_streams.o(.bss)
    .bss                                     0x200010a8   Section       84  stdio_streams.o(.bss)
    .bss                                     0x200010fc   Section       96  libspace.o(.bss)
    HEAP                                     0x20001160   Section     3072  startup_armcm4.o(HEAP)
    Heap_Mem                                 0x20001160   Data        3072  startup_armcm4.o(HEAP)
    STACK                                    0x20001d60   Section     1024  startup_armcm4.o(STACK)
    Stack_Mem                                0x20001d60   Data        1024  startup_armcm4.o(STACK)
    __initial_sp                             0x20002160   Data           0  startup_armcm4.o(STACK)

    Global Symbols

    Symbol Name                              Value     Ov Type        Size  Object(Section)

    BuildAttributes$$THM_ISAv4$E$P$D$K$B$S$7EM$VFPi3$EXTD16$VFPS$VFMA$PE$A:L22UL41UL21$X:L11$S22US41US21$IEEE1$IW$USESV6$~STKCKD$USESV7$~SHL$OTIME$ROPI$IEEEX$EBA8$UX$STANDARDLIB$REQ8$PRES8$EABIv2 0x00000000   Number         0  anon$$obj.o ABSOLUTE
    __ARM_use_no_argv                        0x00000000   Number         0  main.o ABSOLUTE
    __Vectors                                0x00000000   Data           4  startup_armcm4.o(RESET)
    __ARM_exceptions_init                     - Undefined Weak Reference
    __alloca_initialize                       - Undefined Weak Reference
    __arm_preinit_                            - Undefined Weak Reference
    __cpp_initialize__aeabi_                  - Undefined Weak Reference
    __cxa_finalize                            - Undefined Weak Reference
    __sigvec_lookup                           - Undefined Weak Reference
    __user_heap_extent                        - Undefined Weak Reference
    _atexit_init                              - Undefined Weak Reference
    _call_atexit_fns                          - Undefined Weak Reference
    _clock_init                               - Undefined Weak Reference
    _fp_trap_init                             - Undefined Weak Reference
    _fp_trap_shutdown                         - Undefined Weak Reference
    _get_lc_collate                           - Undefined Weak Reference
    _get_lc_ctype                             - Undefined Weak Reference
    _get_lc_monetary                          - Undefined Weak Reference
    _get_lc_time                              - Undefined Weak Reference
    _getenv_init                              - Undefined Weak Reference
    _handle_redirection                       - Undefined Weak Reference
    _mutex_acquire                            - Undefined Weak Reference
    _mutex_free                               - Undefined Weak Reference
    _mutex_release                            - Undefined Weak Reference
    _printf_post_padding                      - Undefined Weak Reference
    _printf_pre_padding                       - Undefined Weak Reference
    _rand_init                                - Undefined Weak Reference
    _signal_finish                            - Undefined Weak Reference
    _signal_init                              - Undefined Weak Reference
    __Vectors_End                            0x000000c0   Data           0  startup_armcm4.o(RESET)
    __Vectors_Size                           0x000000c0   Number         0  startup_armcm4.o ABSOLUTE
    __main                                   0x000000c1   Thumb Code     8  __main.o(!!!main)
    __scatterload                            0x000000c9   Thumb Code     0  __scatter.o(!!!scatter)
    __scatterload_rt2                        0x000000c9   Thumb Code    44  __scatter.o(!!!scatter)
    __scatterload_rt2_thumb_only             0x000000c9   Thumb Code     0  __scatter.o(!!!scatter)
    __scatterload_null                       0x000000d7   Thumb Code     0  __scatter.o(!!!scatter)
    __decompress                             0x000000fd   Thumb Code   100  __dclz77c.o(!!dclz77c)
    __decompress2                            0x000000fd   Thumb Code     0  __dclz77c.o(!!dclz77c)
    __scatterload_zeroinit                   0x00000161   Thumb Code    28  __scatter_zi.o(!!handler_zi)
    _printf_f                                0x0000017d   Thumb Code     0  _printf_f.o(.ARM.Collect$$_printf_percent$$00000003)
    _printf_percent                          0x0000017d   Thumb Code     0  _printf_percent.o(.ARM.Collect$$_printf_percent$$00000000)
    _printf_percent_end                      0x00000183   Thumb Code     0  _printf_percent_end.o(.ARM.Collect$$_printf_percent$$00000017)
    __rt_lib_init                            0x00000187   Thumb Code     0  libinit.o(.ARM.Collect$$libinit$$00000000)
    __rt_lib_init_fp_1                       0x00000189   Thumb Code     0  libinit2.o(.ARM.Collect$$libinit$$00000001)
    __rt_lib_init_heap_2                     0x0000018d   Thumb Code     0  libinit2.o(.ARM.Collect$$libinit$$00000005)
    __rt_lib_init_preinit_1                  0x0000018d   Thumb Code     0  libinit2.o(.ARM.Collect$$libinit$$00000004)
    __rt_lib_init_heap_1                     0x00000195   Thumb Code     0  libinit2.o(.ARM.Collect$$libinit$$0000000A)
    __rt_lib_init_lc_common                  0x00000195   Thumb Code     0  libinit2.o(.ARM.Collect$$libinit$$0000000F)
    __rt_lib_init_rand_1                     0x00000195   Thumb Code     0  libinit2.o(.ARM.Collect$$libinit$$0000000E)
    __rt_lib_init_user_alloc_1               0x00000195   Thumb Code     0  libinit2.o(.ARM.Collect$$libinit$$0000000C)
    __rt_lib_init_lc_collate_1               0x0000019b   Thumb Code     0  libinit2.o(.ARM.Collect$$libinit$$00000011)
    __rt_lib_init_lc_ctype_1                 0x0000019b   Thumb Code     0  libinit2.o(.ARM.Collect$$libinit$$00000013)
    __rt_lib_init_lc_monetary_1              0x0000019b   Thumb Code     0  libinit2.o(.ARM.Collect$$libinit$$00000015)
    __rt_lib_init_lc_numeric_2               0x0000019b   Thumb Code     0  libinit2.o(.ARM.Collect$$libinit$$00000016)
    __rt_lib_init_atexit_1                   0x000001a5   Thumb Code     0  libinit2.o(.ARM.Collect$$libinit$$0000001B)
    __rt_lib_init_clock_1                    0x000001a5   Thumb Code     0  libinit2.o(.ARM.Collect$$libinit$$00000021)
    __rt_lib_init_fp_trap_1                  0x000001a5   Thumb Code     0  libinit2.o(.ARM.Collect$$libinit$$0000001F)
    __rt_lib_init_getenv_1                   0x000001a5   Thumb Code     0  libinit2.o(.ARM.Collect$$libinit$$00000023)
    __rt_lib_init_lc_numeric_1               0x000001a5   Thumb Code     0  libinit2.o(.ARM.Collect$$libinit$$00000017)
    __rt_lib_init_lc_time_1                  0x000001a5   Thumb Code     0  libinit2.o(.ARM.Collect$$libinit$$00000019)
    __rt_lib_init_signal_1                   0x000001a5   Thumb Code     0  libinit2.o(.ARM.Collect$$libinit$$0000001D)
    __rt_lib_init_stdio_2                    0x000001a5   Thumb Code     0  libinit2.o(.ARM.Collect$$libinit$$00000024)
    __rt_lib_init_alloca_1                   0x000001a9   Thumb Code     0  libinit2.o(.ARM.Collect$$libinit$$0000002E)
    __rt_lib_init_argv_1                     0x000001a9   Thumb Code     0  libinit2.o(.ARM.Collect$$libinit$$0000002C)
    __rt_lib_init_cpp_1                      0x000001a9   Thumb Code     0  libinit2.o(.ARM.Collect$$libinit$$00000032)
    __rt_lib_init_exceptions_1               0x000001a9   Thumb Code     0  libinit2.o(.ARM.Collect$$libinit$$00000030)
    __rt_lib_init_return                     0x000001a9   Thumb Code     0  libinit2.o(.ARM.Collect$$libinit$$00000033)
    __rt_lib_init_stdio_1                    0x000001a9   Thumb Code     0  libinit2.o(.ARM.Collect$$libinit$$00000025)
    __rt_lib_shutdown                        0x000001ab   Thumb Code     0  libshutdown.o(.ARM.Collect$$libshutdown$$00000000)
    __rt_lib_shutdown_cpp_1                  0x000001ad   Thumb Code     0  libshutdown2.o(.ARM.Collect$$libshutdown$$00000002)
    __rt_lib_shutdown_stdio_2                0x000001ad   Thumb Code     0  libshutdown2.o(.ARM.Collect$$libshutdown$$00000003)
    __rt_lib_shutdown_fp_trap_1              0x000001b1   Thumb Code     0  libshutdown2.o(.ARM.Collect$$libshutdown$$00000007)
    __rt_lib_shutdown_heap_1                 0x000001b1   Thumb Code     0  libshutdown2.o(.ARM.Collect$$libshutdown$$0000000F)
    __rt_lib_shutdown_return                 0x000001b1   Thumb Code     0  libshutdown2.o(.ARM.Collect$$libshutdown$$00000010)
    __rt_lib_shutdown_signal_1               0x000001b1   Thumb Code     0  libshutdown2.o(.ARM.Collect$$libshutdown$$0000000A)
    __rt_lib_shutdown_stdio_1                0x000001b1   Thumb Code     0  libshutdown2.o(.ARM.Collect$$libshutdown$$00000004)
    __rt_lib_shutdown_user_alloc_1           0x000001b1   Thumb Code     0  libshutdown2.o(.ARM.Collect$$libshutdown$$0000000C)
    __rt_entry                               0x000001b3   Thumb Code     0  __rtentry.o(.ARM.Collect$$rtentry$$00000000)
    __rt_entry_presh_1                       0x000001b3   Thumb Code     0  __rtentry2.o(.ARM.Collect$$rtentry$$00000002)
    __rt_entry_sh                            0x000001b3   Thumb Code     0  __rtentry4.o(.ARM.Collect$$rtentry$$00000004)
    __rt_entry_li                            0x000001b9   Thumb Code     0  __rtentry2.o(.ARM.Collect$$rtentry$$0000000A)
    __rt_entry_postsh_1                      0x000001b9   Thumb Code     0  __rtentry2.o(.ARM.Collect$$rtentry$$00000009)
    __rt_entry_main                          0x000001bd   Thumb Code     0  __rtentry2.o(.ARM.Collect$$rtentry$$0000000D)
    __rt_entry_postli_1                      0x000001bd   Thumb Code     0  __rtentry2.o(.ARM.Collect$$rtentry$$0000000C)
    __rt_exit                                0x000001c5   Thumb Code     0  rtexit.o(.ARM.Collect$$rtexit$$00000000)
    __rt_exit_ls                             0x000001c7   Thumb Code     0  rtexit2.o(.ARM.Collect$$rtexit$$00000003)
    __rt_exit_prels_1                        0x000001c7   Thumb Code     0  rtexit2.o(.ARM.Collect$$rtexit$$00000002)
    __rt_exit_exit                           0x000001cb   Thumb Code     0  rtexit2.o(.ARM.Collect$$rtexit$$00000004)
    Reset_Handler                            0x000001d1   Thumb Code     8  startup_armcm4.o(.text)
    _maybe_terminate_alloc                   0x000001d1   Thumb Code     0  maybetermalloc1.o(.emb_text)
    NMI_Handler                              0x000001d9   Thumb Code     2  startup_armcm4.o(.text)
    HardFault_Handler                        0x000001db   Thumb Code     2  startup_armcm4.o(.text)
    MemManage_Handler                        0x000001dd   Thumb Code     2  startup_armcm4.o(.text)
    BusFault_Handler                         0x000001df   Thumb Code     2  startup_armcm4.o(.text)
    UsageFault_Handler                       0x000001e1   Thumb Code     2  startup_armcm4.o(.text)
    SVC_Handler                              0x000001e3   Thumb Code     2  startup_armcm4.o(.text)
    DebugMon_Handler                         0x000001e5   Thumb Code     2  startup_armcm4.o(.text)
    PendSV_Handler                           0x000001e7   Thumb Code     2  startup_armcm4.o(.text)
    SysTick_Handler                          0x000001e9   Thumb Code     2  startup_armcm4.o(.text)
    AACI_IRQHandler                          0x000001eb   Thumb Code     0  startup_armcm4.o(.text)
    CAN_IRQHandler                           0x000001eb   Thumb Code     0  startup_armcm4.o(.text)
    CHLCD_IRQHandler                         0x000001eb   Thumb Code     0  startup_armcm4.o(.text)
    CLCD_IRQHandler                          0x000001eb   Thumb Code     0  startup_armcm4.o(.text)
    CPU_CLCD_IRQHandler                      0x000001eb   Thumb Code     0  startup_armcm4.o(.text)
    ENET_IRQHandler                          0x000001eb   Thumb Code     0  startup_armcm4.o(.text)
    FLEXRAY_IRQHandler                       0x000001eb   Thumb Code     0  startup_armcm4.o(.text)
    I2C_IRQHandler                           0x000001eb   Thumb Code     0  startup_armcm4.o(.text)
    LIN_IRQHandler                           0x000001eb   Thumb Code     0  startup_armcm4.o(.text)
    MCIA_IRQHandler                          0x000001eb   Thumb Code     0  startup_armcm4.o(.text)
    MCIB_IRQHandler                          0x000001eb   Thumb Code     0  startup_armcm4.o(.text)
    RTC_IRQHandler                           0x000001eb   Thumb Code     0  startup_armcm4.o(.text)
    SPI_IRQHandler                           0x000001eb   Thumb Code     0  startup_armcm4.o(.text)
    TIM0_IRQHandler                          0x000001eb   Thumb Code     0  startup_armcm4.o(.text)
    TIM2_IRQHandler                          0x000001eb   Thumb Code     0  startup_armcm4.o(.text)
    UART0_IRQHandler                         0x000001eb   Thumb Code     0  startup_armcm4.o(.text)
    UART1_IRQHandler                         0x000001eb   Thumb Code     0  startup_armcm4.o(.text)
    UART2_IRQHandler                         0x000001eb   Thumb Code     0  startup_armcm4.o(.text)
    UART3_IRQHandler                         0x000001eb   Thumb Code     0  startup_armcm4.o(.text)
    UART4_IRQHandler                         0x000001eb   Thumb Code     0  startup_armcm4.o(.text)
    USBDC_IRQHandler                         0x000001eb   Thumb Code     0  startup_armcm4.o(.text)
    USBHC_IRQHandler                         0x000001eb   Thumb Code     0  startup_armcm4.o(.text)
    WDT_IRQHandler                           0x000001eb   Thumb Code     0  startup_armcm4.o(.text)
    __user_initial_stackheap                 0x000001ed   Thumb Code    10  startup_armcm4.o(.text)
    __2printf                                0x00000211   Thumb Code    20  noretval__2printf.o(.text)
    __printf                                 0x00000229   Thumb Code   104  __printf.o(.text)
    strcmp                                   0x00000291   Thumb Code   128  strcmpv7m.o(.text)
    __use_two_region_memory                  0x00000311   Thumb Code     2  heapauxi.o(.text)
    __rt_heap_escrow                         0x00000313   Thumb Code     2  heapauxi.o(.text)
    __rt_heap_expand                         0x00000315   Thumb Code     2  heapauxi.o(.text)
    __read_errno                             0x00000317   Thumb Code    10  _rserrno.o(.text)
    __set_errno                              0x00000321   Thumb Code    12  _rserrno.o(.text)
    __lib_sel_fp_printf                      0x0000032d   Thumb Code     2  _printf_fp_dec.o(.text)
    _printf_fp_dec_real                      0x000004df   Thumb Code   620  _printf_fp_dec.o(.text)
    _printf_char_file                        0x0000074d   Thumb Code    32  _printf_char_file.o(.text)
    __rt_locale                              0x00000771   Thumb Code     8  rt_locale_intlibspace.o(.text)
    __aeabi_errno_addr                       0x00000779   Thumb Code     8  rt_errno_addr_intlibspace.o(.text)
    __errno$intlibspace                      0x00000779   Thumb Code     0  rt_errno_addr_intlibspace.o(.text)
    __rt_errno_addr$intlibspace              0x00000779   Thumb Code     0  rt_errno_addr_intlibspace.o(.text)
    _ll_udiv10                               0x00000781   Thumb Code   138  lludiv10.o(.text)
    _printf_char_common                      0x00000817   Thumb Code    32  _printf_char_common.o(.text)
    _printf_fp_infnan                        0x0000083d   Thumb Code   112  _printf_fp_infnan.o(.text)
    _btod_etento                             0x000008bd   Thumb Code   224  bigflt0.o(.text)
    ferror                                   0x000009a1   Thumb Code     8  ferror.o(.text)
    _initio                                  0x000009a9   Thumb Code   210  initio.o(.text)
    _terminateio                             0x00000a7b   Thumb Code    56  initio.o(.text)
    __user_libspace                          0x00000ae1   Thumb Code     8  libspace.o(.text)
    __user_perproc_libspace                  0x00000ae1   Thumb Code     0  libspace.o(.text)
    __user_perthread_libspace                0x00000ae1   Thumb Code     0  libspace.o(.text)
    __user_setup_stackheap                   0x00000ae9   Thumb Code    74  sys_stackheap_outer.o(.text)
    free                                     0x00000b33   Thumb Code    78  h1_free.o(.text)
    __flsbuf                                 0x00000b81   Thumb Code   470  flsbuf.o(.text)
    __flsbuf_byte                            0x00000b81   Thumb Code     0  flsbuf.o(.text)
    __flsbuf_wide                            0x00000b81   Thumb Code     0  flsbuf.o(.text)
    setvbuf                                  0x00000d57   Thumb Code    70  setvbuf.o(.text)
    freopen                                  0x00000d9d   Thumb Code   158  fopen.o(.text)
    fopen                                    0x00000e3b   Thumb Code    74  fopen.o(.text)
    _fclose_internal                         0x00000e89   Thumb Code    76  fclose.o(.text)
    fclose                                   0x00000e89   Thumb Code     0  fclose.o(.text)
    exit                                     0x00000ed5   Thumb Code    18  exit.o(.text)
    __rt_SIGRTRED                            0x00000ee7   Thumb Code    14  defsig_rtred_outer.o(.text)
    __aeabi_memclr4                          0x00000ef5   Thumb Code     0  rt_memclr_w.o(.text)
    __aeabi_memclr8                          0x00000ef5   Thumb Code     0  rt_memclr_w.o(.text)
    __rt_memclr_w                            0x00000ef5   Thumb Code    78  rt_memclr_w.o(.text)
    _memset_w                                0x00000ef9   Thumb Code     0  rt_memclr_w.o(.text)
    __rt_heap_descriptor                     0x00000f45   Thumb Code     8  rt_heap_descriptor_intlibspace.o(.text)
    __use_no_heap                            0x00000f4d   Thumb Code     2  hguard.o(.text)
    __heap$guard                             0x00000f4f   Thumb Code     2  hguard.o(.text)
    _terminate_user_alloc                    0x00000f51   Thumb Code     2  init_alloc.o(.text)
    _init_user_alloc                         0x00000f53   Thumb Code     2  init_alloc.o(.text)
    __Heap_Full                              0x00000f55   Thumb Code    34  init_alloc.o(.text)
    __Heap_Broken                            0x00000f77   Thumb Code     6  init_alloc.o(.text)
    _init_alloc                              0x00000f7d   Thumb Code    94  init_alloc.o(.text)
    malloc                                   0x00000fdb   Thumb Code    94  h1_alloc.o(.text)
    _fseek                                   0x00001039   Thumb Code   242  fseek.o(.text)
    fseek                                    0x00001039   Thumb Code     0  fseek.o(.text)
    _seterr                                  0x00001131   Thumb Code    20  stdio.o(.text)
    _writebuf                                0x00001145   Thumb Code    84  stdio.o(.text)
    _fflush                                  0x00001199   Thumb Code    70  stdio.o(.text)
    _deferredlazyseek                        0x000011df   Thumb Code    60  stdio.o(.text)
    __sig_exit                               0x00001221   Thumb Code    10  defsig_exit.o(.text)
    __rt_SIGRTRED_inner                      0x0000122d   Thumb Code    14  defsig_rtred_inner.o(.text)
    _sys_exit                                0x00001261   Thumb Code     8  sys_exit.o(.text)
    __Heap_Initialize                        0x0000126d   Thumb Code    10  h1_init.o(.text)
    __Heap_DescSize                          0x00001277   Thumb Code     4  h1_init.o(.text)
    __Heap_ProvideMemory                     0x0000127b   Thumb Code    52  h1_extend.o(.text)
    _ftell_internal                          0x000012af   Thumb Code    66  ftell.o(.text)
    ftell                                    0x000012af   Thumb Code     0  ftell.o(.text)
    __default_signal_display                 0x000012f1   Thumb Code    50  defsig_general.o(.text)
    __rt_SIGRTMEM                            0x00001323   Thumb Code    14  defsig_rtmem_outer.o(.text)
    _ttywrch                                 0x00001331   Thumb Code    14  sys_wrch.o(.text)
    __I$use$semihosting                      0x0000133f   Thumb Code     0  use_no_semi.o(.text)
    __use_no_semihosting_swi                 0x0000133f   Thumb Code     2  use_no_semi.o(.text)
    __rt_SIGRTMEM_inner                      0x00001341   Thumb Code    22  defsig_rtmem_inner.o(.text)
    __semihosting_library_function           0x00001341   Thumb Code     0  indicate_semi.o(.text)
    _btod_d2e                                0x00001391   Thumb Code    62  btod.o(CL$$btod_d2e)
    _d2e_denorm_low                          0x000013cf   Thumb Code    70  btod.o(CL$$btod_d2e_denorm_low)
    _d2e_norm_op1                            0x00001415   Thumb Code    96  btod.o(CL$$btod_d2e_norm_op1)
    __btod_div_common                        0x00001475   Thumb Code   696  btod.o(CL$$btod_div_common)
    _e2e                                     0x000017ad   Thumb Code   220  btod.o(CL$$btod_e2e)
    _btod_ediv                               0x00001889   Thumb Code    42  btod.o(CL$$btod_ediv)
    _btod_emul                               0x000018b3   Thumb Code    42  btod.o(CL$$btod_emul)
    __btod_mult_common                       0x000018dd   Thumb Code   580  btod.o(CL$$btod_mult_common)
    Dot_Production                           0x00001b21   Thumb Code    44  dot_production.o(i.Dot_Production)
    ITM_SendChar                             0x00001b4d   Thumb Code    42  retarget_io.o(i.ITM_SendChar)
    SystemInit                               0x00001b7d   Thumb Code    30  system_armcm4.o(i.SystemInit)
    __ARM_fpclassify                         0x00001bad   Thumb Code    48  fpclassify.o(i.__ARM_fpclassify)
    __hardfp_pow                             0x00001be1   Thumb Code  3072  pow.o(i.__hardfp_pow)
    __kernel_poly                            0x00002831   Thumb Code   248  poly.o(i.__kernel_poly)
    __mathlib_dbl_divzero                    0x00002929   Thumb Code    28  dunder.o(i.__mathlib_dbl_divzero)
    __mathlib_dbl_infnan2                    0x00002959   Thumb Code    20  dunder.o(i.__mathlib_dbl_infnan2)
    __mathlib_dbl_invalid                    0x00002971   Thumb Code    24  dunder.o(i.__mathlib_dbl_invalid)
    __mathlib_dbl_overflow                   0x00002991   Thumb Code    24  dunder.o(i.__mathlib_dbl_overflow)
    __mathlib_dbl_underflow                  0x000029b1   Thumb Code    24  dunder.o(i.__mathlib_dbl_underflow)
    _sys_close                               0x000029d1   Thumb Code    38  retarget_io.o(i._sys_close)
    _sys_flen                                0x000029f7   Thumb Code    36  retarget_io.o(i._sys_flen)
    _sys_istty                               0x00002a1b   Thumb Code    36  retarget_io.o(i._sys_istty)
    _sys_open                                0x00002a41   Thumb Code    80  retarget_io.o(i._sys_open)
    _sys_seek                                0x00002aa9   Thumb Code    44  retarget_io.o(i._sys_seek)
    _sys_write                               0x00002ad5   Thumb Code    70  retarget_io.o(i._sys_write)
    average                                  0x00002b1b   Thumb Code    42  variance.o(i.average)
    fabs                                     0x00002b45   Thumb Code    24  fabs.o(i.fabs)
    fputc                                    0x00002b5d   Thumb Code    26  fputc.o(i.fputc)
    main                                     0x00002b79   Thumb Code    84  main.o(i.main)
    sqrt                                     0x00002c11   Thumb Code   110  sqrt.o(i.sqrt)
    variance                                 0x00002c8d   Thumb Code   136  variance.o(i.variance)
    _get_lc_numeric                          0x00002d1d   Thumb Code    44  lc_numeric_c.o(locale$$code)
    __aeabi_dneg                             0x00002d49   Thumb Code     0  basic.o(x$fpl$basic)
    _dneg                                    0x00002d49   Thumb Code     6  basic.o(x$fpl$basic)
    __aeabi_fneg                             0x00002d4f   Thumb Code     0  basic.o(x$fpl$basic)
    _fneg                                    0x00002d4f   Thumb Code     6  basic.o(x$fpl$basic)
    _dabs                                    0x00002d55   Thumb Code     6  basic.o(x$fpl$basic)
    _fabs                                    0x00002d5b   Thumb Code     6  basic.o(x$fpl$basic)
    __aeabi_d2f                              0x00002d61   Thumb Code     0  d2f.o(x$fpl$d2f)
    _d2f                                     0x00002d61   Thumb Code    98  d2f.o(x$fpl$d2f)
    __aeabi_dadd                             0x00002dc5   Thumb Code     0  daddsub_clz.o(x$fpl$dadd)
    _dadd                                    0x00002dc5   Thumb Code   332  daddsub_clz.o(x$fpl$dadd)
    __fpl_dcheck_NaN1                        0x00002f15   Thumb Code    10  dcheck1.o(x$fpl$dcheck1)
    __fpl_dcmp_Inf                           0x00002f25   Thumb Code    24  dcmpi.o(x$fpl$dcmpinf)
    __aeabi_ddiv                             0x00002f3d   Thumb Code     0  ddiv.o(x$fpl$ddiv)
    _ddiv                                    0x00002f3d   Thumb Code   552  ddiv.o(x$fpl$ddiv)
    __aeabi_i2d                              0x000031ed   Thumb Code     0  dflt_clz.o(x$fpl$dflt)
    _dflt                                    0x000031ed   Thumb Code    46  dflt_clz.o(x$fpl$dflt)
    __aeabi_cdcmple                          0x0000321d   Thumb Code     0  dleqf.o(x$fpl$dleqf)
    _dcmple                                  0x0000321d   Thumb Code   120  dleqf.o(x$fpl$dleqf)
    __fpl_dcmple_InfNaN                      0x0000327f   Thumb Code     0  dleqf.o(x$fpl$dleqf)
    __aeabi_dmul                             0x00003295   Thumb Code     0  dmul.o(x$fpl$dmul)
    _dmul                                    0x00003295   Thumb Code   332  dmul.o(x$fpl$dmul)
    __fpl_dnaninf                            0x000033e9   Thumb Code   156  dnaninf.o(x$fpl$dnaninf)
    __fpl_dretinf                            0x00003485   Thumb Code    12  dretinf.o(x$fpl$dretinf)
    __aeabi_cdrcmple                         0x00003491   Thumb Code     0  drleqf.o(x$fpl$drleqf)
    _drcmple                                 0x00003491   Thumb Code   108  drleqf.o(x$fpl$drleqf)
    __aeabi_drsub                            0x000034fd   Thumb Code     0  daddsub_clz.o(x$fpl$drsb)
    _drsb                                    0x000034fd   Thumb Code    22  daddsub_clz.o(x$fpl$drsb)
    _dsqrt                                   0x00003515   Thumb Code   404  dsqrt_umaal.o(x$fpl$dsqrt)
    __aeabi_dsub                             0x000036ad   Thumb Code     0  daddsub_clz.o(x$fpl$dsub)
    _dsub                                    0x000036ad   Thumb Code   464  daddsub_clz.o(x$fpl$dsub)
    __aeabi_f2d                              0x00003881   Thumb Code     0  f2d.o(x$fpl$f2d)
    _f2d                                     0x00003881   Thumb Code    86  f2d.o(x$fpl$f2d)
    __fpl_fnaninf                            0x000038d7   Thumb Code   140  fnaninf.o(x$fpl$fnaninf)
    _fp_init                                 0x00003963   Thumb Code    10  fpinit.o(x$fpl$fpinit)
    __fplib_config_fpu_vfp                   0x0000396b   Thumb Code     0  fpinit.o(x$fpl$fpinit)
    __fplib_config_pureend_doubles           0x0000396b   Thumb Code     0  fpinit.o(x$fpl$fpinit)
    __fpl_fretinf                            0x0000396d   Thumb Code    10  fretinf.o(x$fpl$fretinf)
    _printf_fp_dec                           0x00003977   Thumb Code     4  printf1.o(x$fpl$printf1)
    __fpl_return_NaN                         0x0000397b   Thumb Code   100  retnan.o(x$fpl$retnan)
    __ARM_scalbn                             0x000039df   Thumb Code    92  scalbn.o(x$fpl$scalbn)
    __fpl_cmpreturn                          0x00003a3b   Thumb Code    48  trapv.o(x$fpl$trapveneer)
    __I$use$fp                               0x00003a6a   Number         0  usenofp.o(x$fpl$usenofp)
    __stdin_name                             0x00003a6a   Data           7  retarget_io.o(.constdata)
    __stdout_name                            0x00003a71   Data           8  retarget_io.o(.constdata)
    __stderr_name                            0x00003a79   Data           8  retarget_io.o(.constdata)
    __mathlib_zero                           0x00003b10   Data           8  qnan.o(.constdata)
    Region$$Table$$Base                      0x00003bac   Number         0  anon$$obj.o(Region$$Table)
    Region$$Table$$Limit                     0x00003bcc   Number         0  anon$$obj.o(Region$$Table)
    f10_array_a                              0x20000000   Data          40  main.o(.data)
    f10_array_b                              0x20000028   Data          40  main.o(.data)
    f1000_array                              0x20000050   Data        4000  main.o(.data)
    SystemCoreClock                          0x20000ff0   Data           4  system_armcm4.o(.data)
    __aeabi_stdin                            0x20000ff4   Data           4  stdio_streams.o(.data)
    __aeabi_stdout                           0x20000ff8   Data           4  stdio_streams.o(.data)
    __aeabi_stderr                           0x20000ffc   Data           4  stdio_streams.o(.data)
    __stdin                                  0x20001000   Data          84  stdio_streams.o(.bss)
    __stdout                                 0x20001054   Data          84  stdio_streams.o(.bss)
    __stderr                                 0x200010a8   Data          84  stdio_streams.o(.bss)
    __libspace_start                         0x200010fc   Data          96  libspace.o(.bss)
    __temporary_stack_top$libspace           0x2000115c   Data           0  libspace.o(.bss)



==============================================================================

Memory Map of the image

  Image Entry point : 0x000001d1

  Load Region LR_1 (Base: 0x00000000, Size: 0x00004be8, Max: 0xffffffff, ABSOLUTE, COMPRESSED[0x00004a2c])

    Execution Region ER_RO (Exec base: 0x00000000, Load base: 0x00000000, Size: 0x00003be8, Max: 0xffffffff, ABSOLUTE)

    Exec Addr    Load Addr    Size         Type   Attr      Idx    E Section Name        Object

    0x00000000   0x00000000   0x000000c0   Data   RO          189    RESET               startup_armcm4.o
    0x000000c0   0x000000c0   0x00000008   Code   RO          275  * !!!main             c_w.l(__main.o)
    0x000000c8   0x000000c8   0x00000034   Code   RO          764    !!!scatter          c_w.l(__scatter.o)
    0x000000fc   0x000000fc   0x00000064   Code   RO          762    !!dclz77c           c_w.l(__dclz77c.o)
    0x00000160   0x00000160   0x0000001c   Code   RO          766    !!handler_zi        c_w.l(__scatter_zi.o)
    0x0000017c   0x0000017c   0x00000000   Code   RO          270    .ARM.Collect$$_printf_percent$$00000000  c_w.l(_printf_percent.o)
    0x0000017c   0x0000017c   0x00000006   Code   RO          269    .ARM.Collect$$_printf_percent$$00000003  c_w.l(_printf_f.o)
    0x00000182   0x00000182   0x00000004   Code   RO          310    .ARM.Collect$$_printf_percent$$00000017  c_w.l(_printf_percent_end.o)
    0x00000186   0x00000186   0x00000002   Code   RO          553    .ARM.Collect$$libinit$$00000000  c_w.l(libinit.o)
    0x00000188   0x00000188   0x00000004   Code   RO          554    .ARM.Collect$$libinit$$00000001  c_w.l(libinit2.o)
    0x0000018c   0x0000018c   0x00000000   Code   RO          557    .ARM.Collect$$libinit$$00000004  c_w.l(libinit2.o)
    0x0000018c   0x0000018c   0x00000008   Code   RO          558    .ARM.Collect$$libinit$$00000005  c_w.l(libinit2.o)
    0x00000194   0x00000194   0x00000000   Code   RO          560    .ARM.Collect$$libinit$$0000000A  c_w.l(libinit2.o)
    0x00000194   0x00000194   0x00000000   Code   RO          562    .ARM.Collect$$libinit$$0000000C  c_w.l(libinit2.o)
    0x00000194   0x00000194   0x00000000   Code   RO          564    .ARM.Collect$$libinit$$0000000E  c_w.l(libinit2.o)
    0x00000194   0x00000194   0x00000006   Code   RO          565    .ARM.Collect$$libinit$$0000000F  c_w.l(libinit2.o)
    0x0000019a   0x0000019a   0x00000000   Code   RO          567    .ARM.Collect$$libinit$$00000011  c_w.l(libinit2.o)
    0x0000019a   0x0000019a   0x00000000   Code   RO          569    .ARM.Collect$$libinit$$00000013  c_w.l(libinit2.o)
    0x0000019a   0x0000019a   0x00000000   Code   RO          571    .ARM.Collect$$libinit$$00000015  c_w.l(libinit2.o)
    0x0000019a   0x0000019a   0x0000000a   Code   RO          572    .ARM.Collect$$libinit$$00000016  c_w.l(libinit2.o)
    0x000001a4   0x000001a4   0x00000000   Code   RO          573    .ARM.Collect$$libinit$$00000017  c_w.l(libinit2.o)
    0x000001a4   0x000001a4   0x00000000   Code   RO          575    .ARM.Collect$$libinit$$00000019  c_w.l(libinit2.o)
    0x000001a4   0x000001a4   0x00000000   Code   RO          577    .ARM.Collect$$libinit$$0000001B  c_w.l(libinit2.o)
    0x000001a4   0x000001a4   0x00000000   Code   RO          579    .ARM.Collect$$libinit$$0000001D  c_w.l(libinit2.o)
    0x000001a4   0x000001a4   0x00000000   Code   RO          581    .ARM.Collect$$libinit$$0000001F  c_w.l(libinit2.o)
    0x000001a4   0x000001a4   0x00000000   Code   RO          583    .ARM.Collect$$libinit$$00000021  c_w.l(libinit2.o)
    0x000001a4   0x000001a4   0x00000000   Code   RO          585    .ARM.Collect$$libinit$$00000023  c_w.l(libinit2.o)
    0x000001a4   0x000001a4   0x00000004   Code   RO          586    .ARM.Collect$$libinit$$00000024  c_w.l(libinit2.o)
    0x000001a8   0x000001a8   0x00000000   Code   RO          587    .ARM.Collect$$libinit$$00000025  c_w.l(libinit2.o)
    0x000001a8   0x000001a8   0x00000000   Code   RO          591    .ARM.Collect$$libinit$$0000002C  c_w.l(libinit2.o)
    0x000001a8   0x000001a8   0x00000000   Code   RO          593    .ARM.Collect$$libinit$$0000002E  c_w.l(libinit2.o)
    0x000001a8   0x000001a8   0x00000000   Code   RO          595    .ARM.Collect$$libinit$$00000030  c_w.l(libinit2.o)
    0x000001a8   0x000001a8   0x00000000   Code   RO          597    .ARM.Collect$$libinit$$00000032  c_w.l(libinit2.o)
    0x000001a8   0x000001a8   0x00000002   Code   RO          598    .ARM.Collect$$libinit$$00000033  c_w.l(libinit2.o)
    0x000001aa   0x000001aa   0x00000002   Code   RO          741    .ARM.Collect$$libshutdown$$00000000  c_w.l(libshutdown.o)
    0x000001ac   0x000001ac   0x00000000   Code   RO          600    .ARM.Collect$$libshutdown$$00000002  c_w.l(libshutdown2.o)
    0x000001ac   0x000001ac   0x00000004   Code   RO          601    .ARM.Collect$$libshutdown$$00000003  c_w.l(libshutdown2.o)
    0x000001b0   0x000001b0   0x00000000   Code   RO          602    .ARM.Collect$$libshutdown$$00000004  c_w.l(libshutdown2.o)
    0x000001b0   0x000001b0   0x00000000   Code   RO          605    .ARM.Collect$$libshutdown$$00000007  c_w.l(libshutdown2.o)
    0x000001b0   0x000001b0   0x00000000   Code   RO          608    .ARM.Collect$$libshutdown$$0000000A  c_w.l(libshutdown2.o)
    0x000001b0   0x000001b0   0x00000000   Code   RO          610    .ARM.Collect$$libshutdown$$0000000C  c_w.l(libshutdown2.o)
    0x000001b0   0x000001b0   0x00000000   Code   RO          613    .ARM.Collect$$libshutdown$$0000000F  c_w.l(libshutdown2.o)
    0x000001b0   0x000001b0   0x00000002   Code   RO          614    .ARM.Collect$$libshutdown$$00000010  c_w.l(libshutdown2.o)
    0x000001b2   0x000001b2   0x00000000   Code   RO          303    .ARM.Collect$$rtentry$$00000000  c_w.l(__rtentry.o)
    0x000001b2   0x000001b2   0x00000000   Code   RO          382    .ARM.Collect$$rtentry$$00000002  c_w.l(__rtentry2.o)
    0x000001b2   0x000001b2   0x00000006   Code   RO          394    .ARM.Collect$$rtentry$$00000004  c_w.l(__rtentry4.o)
    0x000001b8   0x000001b8   0x00000000   Code   RO          384    .ARM.Collect$$rtentry$$00000009  c_w.l(__rtentry2.o)
    0x000001b8   0x000001b8   0x00000004   Code   RO          385    .ARM.Collect$$rtentry$$0000000A  c_w.l(__rtentry2.o)
    0x000001bc   0x000001bc   0x00000000   Code   RO          387    .ARM.Collect$$rtentry$$0000000C  c_w.l(__rtentry2.o)
    0x000001bc   0x000001bc   0x00000008   Code   RO          388    .ARM.Collect$$rtentry$$0000000D  c_w.l(__rtentry2.o)
    0x000001c4   0x000001c4   0x00000002   Code   RO          621    .ARM.Collect$$rtexit$$00000000  c_w.l(rtexit.o)
    0x000001c6   0x000001c6   0x00000000   Code   RO          679    .ARM.Collect$$rtexit$$00000002  c_w.l(rtexit2.o)
    0x000001c6   0x000001c6   0x00000004   Code   RO          680    .ARM.Collect$$rtexit$$00000003  c_w.l(rtexit2.o)
    0x000001ca   0x000001ca   0x00000006   Code   RO          681    .ARM.Collect$$rtexit$$00000004  c_w.l(rtexit2.o)
    0x000001d0   0x000001d0   0x00000000   Code   RO          685    .emb_text           c_w.l(maybetermalloc1.o)
    0x000001d0   0x000001d0   0x00000040   Code   RO          190  * .text               startup_armcm4.o
    0x00000210   0x00000210   0x00000018   Code   RO          245    .text               c_w.l(noretval__2printf.o)
    0x00000228   0x00000228   0x00000068   Code   RO          247    .text               c_w.l(__printf.o)
    0x00000290   0x00000290   0x00000080   Code   RO          271    .text               c_w.l(strcmpv7m.o)
    0x00000310   0x00000310   0x00000006   Code   RO          273    .text               c_w.l(heapauxi.o)
    0x00000316   0x00000316   0x00000016   Code   RO          304    .text               c_w.l(_rserrno.o)
    0x0000032c   0x0000032c   0x0000041e   Code   RO          306    .text               c_w.l(_printf_fp_dec.o)
    0x0000074a   0x0000074a   0x00000002   PAD
    0x0000074c   0x0000074c   0x00000024   Code   RO          308    .text               c_w.l(_printf_char_file.o)
    0x00000770   0x00000770   0x00000008   Code   RO          399    .text               c_w.l(rt_locale_intlibspace.o)
    0x00000778   0x00000778   0x00000008   Code   RO          404    .text               c_w.l(rt_errno_addr_intlibspace.o)
    0x00000780   0x00000780   0x0000008a   Code   RO          406    .text               c_w.l(lludiv10.o)
    0x0000080a   0x0000080a   0x00000002   PAD
    0x0000080c   0x0000080c   0x00000030   Code   RO          408    .text               c_w.l(_printf_char_common.o)
    0x0000083c   0x0000083c   0x00000080   Code   RO          410    .text               c_w.l(_printf_fp_infnan.o)
    0x000008bc   0x000008bc   0x000000e4   Code   RO          412    .text               c_w.l(bigflt0.o)
    0x000009a0   0x000009a0   0x00000008   Code   RO          437    .text               c_w.l(ferror.o)
    0x000009a8   0x000009a8   0x00000138   Code   RO          443    .text               c_w.l(initio.o)
    0x00000ae0   0x00000ae0   0x00000008   Code   RO          462    .text               c_w.l(libspace.o)
    0x00000ae8   0x00000ae8   0x0000004a   Code   RO          467    .text               c_w.l(sys_stackheap_outer.o)
    0x00000b32   0x00000b32   0x0000004e   Code   RO          471    .text               c_w.l(h1_free.o)
    0x00000b80   0x00000b80   0x000001d6   Code   RO          527    .text               c_w.l(flsbuf.o)
    0x00000d56   0x00000d56   0x00000046   Code   RO          529    .text               c_w.l(setvbuf.o)
    0x00000d9c   0x00000d9c   0x000000ec   Code   RO          532    .text               c_w.l(fopen.o)
    0x00000e88   0x00000e88   0x0000004c   Code   RO          534    .text               c_w.l(fclose.o)
    0x00000ed4   0x00000ed4   0x00000012   Code   RO          540    .text               c_w.l(exit.o)
    0x00000ee6   0x00000ee6   0x0000000e   Code   RO          542    .text               c_w.l(defsig_rtred_outer.o)
    0x00000ef4   0x00000ef4   0x0000004e   Code   RO          546    .text               c_w.l(rt_memclr_w.o)
    0x00000f42   0x00000f42   0x00000002   PAD
    0x00000f44   0x00000f44   0x00000008   Code   RO          628    .text               c_w.l(rt_heap_descriptor_intlibspace.o)
    0x00000f4c   0x00000f4c   0x00000004   Code   RO          630    .text               c_w.l(hguard.o)
    0x00000f50   0x00000f50   0x0000008a   Code   RO          632    .text               c_w.l(init_alloc.o)
    0x00000fda   0x00000fda   0x0000005e   Code   RO          638    .text               c_w.l(h1_alloc.o)
    0x00001038   0x00001038   0x000000f8   Code   RO          654    .text               c_w.l(fseek.o)
    0x00001130   0x00001130   0x000000f0   Code   RO          656    .text               c_w.l(stdio.o)
    0x00001220   0x00001220   0x0000000a   Code   RO          662    .text               c_w.l(defsig_exit.o)
    0x0000122a   0x0000122a   0x00000002   PAD
    0x0000122c   0x0000122c   0x00000034   Code   RO          664    .text               c_w.l(defsig_rtred_inner.o)
    0x00001260   0x00001260   0x0000000c   Code   RO          676    .text               c_w.l(sys_exit.o)
    0x0000126c   0x0000126c   0x0000000e   Code   RO          687    .text               c_w.l(h1_init.o)
    0x0000127a   0x0000127a   0x00000034   Code   RO          689    .text               c_w.l(h1_extend.o)
    0x000012ae   0x000012ae   0x00000042   Code   RO          699    .text               c_w.l(ftell.o)
    0x000012f0   0x000012f0   0x00000032   Code   RO          707    .text               c_w.l(defsig_general.o)
    0x00001322   0x00001322   0x0000000e   Code   RO          709    .text               c_w.l(defsig_rtmem_outer.o)
    0x00001330   0x00001330   0x0000000e   Code   RO          724    .text               c_w.l(sys_wrch.o)
    0x0000133e   0x0000133e   0x00000002   Code   RO          728    .text               c_w.l(use_no_semi.o)
    0x00001340   0x00001340   0x00000000   Code   RO          730    .text               c_w.l(indicate_semi.o)
    0x00001340   0x00001340   0x00000050   Code   RO          735    .text               c_w.l(defsig_rtmem_inner.o)
    0x00001390   0x00001390   0x0000003e   Code   RO          415    CL$$btod_d2e        c_w.l(btod.o)
    0x000013ce   0x000013ce   0x00000046   Code   RO          417    CL$$btod_d2e_denorm_low  c_w.l(btod.o)
    0x00001414   0x00001414   0x00000060   Code   RO          416    CL$$btod_d2e_norm_op1  c_w.l(btod.o)
    0x00001474   0x00001474   0x00000338   Code   RO          425    CL$$btod_div_common  c_w.l(btod.o)
    0x000017ac   0x000017ac   0x000000dc   Code   RO          422    CL$$btod_e2e        c_w.l(btod.o)
    0x00001888   0x00001888   0x0000002a   Code   RO          419    CL$$btod_ediv       c_w.l(btod.o)
    0x000018b2   0x000018b2   0x0000002a   Code   RO          418    CL$$btod_emul       c_w.l(btod.o)
    0x000018dc   0x000018dc   0x00000244   Code   RO          424    CL$$btod_mult_common  c_w.l(btod.o)
    0x00001b20   0x00001b20   0x0000002c   Code   RO            1    i.Dot_Production    dot_production.o
    0x00001b4c   0x00001b4c   0x00000030   Code   RO          100    i.ITM_SendChar      retarget_io.o
    0x00001b7c   0x00001b7c   0x00000030   Code   RO          198    i.SystemInit        system_armcm4.o
    0x00001bac   0x00001bac   0x00000030   Code   RO          364    i.__ARM_fpclassify  m_wm.l(fpclassify.o)
    0x00001bdc   0x00001bdc   0x00000004   PAD
    0x00001be0   0x00001be0   0x00000c50   Code   RO          289    i.__hardfp_pow      m_wm.l(pow.o)
    0x00002830   0x00002830   0x000000f8   Code   RO          366    i.__kernel_poly     m_wm.l(poly.o)
    0x00002928   0x00002928   0x00000030   Code   RO          344    i.__mathlib_dbl_divzero  m_wm.l(dunder.o)
    0x00002958   0x00002958   0x00000014   Code   RO          346    i.__mathlib_dbl_infnan2  m_wm.l(dunder.o)
    0x0000296c   0x0000296c   0x00000004   PAD
    0x00002970   0x00002970   0x00000020   Code   RO          347    i.__mathlib_dbl_invalid  m_wm.l(dunder.o)
    0x00002990   0x00002990   0x00000020   Code   RO          348    i.__mathlib_dbl_overflow  m_wm.l(dunder.o)
    0x000029b0   0x000029b0   0x00000020   Code   RO          350    i.__mathlib_dbl_underflow  m_wm.l(dunder.o)
    0x000029d0   0x000029d0   0x00000026   Code   RO          101    i._sys_close        retarget_io.o
    0x000029f6   0x000029f6   0x00000024   Code   RO          102    i._sys_flen         retarget_io.o
    0x00002a1a   0x00002a1a   0x00000024   Code   RO          103    i._sys_istty        retarget_io.o
    0x00002a3e   0x00002a3e   0x00000002   PAD
    0x00002a40   0x00002a40   0x00000068   Code   RO          104    i._sys_open         retarget_io.o
    0x00002aa8   0x00002aa8   0x0000002c   Code   RO          106    i._sys_seek         retarget_io.o
    0x00002ad4   0x00002ad4   0x00000046   Code   RO          107    i._sys_write        retarget_io.o
    0x00002b1a   0x00002b1a   0x0000002a   Code   RO           78    i.average           variance.o
    0x00002b44   0x00002b44   0x00000018   Code   RO          360    i.fabs              m_wm.l(fabs.o)
    0x00002b5c   0x00002b5c   0x0000001a   Code   RO          440    i.fputc             c_w.l(fputc.o)
    0x00002b76   0x00002b76   0x00000002   PAD
    0x00002b78   0x00002b78   0x00000098   Code   RO           22    i.main              main.o
    0x00002c10   0x00002c10   0x0000006e   Code   RO          371    i.sqrt              m_wm.l(sqrt.o)
    0x00002c7e   0x00002c7e   0x0000000c   Code   RO          108    i.stdout_putchar    retarget_io.o
    0x00002c8a   0x00002c8a   0x00000002   PAD
    0x00002c8c   0x00002c8c   0x00000090   Code   RO           79    i.variance          variance.o
    0x00002d1c   0x00002d1c   0x0000002c   Code   RO          452    locale$$code        c_w.l(lc_numeric_c.o)
    0x00002d48   0x00002d48   0x00000018   Code   RO          317    x$fpl$basic         fz_wm.l(basic.o)
    0x00002d60   0x00002d60   0x00000062   Code   RO          277    x$fpl$d2f           fz_wm.l(d2f.o)
    0x00002dc2   0x00002dc2   0x00000002   PAD
    0x00002dc4   0x00002dc4   0x00000150   Code   RO          279    x$fpl$dadd          fz_wm.l(daddsub_clz.o)
    0x00002f14   0x00002f14   0x00000010   Code   RO          454    x$fpl$dcheck1       fz_wm.l(dcheck1.o)
    0x00002f24   0x00002f24   0x00000018   Code   RO          617    x$fpl$dcmpinf       fz_wm.l(dcmpi.o)
    0x00002f3c   0x00002f3c   0x000002b0   Code   RO          320    x$fpl$ddiv          fz_wm.l(ddiv.o)
    0x000031ec   0x000031ec   0x0000002e   Code   RO          324    x$fpl$dflt          fz_wm.l(dflt_clz.o)
    0x0000321a   0x0000321a   0x00000002   PAD
    0x0000321c   0x0000321c   0x00000078   Code   RO          456    x$fpl$dleqf         fz_wm.l(dleqf.o)
    0x00003294   0x00003294   0x00000154   Code   RO          329    x$fpl$dmul          fz_wm.l(dmul.o)
    0x000033e8   0x000033e8   0x0000009c   Code   RO          331    x$fpl$dnaninf       fz_wm.l(dnaninf.o)
    0x00003484   0x00003484   0x0000000c   Code   RO          333    x$fpl$dretinf       fz_wm.l(dretinf.o)
    0x00003490   0x00003490   0x0000006c   Code   RO          335    x$fpl$drleqf        fz_wm.l(drleqf.o)
    0x000034fc   0x000034fc   0x00000016   Code   RO          280    x$fpl$drsb          fz_wm.l(daddsub_clz.o)
    0x00003512   0x00003512   0x00000002   PAD
    0x00003514   0x00003514   0x00000198   Code   RO          458    x$fpl$dsqrt         fz_wm.l(dsqrt_umaal.o)
    0x000036ac   0x000036ac   0x000001d4   Code   RO          281    x$fpl$dsub          fz_wm.l(daddsub_clz.o)
    0x00003880   0x00003880   0x00000056   Code   RO          285    x$fpl$f2d           fz_wm.l(f2d.o)
    0x000038d6   0x000038d6   0x0000008c   Code   RO          337    x$fpl$fnaninf       fz_wm.l(fnaninf.o)
    0x00003962   0x00003962   0x0000000a   Code   RO          672    x$fpl$fpinit        fz_wm.l(fpinit.o)
    0x0000396c   0x0000396c   0x0000000a   Code   RO          339    x$fpl$fretinf       fz_wm.l(fretinf.o)
    0x00003976   0x00003976   0x00000004   Code   RO          287    x$fpl$printf1       fz_wm.l(printf1.o)
    0x0000397a   0x0000397a   0x00000064   Code   RO          619    x$fpl$retnan        fz_wm.l(retnan.o)
    0x000039de   0x000039de   0x0000005c   Code   RO          341    x$fpl$scalbn        fz_wm.l(scalbn.o)
    0x00003a3a   0x00003a3a   0x00000030   Code   RO          674    x$fpl$trapveneer    fz_wm.l(trapv.o)
    0x00003a6a   0x00003a6a   0x00000000   Code   RO          343    x$fpl$usenofp       fz_wm.l(usenofp.o)
    0x00003a6a   0x00003a6a   0x00000017   Data   RO          109    .constdata          retarget_io.o
    0x00003a81   0x00003a81   0x00000007   PAD
    0x00003a88   0x00003a88   0x00000088   Data   RO          292    .constdata          m_wm.l(pow.o)
    0x00003b10   0x00003b10   0x00000008   Data   RO          368    .constdata          m_wm.l(qnan.o)
    0x00003b18   0x00003b18   0x00000094   Data   RO          413    .constdata          c_w.l(bigflt0.o)
    0x00003bac   0x00003bac   0x00000020   Data   RO          760    Region$$Table       anon$$obj.o
    0x00003bcc   0x00003bcc   0x0000001c   Data   RO          451    locale$$data        c_w.l(lc_numeric_c.o)


    Execution Region ER_RW (Exec base: 0x20000000, Load base: 0x00003be8, Size: 0x00001000, Max: 0xffffffff, ABSOLUTE, COMPRESSED[0x00000e44])

    Exec Addr    Load Addr    Size         Type   Attr      Idx    E Section Name        Object

    0x20000000   COMPRESSED   0x00000ff0   Data   RW           23    .data               main.o
    0x20000ff0   COMPRESSED   0x00000004   Data   RW          199    .data               system_armcm4.o
    0x20000ff4   COMPRESSED   0x00000004   Data   RW          314    .data               c_w.l(stdio_streams.o)
    0x20000ff8   COMPRESSED   0x00000004   Data   RW          315    .data               c_w.l(stdio_streams.o)
    0x20000ffc   COMPRESSED   0x00000004   Data   RW          316    .data               c_w.l(stdio_streams.o)


    Execution Region ER_ZI (Exec base: 0x20001000, Load base: 0x00004a2c, Size: 0x00001160, Max: 0xffffffff, ABSOLUTE)

    Exec Addr    Load Addr    Size         Type   Attr      Idx    E Section Name        Object

    0x20001000        -       0x00000054   Zero   RW          311    .bss                c_w.l(stdio_streams.o)
    0x20001054        -       0x00000054   Zero   RW          312    .bss                c_w.l(stdio_streams.o)
    0x200010a8        -       0x00000054   Zero   RW          313    .bss                c_w.l(stdio_streams.o)
    0x200010fc        -       0x00000060   Zero   RW          463    .bss                c_w.l(libspace.o)
    0x2000115c   0x00004a2c   0x00000004   PAD
    0x20001160        -       0x00000c00   Zero   RW          188    HEAP                startup_armcm4.o
    0x20001d60        -       0x00000400   Zero   RW          187    STACK               startup_armcm4.o


==============================================================================

Image component sizes


      Code (inc. data)   RO Data    RW Data    ZI Data      Debug   Object Name

        44          0          0          0          0       2161   dot_production.o
       152         68          0       4080          0       4489   main.o
       388         30         23          0          0       6726   retarget_io.o
        64         26        192          0       4096        916   startup_armcm4.o
        48         18          0          4          0        767   system_armcm4.o
       186          8          0          0          0       1429   variance.o

    ----------------------------------------------------------------------
       886        150        254       4084       4096      16488   Object Totals
         0          0         32          0          0          0   (incl. Generated)
         4          0          7          0          0          0   (incl. Padding)

    ----------------------------------------------------------------------

      Code (inc. data)   RO Data    RW Data    ZI Data      Debug   Library Member Name

       100          0          0          0          0          0   __dclz77c.o
         8          0          0          0          0         68   __main.o
       104          0          0          0          0         84   __printf.o
         0          0          0          0          0          0   __rtentry.o
        12          0          0          0          0          0   __rtentry2.o
         6          0          0          0          0          0   __rtentry4.o
        52          8          0          0          0          0   __scatter.o
        28          0          0          0          0          0   __scatter_zi.o
        48          6          0          0          0         96   _printf_char_common.o
        36          4          0          0          0         80   _printf_char_file.o
         6          0          0          0          0          0   _printf_f.o
      1054          0          0          0          0        216   _printf_fp_dec.o
       128         16          0          0          0         84   _printf_fp_infnan.o
         0          0          0          0          0          0   _printf_percent.o
         4          0          0          0          0          0   _printf_percent_end.o
        22          0          0          0          0        100   _rserrno.o
       228          4        148          0          0         96   bigflt0.o
      1936        128          0          0          0        672   btod.o
        10          0          0          0          0         68   defsig_exit.o
        50          0          0          0          0         88   defsig_general.o
        80         58          0          0          0         76   defsig_rtmem_inner.o
        14          0          0          0          0         80   defsig_rtmem_outer.o
        52         38          0          0          0         76   defsig_rtred_inner.o
        14          0          0          0          0         80   defsig_rtred_outer.o
        18          0          0          0          0         80   exit.o
        76          0          0          0          0         88   fclose.o
         8          0          0          0          0         68   ferror.o
       470          0          0          0          0         88   flsbuf.o
       236          4          0          0          0        128   fopen.o
        26          0          0          0          0         68   fputc.o
       248          6          0          0          0         84   fseek.o
        66          0          0          0          0         76   ftell.o
        94          0          0          0          0         80   h1_alloc.o
        52          0          0          0          0         68   h1_extend.o
        78          0          0          0          0         80   h1_free.o
        14          0          0          0          0         84   h1_init.o
         6          0          0          0          0        152   heapauxi.o
         4          0          0          0          0        136   hguard.o
         0          0          0          0          0          0   indicate_semi.o
       138          0          0          0          0        168   init_alloc.o
       312         46          0          0          0        112   initio.o
        44         10         28          0          0         76   lc_numeric_c.o
         2          0          0          0          0          0   libinit.o
        34          0          0          0          0          0   libinit2.o
         2          0          0          0          0          0   libshutdown.o
         6          0          0          0          0          0   libshutdown2.o
         8          4          0          0         96         68   libspace.o
       138          0          0          0          0         80   lludiv10.o
         0          0          0          0          0          0   maybetermalloc1.o
        24          4          0          0          0         84   noretval__2printf.o
         8          4          0          0          0         68   rt_errno_addr_intlibspace.o
         8          4          0          0          0         68   rt_heap_descriptor_intlibspace.o
         8          4          0          0          0         68   rt_locale_intlibspace.o
        78          0          0          0          0         80   rt_memclr_w.o
         2          0          0          0          0          0   rtexit.o
        10          0          0          0          0          0   rtexit2.o
        70          0          0          0          0         80   setvbuf.o
       240          6          0          0          0        156   stdio.o
         0          0          0         12        252          0   stdio_streams.o
       128          0          0          0          0         68   strcmpv7m.o
        12          4          0          0          0         68   sys_exit.o
        74          0          0          0          0         80   sys_stackheap_outer.o
        14          0          0          0          0         76   sys_wrch.o
         2          0          0          0          0         68   use_no_semi.o
        24          0          0          0          0        164   basic.o
        98          4          0          0          0        140   d2f.o
       826         16          0          0          0        492   daddsub_clz.o
        16          4          0          0          0        116   dcheck1.o
        24          0          0          0          0        116   dcmpi.o
       688        140          0          0          0        256   ddiv.o
        46          0          0          0          0        116   dflt_clz.o
       120          4          0          0          0        140   dleqf.o
       340         12          0          0          0        152   dmul.o
       156          4          0          0          0        140   dnaninf.o
        12          0          0          0          0        116   dretinf.o
       108          0          0          0          0        128   drleqf.o
       408         56          0          0          0        168   dsqrt_umaal.o
        86          4          0          0          0        132   f2d.o
       140          4          0          0          0        132   fnaninf.o
        10          0          0          0          0        116   fpinit.o
        10          0          0          0          0        116   fretinf.o
         4          0          0          0          0        116   printf1.o
       100          0          0          0          0        116   retnan.o
        92          0          0          0          0        116   scalbn.o
        48          0          0          0          0        116   trapv.o
         0          0          0          0          0          0   usenofp.o
       164         44          0          0          0        620   dunder.o
        24          0          0          0          0        124   fabs.o
        48          0          0          0          0        124   fpclassify.o
       248          0          0          0          0        152   poly.o
      3152        296        136          0          0        352   pow.o
         0          0          8          0          0          0   qnan.o
       110          0          0          0          0        148   sqrt.o

    ----------------------------------------------------------------------
     13876        946        320         12        352       9436   Library Totals
        24          0          0          0          4          0   (incl. Padding)

    ----------------------------------------------------------------------

      Code (inc. data)   RO Data    RW Data    ZI Data      Debug   Library Name

      6750        358        176         12        348       4712   c_w.l
      3356        248          0          0          0       3204   fz_wm.l
      3746        340        144          0          0       1520   m_wm.l

    ----------------------------------------------------------------------
     13876        946        320         12        352       9436   Library Totals

    ----------------------------------------------------------------------

==============================================================================


      Code (inc. data)   RO Data    RW Data    ZI Data      Debug   

     14762       1096        574       4096       4448      19172   Grand Totals
     14762       1096        574       3652       4448      19172   ELF Image Totals (compressed)
     14762       1096        574       3652          0          0   ROM Totals

==============================================================================

    Total RO  Size (Code + RO Data)                15336 (  14.98kB)
    Total RW  Size (RW Data + ZI Data)              8544 (   8.34kB)
    Total ROM Size (Code + RO Data + RW Data)      18988 (  18.54kB)

==============================================================================

