Component: ARM Compiler 5.05 update 2 (build 169) Tool: armlink [4d0f33]

==============================================================================

Section Cross References

    main.o(i.main) refers to _printf_percent.o(.ARM.Collect$$_printf_percent$$00000000) for _printf_percent
    main.o(i.main) refers to _printf_d.o(.ARM.Collect$$_printf_percent$$00000009) for _printf_d
    main.o(i.main) refers to _printf_f.o(.ARM.Collect$$_printf_percent$$00000003) for _printf_f
    main.o(i.main) refers to _printf_dec.o(.text) for _printf_int_dec
    main.o(i.main) refers to printf1.o(x$fpl$printf1) for _printf_fp_dec
    main.o(i.main) refers to asm_max.o(test) for asm_max
    main.o(i.main) refers to arm_max_f32.o(.text) for arm_max_f32
    main.o(i.main) refers to f2d.o(x$fpl$f2d) for __aeabi_f2d
    main.o(i.main) refers to noretval__2printf.o(.text) for __2printf
    main.o(i.main) refers to main.o(.data) for f10_array
    retarget_io.o(i.ITM_ReceiveChar) refers to retarget_io.o(.data) for ITM_RxBuffer
    retarget_io.o(i._sys_open) refers to strcmpv7m.o(.text) for strcmp
    retarget_io.o(i._sys_write) refers to retarget_io.o(i.stdout_putchar) for stdout_putchar
    retarget_io.o(i.stdout_putchar) refers to retarget_io.o(i.ITM_SendChar) for ITM_SendChar
    startup_armcm4.o(STACK) refers (Special) to heapauxi.o(.text) for __use_two_region_memory
    startup_armcm4.o(HEAP) refers (Special) to heapauxi.o(.text) for __use_two_region_memory
    startup_armcm4.o(RESET) refers (Special) to heapauxi.o(.text) for __use_two_region_memory
    startup_armcm4.o(RESET) refers to startup_armcm4.o(STACK) for __initial_sp
    startup_armcm4.o(RESET) refers to startup_armcm4.o(.text) for Reset_Handler
    startup_armcm4.o(.text) refers (Special) to heapauxi.o(.text) for __use_two_region_memory
    startup_armcm4.o(.text) refers to system_armcm4.o(i.SystemInit) for SystemInit
    startup_armcm4.o(.text) refers to __main.o(!!!main) for __main
    startup_armcm4.o(.text) refers to startup_armcm4.o(HEAP) for Heap_Mem
    startup_armcm4.o(.text) refers to startup_armcm4.o(STACK) for Stack_Mem
    system_armcm4.o(i.SystemCoreClockUpdate) refers to system_armcm4.o(.data) for SystemCoreClock
    system_armcm4.o(i.SystemInit) refers to startup_armcm4.o(RESET) for __Vectors
    system_armcm4.o(i.SystemInit) refers to system_armcm4.o(.data) for SystemCoreClock
    __2printf.o(.text) refers to _printf_char_file.o(.text) for _printf_char_file
    __2printf.o(.text) refers to stdio_streams.o(.bss) for __stdout
    noretval__2printf.o(.text) refers to _printf_char_file.o(.text) for _printf_char_file
    noretval__2printf.o(.text) refers to stdio_streams.o(.bss) for __stdout
    __printf.o(.text) refers to _printf_percent.o(.ARM.Collect$$_printf_percent$$00000000) for _printf_percent
    _printf_dec.o(.text) refers to _printf_intcommon.o(.text) for _printf_int_common
    __printf_flags.o(.text) refers to _printf_percent.o(.ARM.Collect$$_printf_percent$$00000000) for _printf_percent
    __printf_flags.o(.text) refers to __printf_flags.o(.constdata) for .constdata
    __printf_ss.o(.text) refers to _printf_percent.o(.ARM.Collect$$_printf_percent$$00000000) for _printf_percent
    __printf_flags_ss.o(.text) refers to _printf_percent.o(.ARM.Collect$$_printf_percent$$00000000) for _printf_percent
    __printf_flags_ss.o(.text) refers to __printf_flags_ss.o(.constdata) for .constdata
    __printf_wp.o(.text) refers to __printf_wp.o(i._is_digit) for _is_digit
    __printf_wp.o(.text) refers to _printf_percent.o(.ARM.Collect$$_printf_percent$$00000000) for _printf_percent
    __printf_flags_wp.o(.text) refers to __printf_wp.o(i._is_digit) for _is_digit
    __printf_flags_wp.o(.text) refers to _printf_percent.o(.ARM.Collect$$_printf_percent$$00000000) for _printf_percent
    __printf_flags_wp.o(.text) refers to __printf_flags_wp.o(.constdata) for .constdata
    __printf_ss_wp.o(.text) refers to __printf_wp.o(i._is_digit) for _is_digit
    __printf_ss_wp.o(.text) refers to _printf_percent.o(.ARM.Collect$$_printf_percent$$00000000) for _printf_percent
    __printf_flags_ss_wp.o(.text) refers to __printf_wp.o(i._is_digit) for _is_digit
    __printf_flags_ss_wp.o(.text) refers to _printf_percent.o(.ARM.Collect$$_printf_percent$$00000000) for _printf_percent
    __printf_flags_ss_wp.o(.text) refers to __printf_flags_ss_wp.o(.constdata) for .constdata
    _printf_d.o(.ARM.Collect$$_printf_percent$$00000009) refers (Weak) to _printf_dec.o(.text) for _printf_int_dec
    _printf_f.o(.ARM.Collect$$_printf_percent$$00000003) refers (Weak) to printf1.o(x$fpl$printf1) for _printf_fp_dec
    _printf_percent.o(.ARM.Collect$$_printf_percent$$00000000) refers (Special) to _printf_percent_end.o(.ARM.Collect$$_printf_percent$$00000017) for _printf_percent_end
    __main.o(!!!main) refers to __rtentry.o(.ARM.Collect$$rtentry$$00000000) for __rt_entry
[...]
    argv_veneer.o(.emb_text) refers to no_argv.o(.text) for __ARM_get_argv
    sys_exit.o(.text) refers (Special) to use_no_semi.o(.text) for __I$use$semihosting
    sys_exit.o(.text) refers (Special) to indicate_semi.o(.text) for __semihosting_library_function
    rtexit2.o(.ARM.Collect$$rtexit$$00000003) refers to libshutdown.o(.ARM.Collect$$libshutdown$$00000000) for __rt_lib_shutdown
    rtexit2.o(.ARM.Collect$$rtexit$$00000004) refers to sys_exit.o(.text) for _sys_exit
    rtexit2.o(.ARM.exidx) refers to rtexit2.o(.ARM.Collect$$rtexit$$00000001) for .ARM.Collect$$rtexit$$00000001
    rtexit2.o(.ARM.exidx) refers to rtexit2.o(.ARM.Collect$$rtexit$$00000003) for .ARM.Collect$$rtexit$$00000003
    rtexit2.o(.ARM.exidx) refers to rtexit2.o(.ARM.Collect$$rtexit$$00000004) for .ARM.Collect$$rtexit$$00000004
    maybetermalloc2.o(.emb_text) refers (Special) to term_alloc.o(.text) for _terminate_alloc
    h1_extend.o(.text) refers to h1_free.o(.text) for free
    h1_init_mt.o(.text) refers to mutex_dummy.o(.text) for _mutex_initialize
    h1_extend_mt.o(.text) refers to h1_free_mt.o(.text) for _free_internal
    fflush.o(.text) refers to stdio.o(.text) for _fflush
    fflush.o(.text) refers to fseek.o(.text) for _fseek
    fflush.o(.text) refers to stdio_streams.o(.bss) for __stdin
    fputs.o(.text) refers to fputc.o(i.fputc) for fputc
    ftell.o(.text) refers to rt_errno_addr_intlibspace.o(.text) for __aeabi_errno_addr
    fflush_locked.o(.text) refers to stdio.o(.text) for _fflush
    fflush_locked.o(.text) refers to fseek.o(.text) for _fseek
    fflush_locked.o(.text) refers to fflush.o(.text) for _do_fflush
    fflush_locked.o(.text) refers to streamlock.o(.data) for _stream_list_lock
    fflush_locked.o(.text) refers to stdio_streams.o(.bss) for __stdin
    __raise.o(.text) refers to defsig.o(CL$$defsig) for __default_signal_handler
    defsig_general.o(.text) refers to sys_wrch.o(.text) for _ttywrch
    defsig_fpe_outer.o(.text) refers to defsig_fpe_inner.o(.text) for __rt_SIGFPE_inner
    defsig_fpe_outer.o(.text) refers to defsig_exit.o(.text) for __sig_exit
    defsig_fpe_formal.o(.text) refers to rt_raise.o(.text) for __rt_raise
    defsig_rtmem_outer.o(.text) refers to defsig_rtmem_inner.o(.text) for __rt_SIGRTMEM_inner
    defsig_rtmem_outer.o(.text) refers to defsig_exit.o(.text) for __sig_exit
    defsig_rtmem_formal.o(.text) refers to rt_raise.o(.text) for __rt_raise
    rt_memcpy_v6.o(.text) refers to rt_memcpy_w.o(.text) for __aeabi_memcpy4
    heapauxa.o(.text) refers to heapauxa.o(.data) for .data
    _get_argv.o(.text) refers (Special) to hrguard.o(.text) for __heap_region$guard
    _get_argv.o(.text) refers to h1_alloc.o(.text) for malloc
    _get_argv.o(.text) refers to defsig_rtmem_outer.o(.text) for __rt_SIGRTMEM
    _get_argv.o(.text) refers to sys_command.o(.text) for _sys_command_string
    _get_argv_nomalloc.o(.text) refers (Special) to hrguard.o(.text) for __heap_region$guard
    _get_argv_nomalloc.o(.text) refers to defsig_rtmem_outer.o(.text) for __rt_SIGRTMEM
    _get_argv_nomalloc.o(.text) refers to sys_command.o(.text) for _sys_command_string
    sys_wrch.o(.text) refers (Special) to use_no_semi.o(.text) for __I$use$semihosting
    sys_wrch.o(.text) refers (Special) to indicate_semi.o(.text) for __semihosting_library_function
    sys_command.o(.text) refers (Special) to use_no_semi.o(.text) for __I$use$semihosting
    sys_command.o(.text) refers (Special) to indicate_semi.o(.text) for __semihosting_library_function
    rt_errno_addr.o(.text) refers to rt_errno_addr.o(.bss) for __aeabi_errno_addr_data
    rt_errno_addr_intlibspace.o(.text) refers to libspace.o(.bss) for __libspace_start
    term_alloc.o(.text) refers (Special) to libshutdown2.o(.ARM.Collect$$libshutdown$$0000000D) for __rt_lib_shutdown_heap_2
    term_alloc.o(.text) refers to rt_heap_descriptor_intlibspace.o(.text) for __rt_heap_descriptor
    term_alloc.o(.text) refers to h1_final.o(.text) for __Heap_Finalize
    defsig_fpe_inner.o(.text) refers to defsig_general.o(.text) for __default_signal_display
    defsig_rtmem_inner.o(.text) refers to defsig_general.o(.text) for __default_signal_display
    defsig.o(CL$$defsig) refers to defsig_fpe_inner.o(.text) for __rt_SIGFPE_inner
    defsig.o(CL$$defsig) refers to defsig_rtred_inner.o(.text) for __rt_SIGRTRED_inner
    defsig.o(CL$$defsig) refers to defsig_rtmem_inner.o(.text) for __rt_SIGRTMEM_inner
    libshutdown.o(.ARM.Collect$$libshutdown$$00000000) refers (Special) to libshutdown2.o(.ARM.Collect$$libshutdown$$00000006) for __rt_lib_shutdown_fp_trap_1
    libshutdown.o(.ARM.Collect$$libshutdown$$00000000) refers (Special) to libshutdown2.o(.ARM.Collect$$libshutdown$$0000000E) for __rt_lib_shutdown_heap_1
    libshutdown.o(.ARM.Collect$$libshutdown$$00000000) refers (Special) to libshutdown2.o(.ARM.Collect$$libshutdown$$0000000F) for __rt_lib_shutdown_return
    libshutdown.o(.ARM.Collect$$libshutdown$$00000000) refers (Special) to libshutdown2.o(.ARM.Collect$$libshutdown$$00000009) for __rt_lib_shutdown_signal_1
    libshutdown.o(.ARM.Collect$$libshutdown$$00000000) refers (Special) to libshutdown2.o(.ARM.Collect$$libshutdown$$00000003) for __rt_lib_shutdown_stdio_1
    libshutdown.o(.ARM.Collect$$libshutdown$$00000000) refers (Special) to libshutdown2.o(.ARM.Collect$$libshutdown$$0000000B) for __rt_lib_shutdown_user_alloc_1
    defsig_abrt_inner.o(.text) refers to defsig_general.o(.text) for __default_signal_display
    defsig_stak_inner.o(.text) refers to defsig_general.o(.text) for __default_signal_display
    defsig_pvfn_inner.o(.text) refers to defsig_general.o(.text) for __default_signal_display
    defsig_cppl_inner.o(.text) refers to defsig_general.o(.text) for __default_signal_display
    defsig_segv_inner.o(.text) refers to defsig_general.o(.text) for __default_signal_display
    defsig_other.o(.text) refers to defsig_general.o(.text) for __default_signal_display


==============================================================================

Removing Unused input sections from the image.

    Removing main.o(.rev16_text), (4 bytes).
    Removing main.o(.revsh_text), (4 bytes).
    Removing main.o(.rrx_text), (6 bytes).
    Removing retarget_io.o(i.ITM_ReceiveChar), (36 bytes).
    Removing retarget_io.o(i._sys_read), (46 bytes).
    Removing retarget_io.o(.data), (4 bytes).
    Removing system_armcm4.o(.rev16_text), (4 bytes).
    Removing system_armcm4.o(.revsh_text), (4 bytes).
    Removing system_armcm4.o(.rrx_text), (6 bytes).
    Removing system_armcm4.o(i.SystemCoreClockUpdate), (16 bytes).
    Removing arm_max_f32.o(.rev16_text), (4 bytes).
    Removing arm_max_f32.o(.revsh_text), (4 bytes).
    Removing arm_max_f32.o(.rrx_text), (6 bytes).

13 unused section(s) (total 144 bytes) removed from the image.

==============================================================================

Image Symbol Table

    Local Symbols

    Symbol Name                              Value     Ov Type        Size  Object(Section)

    RESET                                    0x00000000   Section      192  startup_armcm4.o(RESET)
    ../clib/angel/boardlib.s                 0x00000000   Number         0  boardinit3.o ABSOLUTE
    ../clib/angel/boardlib.s                 0x00000000   Number         0  boardinit1.o ABSOLUTE
    ../clib/angel/boardlib.s                 0x00000000   Number         0  boardinit2.o ABSOLUTE
    ../clib/angel/boardlib.s                 0x00000000   Number         0  boardshut.o ABSOLUTE
    ../clib/angel/dclz77c.s                  0x00000000   Number         0  __dclz77c.o ABSOLUTE
    ../clib/angel/handlers.s                 0x00000000   Number         0  __scatter_zi.o ABSOLUTE
    ../clib/angel/kernel.s                   0x00000000   Number         0  __rtentry4.o ABSOLUTE
    ../clib/angel/kernel.s                   0x00000000   Number         0  __rtentry.o ABSOLUTE
    ../clib/angel/kernel.s                   0x00000000   Number         0  rtexit.o ABSOLUTE
    ../clib/angel/kernel.s                   0x00000000   Number         0  rtexit2.o ABSOLUTE
    ../clib/angel/kernel.s                   0x00000000   Number         0  __rtentry2.o ABSOLUTE
    ../clib/angel/rt.s                       0x00000000   Number         0  rt_locale.o ABSOLUTE
    ../clib/angel/rt.s                       0x00000000   Number         0  rt_locale_intlibspace.o ABSOLUTE
    ../clib/angel/rt.s                       0x00000000   Number         0  rt_raise.o ABSOLUTE
    ../clib/angel/rt.s                       0x00000000   Number         0  rt_heap_descriptor.o ABSOLUTE
    ../clib/angel/rt.s                       0x00000000   Number         0  rt_errno_addr.o ABSOLUTE
    ../clib/angel/rt.s                       0x00000000   Number         0  rt_heap_descriptor_intlibspace.o ABSOLUTE
    ../clib/angel/rt.s                       0x00000000   Number         0  rt_errno_addr_intlibspace.o ABSOLUTE
    ../clib/angel/scatter.s                  0x00000000   Number         0  __scatter.o ABSOLUTE
    ../clib/angel/startup.s                  0x00000000   Number         0  __main.o ABSOLUTE
    ../clib/angel/sys.s                      0x00000000   Number         0  use_no_semi.o ABSOLUTE
    ../clib/angel/sys.s                      0x00000000   Number         0  sys_stackheap_outer.o ABSOLUTE
    ../clib/angel/sys.s                      0x00000000   Number         0  mutex_dummy.o ABSOLUTE
    ../clib/angel/sys.s                      0x00000000   Number         0  libspace.o ABSOLUTE
    ../clib/angel/sys.s                      0x00000000   Number         0  indicate_semi.o ABSOLUTE
    ../clib/angel/sysapp.c                   0x00000000   Number         0  sys_exit.o ABSOLUTE
    ../clib/angel/sysapp.c                   0x00000000   Number         0  sys_command.o ABSOLUTE
    ../clib/angel/sysapp.c                   0x00000000   Number         0  sys_wrch.o ABSOLUTE
    ../clib/armsys.c                         0x00000000   Number         0  argv_veneer.o ABSOLUTE
    ../clib/armsys.c                         0x00000000   Number         0  argv_veneer.o ABSOLUTE
    ../clib/armsys.c                         0x00000000   Number         0  _get_argv.o ABSOLUTE
    ../clib/armsys.c                         0x00000000   Number         0  _get_argv_nomalloc.o ABSOLUTE
    ../clib/armsys.c                         0x00000000   Number         0  no_argv.o ABSOLUTE
    ../clib/assert.c                         0x00000000   Number         0  assert_stdio.o ABSOLUTE
    ../clib/bigflt.c                         0x00000000   Number         0  bigflt0.o ABSOLUTE
    ../clib/btod.s                           0x00000000   Number         0  btod.o ABSOLUTE
    ../clib/fenv.c                           0x00000000   Number         0  _fptrap.o ABSOLUTE
    ../clib/heap1.c                          0x00000000   Number         0  h1_free_mt.o ABSOLUTE
    ../clib/heap1.c                          0x00000000   Number         0  h1_alloc.o ABSOLUTE
    ../clib/heap1.c                          0x00000000   Number         0  h1_final.o ABSOLUTE
    ../clib/heap1.c                          0x00000000   Number         0  h1_extend_mt.o ABSOLUTE
    ../clib/heap1.c                          0x00000000   Number         0  h1_final_mt.o ABSOLUTE
    ../clib/heap1.c                          0x00000000   Number         0  h1_init.o ABSOLUTE
    ../clib/heap1.c                          0x00000000   Number         0  h1_extend.o ABSOLUTE
    ../clib/heap1.c                          0x00000000   Number         0  h1_free.o ABSOLUTE
    ../clib/heap1.c                          0x00000000   Number         0  h1_alloc_mt.o ABSOLUTE
    ../clib/heap1.c                          0x00000000   Number         0  h1_init_mt.o ABSOLUTE
    ../clib/heap2.c                          0x00000000   Number         0  heap2.o ABSOLUTE
    ../clib/heap2.c                          0x00000000   Number         0  heap2mt.o ABSOLUTE
    ../clib/heap2.c                          0x00000000   Number         0  fdtree.o ABSOLUTE
    ../clib/heapalloc.c                      0x00000000   Number         0  term_alloc.o ABSOLUTE
    ../clib/heapalloc.c                      0x00000000   Number         0  maybetermalloc2.o ABSOLUTE
    ../clib/heapalloc.c                      0x00000000   Number         0  maybetermalloc2.o ABSOLUTE
    ../clib/heapalloc.c                      0x00000000   Number         0  maybetermalloc1.o ABSOLUTE
    ../clib/heapalloc.c                      0x00000000   Number         0  hrguard.o ABSOLUTE
    ../clib/heapalloc.c                      0x00000000   Number         0  maybetermalloc1.o ABSOLUTE
    ../clib/heapalloc.c                      0x00000000   Number         0  heapstubs.o ABSOLUTE
    ../clib/heapalloc.c                      0x00000000   Number         0  malloc.o ABSOLUTE
    ../clib/heapalloc.c                      0x00000000   Number         0  hguard.o ABSOLUTE
    ../clib/heapalloc.c                      0x00000000   Number         0  free.o ABSOLUTE
    ../clib/heapalloc.c                      0x00000000   Number         0  init_alloc.o ABSOLUTE
    ../clib/heapaux.c                        0x00000000   Number         0  heapauxi.o ABSOLUTE
    ../clib/heapaux.c                        0x00000000   Number         0  heapauxa.o ABSOLUTE
    ../clib/libinit.s                        0x00000000   Number         0  libinit.o ABSOLUTE
    ../clib/libinit.s                        0x00000000   Number         0  libshutdown.o ABSOLUTE
    ../clib/libinit.s                        0x00000000   Number         0  libinit2.o ABSOLUTE
    ../clib/libinit.s                        0x00000000   Number         0  libshutdown2.o ABSOLUTE
    ../clib/locale.s                         0x00000000   Number         0  lc_numeric_c.o ABSOLUTE
    ../clib/longlong.s                       0x00000000   Number         0  lludiv10.o ABSOLUTE
    ../clib/memcpset.s                       0x00000000   Number         0  strcmpv7m.o ABSOLUTE
    ../clib/memcpset.s                       0x00000000   Number         0  rt_memclr_w.o ABSOLUTE
    ../clib/memcpset.s                       0x00000000   Number         0  rt_memcpy_v6.o ABSOLUTE
    ../clib/memcpset.s                       0x00000000   Number         0  rt_memcpy_w.o ABSOLUTE
    ../clib/printf.c                         0x00000000   Number         0  _printf_char_file.o ABSOLUTE
    ../clib/printf.c                         0x00000000   Number         0  _printf_char_common.o ABSOLUTE
    ../clib/printf.c                         0x00000000   Number         0  __printf_ss_wp.o ABSOLUTE
    ../clib/printf.c                         0x00000000   Number         0  _printf_intcommon.o ABSOLUTE
    ../clib/printf.c                         0x00000000   Number         0  __printf_flags_ss_wp.o ABSOLUTE
    ../clib/printf.c                         0x00000000   Number         0  __printf_flags.o ABSOLUTE
    ../clib/printf.c                         0x00000000   Number         0  _printf_fp_dec.o ABSOLUTE
    ../clib/printf.c                         0x00000000   Number         0  _printf_char_file_locked.o ABSOLUTE
    ../clib/printf.c                         0x00000000   Number         0  _printf_dec.o ABSOLUTE
    ../clib/printf.c                         0x00000000   Number         0  __2printf.o ABSOLUTE
    ../clib/printf.c                         0x00000000   Number         0  noretval__2printf.o ABSOLUTE
    ../clib/printf.c                         0x00000000   Number         0  __printf.o ABSOLUTE
    ../clib/printf.c                         0x00000000   Number         0  __printf_nopercent.o ABSOLUTE
    ../clib/printf.c                         0x00000000   Number         0  __printf_wp.o ABSOLUTE
    ../clib/printf.c                         0x00000000   Number         0  __printf_ss.o ABSOLUTE
    ../clib/printf.c                         0x00000000   Number         0  __printf_flags_ss.o ABSOLUTE
    ../clib/printf.c                         0x00000000   Number         0  __printf_flags_wp.o ABSOLUTE
    ../clib/printf.c                         0x00000000   Number         0  _printf_fp_infnan.o ABSOLUTE
    ../clib/printf_percent.s                 0x00000000   Number         0  _printf_percent_end.o ABSOLUTE
    ../clib/printf_percent.s                 0x00000000   Number         0  _printf_f.o ABSOLUTE
    ../clib/printf_percent.s                 0x00000000   Number         0  _printf_percent.o ABSOLUTE
    ../clib/printf_percent.s                 0x00000000   Number         0  _printf_d.o ABSOLUTE
    ../clib/signal.c                         0x00000000   Number         0  defsig_rtmem_outer.o ABSOLUTE
    ../clib/signal.c                         0x00000000   Number         0  defsig_rtmem_formal.o ABSOLUTE
    ../clib/signal.c                         0x00000000   Number         0  defsig_rtred_formal.o ABSOLUTE
    ../clib/signal.c                         0x00000000   Number         0  defsig_rtred_outer.o ABSOLUTE
    ../clib/signal.c                         0x00000000   Number         0  defsig_other.o ABSOLUTE
    ../clib/signal.c                         0x00000000   Number         0  defsig_segv_inner.o ABSOLUTE
    ../clib/signal.c                         0x00000000   Number         0  defsig_cppl_inner.o ABSOLUTE
    ../clib/signal.c                         0x00000000   Number         0  defsig_pvfn_inner.o ABSOLUTE
    ../clib/signal.c                         0x00000000   Number         0  defsig_stak_inner.o ABSOLUTE
    ../clib/signal.c                         0x00000000   Number         0  defsig_rtmem_inner.o ABSOLUTE
    ../clib/signal.c                         0x00000000   Number         0  defsig_fpe_inner.o ABSOLUTE
    ../clib/signal.c                         0x00000000   Number         0  defsig_abrt_inner.o ABSOLUTE
    ../clib/signal.c                         0x00000000   Number         0  __raise.o ABSOLUTE
    ../clib/signal.c                         0x00000000   Number         0  defsig_general.o ABSOLUTE
    ../clib/signal.c                         0x00000000   Number         0  defsig_fpe_outer.o ABSOLUTE
    ../clib/signal.c                         0x00000000   Number         0  defsig_rtred_inner.o ABSOLUTE
    ../clib/signal.c                         0x00000000   Number         0  defsig_exit.o ABSOLUTE
    ../clib/signal.c                         0x00000000   Number         0  defsig_fpe_formal.o ABSOLUTE
    ../clib/signal.s                         0x00000000   Number         0  defsig.o ABSOLUTE
    ../clib/stdio.c                          0x00000000   Number         0  setvbuf.o ABSOLUTE
    ../clib/stdio.c                          0x00000000   Number         0  streamlock.o ABSOLUTE
    ../clib/stdio.c                          0x00000000   Number         0  fclose.o ABSOLUTE
    ../clib/stdio.c                          0x00000000   Number         0  flsbuf.o ABSOLUTE
    ../clib/stdio.c                          0x00000000   Number         0  fwritefast_locked.o ABSOLUTE
    ../clib/stdio.c                          0x00000000   Number         0  stdio.o ABSOLUTE
    ../clib/stdio.c                          0x00000000   Number         0  fflush_locked.o ABSOLUTE
    ../clib/stdio.c                          0x00000000   Number         0  setvbuf_locked.o ABSOLUTE
    ../clib/stdio.c                          0x00000000   Number         0  fflush.o ABSOLUTE
    ../clib/stdio.c                          0x00000000   Number         0  fopen_locked.o ABSOLUTE
    ../clib/stdio.c                          0x00000000   Number         0  fopen.o ABSOLUTE
    ../clib/stdio.c                          0x00000000   Number         0  fwritefast.o ABSOLUTE
    ../clib/stdio.c                          0x00000000   Number         0  ferror.o ABSOLUTE
    ../clib/stdio.c                          0x00000000   Number         0  stdio_streams.o ABSOLUTE
    ../clib/stdio.c                          0x00000000   Number         0  fputc.o ABSOLUTE
    ../clib/stdio.c                          0x00000000   Number         0  fputs_locked.o ABSOLUTE
    ../clib/stdio.c                          0x00000000   Number         0  initio.o ABSOLUTE
    ../clib/stdio.c                          0x00000000   Number         0  fseek.o ABSOLUTE
    ../clib/stdio.c                          0x00000000   Number         0  fputc_locked.o ABSOLUTE
    ../clib/stdio.c                          0x00000000   Number         0  ferror_locked.o ABSOLUTE
    ../clib/stdio.c                          0x00000000   Number         0  initio_locked.o ABSOLUTE
    ../clib/stdio.c                          0x00000000   Number         0  ftell.o ABSOLUTE
    ../clib/stdio.c                          0x00000000   Number         0  fputs.o ABSOLUTE
    ../clib/stdlib.c                         0x00000000   Number         0  exit.o ABSOLUTE
    ../clib/wchar.c                          0x00000000   Number         0  flsbuf_fwide.o ABSOLUTE
    ../fplib/dflt.s                          0x00000000   Number         0  dflt_clz.o ABSOLUTE
    ../fplib/dretinf.s                       0x00000000   Number         0  dretinf.o ABSOLUTE
    ../fplib/except.s                        0x00000000   Number         0  except.o ABSOLUTE
    ../fplib/f2d.s                           0x00000000   Number         0  f2d.o ABSOLUTE
    ../fplib/fnaninf.s                       0x00000000   Number         0  fnaninf.o ABSOLUTE
    ../fplib/fpinit.s                        0x00000000   Number         0  fpinit.o ABSOLUTE
    ../fplib/funder.s                        0x00000000   Number         0  funder_clz.o ABSOLUTE
    ../fplib/istatus.s                       0x00000000   Number         0  istatus.o ABSOLUTE
    ../fplib/printf1.s                       0x00000000   Number         0  printf1.o ABSOLUTE
    ../fplib/retnan.s                        0x00000000   Number         0  retnan.o ABSOLUTE
    ../fplib/trapv.s                         0x00000000   Number         0  trapv.o ABSOLUTE
    ../fplib/usenofp.s                       0x00000000   Number         0  usenofp.o ABSOLUTE
    ../mathlib/fpclassify.c                  0x00000000   Number         0  fpclassify.o ABSOLUTE
    ..\..\Source\StatisticsFunctions\arm_max_f32.c 0x00000000   Number         0  arm_max_f32.o ABSOLUTE
    ..\\..\\Source\\StatisticsFunctions\\arm_max_f32.c 0x00000000   Number         0  arm_max_f32.o ABSOLUTE
    C:\Keil_v5\ARM\PACK\Keil\ARM_Compiler\1.4.0\Source\retarget_io.c 0x00000000   Number         0  retarget_io.o ABSOLUTE
    RTE\Device\ARMCM4_FP\startup_ARMCM4.s    0x00000000   Number         0  startup_armcm4.o ABSOLUTE
    RTE\Device\ARMCM4_FP\system_ARMCM4.c     0x00000000   Number         0  system_armcm4.o ABSOLUTE
    RTE\\Device\\ARMCM4_FP\\system_ARMCM4.c  0x00000000   Number         0  system_armcm4.o ABSOLUTE
    asm\asm_max.s                            0x00000000   Number         0  asm_max.o ABSOLUTE
    dc.s                                     0x00000000   Number         0  dc.o ABSOLUTE
    src\\main.c                              0x00000000   Number         0  main.o ABSOLUTE
    src\main.c                               0x00000000   Number         0  main.o ABSOLUTE
    !!!main                                  0x000000c0   Section        8  __main.o(!!!main)
    !!!scatter                               0x000000c8   Section       52  __scatter.o(!!!scatter)
    !!dclz77c                                0x000000fc   Section      100  __dclz77c.o(!!dclz77c)
    !!handler_zi                             0x00000160   Section       28  __scatter_zi.o(!!handler_zi)
    .ARM.Collect$$_printf_percent$$00000000  0x0000017c   Section        0  _printf_percent.o(.ARM.Collect$$_printf_percent$$00000000)
    .ARM.Collect$$_printf_percent$$00000003  0x0000017c   Section        6  _printf_f.o(.ARM.Collect$$_printf_percent$$00000003)
    .ARM.Collect$$_printf_percent$$00000009  0x00000182   Section        6  _printf_d.o(.ARM.Collect$$_printf_percent$$00000009)
    .ARM.Collect$$_printf_percent$$00000017  0x00000188   Section        4  _printf_percent_end.o(.ARM.Collect$$_printf_percent$$00000017)
    .ARM.Collect$$libinit$$00000000          0x0000018c   Section        2  libinit.o(.ARM.Collect$$libinit$$00000000)
    .ARM.Collect$$libinit$$00000001          0x0000018e   Section        4  libinit2.o(.ARM.Collect$$libinit$$00000001)
    .ARM.Collect$$libinit$$00000004          0x00000192   Section        0  libinit2.o(.ARM.Collect$$libinit$$00000004)
    .ARM.Collect$$libinit$$00000005          0x00000192   Section        8  libinit2.o(.ARM.Collect$$libinit$$00000005)
    .ARM.Collect$$libinit$$0000000A          0x0000019a   Section        0  libinit2.o(.ARM.Collect$$libinit$$0000000A)
    .ARM.Collect$$libinit$$0000000C          0x0000019a   Section        0  libinit2.o(.ARM.Collect$$libinit$$0000000C)
    .ARM.Collect$$libinit$$0000000E          0x0000019a   Section        0  libinit2.o(.ARM.Collect$$libinit$$0000000E)
    .ARM.Collect$$libinit$$0000000F          0x0000019a   Section        6  libinit2.o(.ARM.Collect$$libinit$$0000000F)
    .ARM.Collect$$libinit$$00000011          0x000001a0   Section        0  libinit2.o(.ARM.Collect$$libinit$$00000011)
    .ARM.Collect$$libinit$$00000013          0x000001a0   Section        0  libinit2.o(.ARM.Collect$$libinit$$00000013)
    .ARM.Collect$$libinit$$00000015          0x000001a0   Section        0  libinit2.o(.ARM.Collect$$libinit$$00000015)
    .ARM.Collect$$libinit$$00000016          0x000001a0   Section       10  libinit2.o(.ARM.Collect$$libinit$$00000016)
    .ARM.Collect$$libinit$$00000017          0x000001aa   Section        0  libinit2.o(.ARM.Collect$$libinit$$00000017)
    .ARM.Collect$$libinit$$00000019          0x000001aa   Section        0  libinit2.o(.ARM.Collect$$libinit$$00000019)
    .ARM.Collect$$libinit$$0000001B          0x000001aa   Section        0  libinit2.o(.ARM.Collect$$libinit$$0000001B)
    .ARM.Collect$$libinit$$0000001D          0x000001aa   Section        0  libinit2.o(.ARM.Collect$$libinit$$0000001D)
    .ARM.Collect$$libinit$$0000001F          0x000001aa   Section        0  libinit2.o(.ARM.Collect$$libinit$$0000001F)
    .ARM.Collect$$libinit$$00000021          0x000001aa   Section        0  libinit2.o(.ARM.Collect$$libinit$$00000021)
    .ARM.Collect$$libinit$$00000023          0x000001aa   Section        0  libinit2.o(.ARM.Collect$$libinit$$00000023)
    .ARM.Collect$$libinit$$00000024          0x000001aa   Section        4  libinit2.o(.ARM.Collect$$libinit$$00000024)
    .ARM.Collect$$libinit$$00000025          0x000001ae   Section        0  libinit2.o(.ARM.Collect$$libinit$$00000025)
    .ARM.Collect$$libinit$$0000002C          0x000001ae   Section        0  libinit2.o(.ARM.Collect$$libinit$$0000002C)
    .ARM.Collect$$libinit$$0000002E          0x000001ae   Section        0  libinit2.o(.ARM.Collect$$libinit$$0000002E)
    .ARM.Collect$$libinit$$00000030          0x000001ae   Section        0  libinit2.o(.ARM.Collect$$libinit$$00000030)
    .ARM.Collect$$libinit$$00000032          0x000001ae   Section        0  libinit2.o(.ARM.Collect$$libinit$$00000032)
    .ARM.Collect$$libinit$$00000033          0x000001ae   Section        2  libinit2.o(.ARM.Collect$$libinit$$00000033)
    .ARM.Collect$$libshutdown$$00000000      0x000001b0   Section        2  libshutdown.o(.ARM.Collect$$libshutdown$$00000000)
    .ARM.Collect$$libshutdown$$00000002      0x000001b2   Section        4  libshutdown2.o(.ARM.Collect$$libshutdown$$00000002)
    .ARM.Collect$$libshutdown$$00000003      0x000001b6   Section        0  libshutdown2.o(.ARM.Collect$$libshutdown$$00000003)
    .ARM.Collect$$libshutdown$$00000006      0x000001b6   Section        0  libshutdown2.o(.ARM.Collect$$libshutdown$$00000006)
    .ARM.Collect$$libshutdown$$00000009      0x000001b6   Section        0  libshutdown2.o(.ARM.Collect$$libshutdown$$00000009)
    .ARM.Collect$$libshutdown$$0000000B      0x000001b6   Section        0  libshutdown2.o(.ARM.Collect$$libshutdown$$0000000B)
    .ARM.Collect$$libshutdown$$0000000E      0x000001b6   Section        0  libshutdown2.o(.ARM.Collect$$libshutdown$$0000000E)
    .ARM.Collect$$libshutdown$$0000000F      0x000001b6   Section        2  libshutdown2.o(.ARM.Collect$$libshutdown$$0000000F)
    .ARM.Collect$$rtentry$$00000000          0x000001b8   Section        0  __rtentry.o(.ARM.Collect$$rtentry$$00000000)
    .ARM.Collect$$rtentry$$00000002          0x000001b8   Section        0  __rtentry2.o(.ARM.Collect$$rtentry$$00000002)
    .ARM.Collect$$rtentry$$00000004          0x000001b8   Section        6  __rtentry4.o(.ARM.Collect$$rtentry$$00000004)
    .ARM.Collect$$rtentry$$00000009          0x000001be   Section        0  __rtentry2.o(.ARM.Collect$$rtentry$$00000009)
    .ARM.Collect$$rtentry$$0000000A          0x000001be   Section        4  __rtentry2.o(.ARM.Collect$$rtentry$$0000000A)
    .ARM.Collect$$rtentry$$0000000C          0x000001c2   Section        0  __rtentry2.o(.ARM.Collect$$rtentry$$0000000C)
    .ARM.Collect$$rtentry$$0000000D          0x000001c2   Section        8  __rtentry2.o(.ARM.Collect$$rtentry$$0000000D)
    .ARM.Collect$$rtexit$$00000000           0x000001ca   Section        2  rtexit.o(.ARM.Collect$$rtexit$$00000000)
    .ARM.Collect$$rtexit$$00000002           0x000001cc   Section        0  rtexit2.o(.ARM.Collect$$rtexit$$00000002)
    .ARM.Collect$$rtexit$$00000003           0x000001cc   Section        4  rtexit2.o(.ARM.Collect$$rtexit$$00000003)
    .ARM.Collect$$rtexit$$00000004           0x000001d0   Section        6  rtexit2.o(.ARM.Collect$$rtexit$$00000004)
    .emb_text                                0x000001d8   Section        0  maybetermalloc1.o(.emb_text)
    .text                                    0x000001d8   Section       64  startup_armcm4.o(.text)
    $v0                                      0x000001d8   Number         0  startup_armcm4.o(.text)
    .text                                    0x00000218   Section        0  arm_max_f32.o(.text)
    .text                                    0x000002f0   Section        0  noretval__2printf.o(.text)
    .text                                    0x00000308   Section        0  __printf.o(.text)
    .text                                    0x00000370   Section        0  _printf_dec.o(.text)
    .text                                    0x000003e8   Section      128  strcmpv7m.o(.text)
    .text                                    0x00000468   Section        0  heapauxi.o(.text)
    .text                                    0x0000046e   Section        0  _printf_intcommon.o(.text)
    .text                                    0x00000520   Section        0  _printf_fp_dec.o(.text)
    _fp_digits                               0x00000523   Thumb Code   428  _printf_fp_dec.o(.text)
    .text                                    0x0000093c   Section        0  _printf_char_file.o(.text)
    .text                                    0x00000960   Section        8  rt_locale_intlibspace.o(.text)
    .text                                    0x00000968   Section      138  lludiv10.o(.text)
    .text                                    0x000009f4   Section        0  _printf_char_common.o(.text)
    _printf_input_char                       0x000009f5   Thumb Code    10  _printf_char_common.o(.text)
    .text                                    0x00000a24   Section        0  _printf_fp_infnan.o(.text)
    .text                                    0x00000aa4   Section        0  bigflt0.o(.text)
    .text                                    0x00000b80   Section        0  ferror.o(.text)
    .text                                    0x00000b88   Section        0  initio.o(.text)
    .text                                    0x00000cc0   Section        8  libspace.o(.text)
    .text                                    0x00000cc8   Section       74  sys_stackheap_outer.o(.text)
    .text                                    0x00000d12   Section        0  h1_free.o(.text)
    .text                                    0x00000d60   Section        0  flsbuf.o(.text)
    .text                                    0x00000f36   Section        0  setvbuf.o(.text)
    .text                                    0x00000f7c   Section        0  fopen.o(.text)
    _freopen_locked                          0x00000f7d   Thumb Code     0  fopen.o(.text)
    .text                                    0x00001068   Section        0  fclose.o(.text)
    .text                                    0x000010b4   Section        0  exit.o(.text)
    .text                                    0x000010c0   Section        0  defsig_rtred_outer.o(.text)
    .text                                    0x000010ce   Section       78  rt_memclr_w.o(.text)
    .text                                    0x0000111c   Section        8  rt_heap_descriptor_intlibspace.o(.text)
    .text                                    0x00001124   Section        0  hguard.o(.text)
    .text                                    0x00001128   Section        0  init_alloc.o(.text)
    .text                                    0x000011b2   Section        0  h1_alloc.o(.text)
    .text                                    0x00001210   Section        0  _fptrap.o(.text)
    .text                                    0x00001240   Section        0  fseek.o(.text)
    .text                                    0x00001338   Section        0  stdio.o(.text)
    .text                                    0x00001428   Section        0  defsig_exit.o(.text)
    .text                                    0x00001434   Section        0  defsig_rtred_inner.o(.text)
    .text                                    0x00001468   Section        0  sys_exit.o(.text)
    .text                                    0x00001474   Section        0  h1_init.o(.text)
    .text                                    0x00001482   Section        0  h1_extend.o(.text)
    .text                                    0x000014b6   Section        0  ftell.o(.text)
    .text                                    0x000014f8   Section        0  defsig_general.o(.text)
    .text                                    0x0000152a   Section        0  defsig_fpe_outer.o(.text)
    .text                                    0x00001538   Section        0  defsig_rtmem_outer.o(.text)
    .text                                    0x00001546   Section        0  sys_wrch.o(.text)
    .text                                    0x00001554   Section        2  use_no_semi.o(.text)
    .text                                    0x00001556   Section        0  indicate_semi.o(.text)
    .text                                    0x00001558   Section        8  rt_errno_addr_intlibspace.o(.text)
    .text                                    0x00001560   Section        0  defsig_fpe_inner.o(.text)
    .text                                    0x0000160c   Section        0  defsig_rtmem_inner.o(.text)
    CL$$btod_d2e                             0x0000165c   Section       62  btod.o(CL$$btod_d2e)
    CL$$btod_d2e_denorm_low                  0x0000169a   Section       70  btod.o(CL$$btod_d2e_denorm_low)
    CL$$btod_d2e_norm_op1                    0x000016e0   Section       96  btod.o(CL$$btod_d2e_norm_op1)
    CL$$btod_div_common                      0x00001740   Section      824  btod.o(CL$$btod_div_common)
    CL$$btod_e2e                             0x00001a78   Section      198  btod.o(CL$$btod_e2e)
    CL$$btod_ediv                            0x00001b3e   Section       40  btod.o(CL$$btod_ediv)
    CL$$btod_emul                            0x00001b66   Section       40  btod.o(CL$$btod_emul)
    CL$$btod_mult_common                     0x00001b8e   Section      580  btod.o(CL$$btod_mult_common)
    i.ITM_SendChar                           0x00001dd4   Section        0  retarget_io.o(i.ITM_SendChar)
    i.SystemInit                             0x00001e04   Section        0  system_armcm4.o(i.SystemInit)
    i.__ARM_fpclassify                       0x00001e34   Section        0  fpclassify.o(i.__ARM_fpclassify)
    i._sys_close                             0x00001e64   Section        0  retarget_io.o(i._sys_close)
    i._sys_flen                              0x00001e8a   Section        0  retarget_io.o(i._sys_flen)
    i._sys_istty                             0x00001eae   Section        0  retarget_io.o(i._sys_istty)
    i._sys_open                              0x00001ed4   Section        0  retarget_io.o(i._sys_open)
    i._sys_seek                              0x00001f3c   Section        0  retarget_io.o(i._sys_seek)
    i._sys_write                             0x00001f68   Section        0  retarget_io.o(i._sys_write)
    i.fputc                                  0x00001fae   Section        0  fputc.o(i.fputc)
    i.main                                   0x00001fc8   Section        0  main.o(i.main)
    i.stdout_putchar                         0x00002180   Section        0  retarget_io.o(i.stdout_putchar)
    stdout_putchar                           0x00002181   Thumb Code    12  retarget_io.o(i.stdout_putchar)
    locale$$code                             0x0000218c   Section       44  lc_numeric_c.o(locale$$code)
    test                                     0x000021b8   Section       50  asm_max.o(test)
    $v0                                      0x000021b8   Number         0  asm_max.o(test)
    x$fpl$dfltn                              0x000021ea   Section       26  dflt_clz.o(x$fpl$dfltn)
    $v0                                      0x000021ea   Number         0  dflt_clz.o(x$fpl$dfltn)
    x$fpl$dretinf                            0x00002204   Section       12  dretinf.o(x$fpl$dretinf)
    $v0                                      0x00002204   Number         0  dretinf.o(x$fpl$dretinf)
    x$fpl$exception                          0x00002210   Section      492  except.o(x$fpl$exception)
    $v0                                      0x00002210   Number         0  except.o(x$fpl$exception)
    x$fpl$f2d                                0x000023fc   Section      122  f2d.o(x$fpl$f2d)
    $v0                                      0x000023fc   Number         0  f2d.o(x$fpl$f2d)
    x$fpl$fnaninf                            0x00002476   Section      242  fnaninf.o(x$fpl$fnaninf)
    $v0                                      0x00002476   Number         0  fnaninf.o(x$fpl$fnaninf)
    x$fpl$fpinit                             0x00002568   Section       10  fpinit.o(x$fpl$fpinit)
    $v0                                      0x00002568   Number         0  fpinit.o(x$fpl$fpinit)
    x$fpl$funder                             0x00002572   Section      316  funder_clz.o(x$fpl$funder)
    $v0                                      0x00002572   Number         0  funder_clz.o(x$fpl$funder)
    x$fpl$ieeestatus                         0x000026b0   Section       32  istatus.o(x$fpl$ieeestatus)
    $v0                                      0x000026b0   Number         0  istatus.o(x$fpl$ieeestatus)
    x$fpl$printf1                            0x000026d0   Section        4  printf1.o(x$fpl$printf1)
    $v0                                      0x000026d0   Number         0  printf1.o(x$fpl$printf1)
    x$fpl$retnan                             0x000026d4   Section      178  retnan.o(x$fpl$retnan)
    $v0                                      0x000026d4   Number         0  retnan.o(x$fpl$retnan)
    x$fpl$trapveneer                         0x00002786   Section      126  trapv.o(x$fpl$trapveneer)
    $v0                                      0x00002786   Number         0  trapv.o(x$fpl$trapveneer)
    .constdata                               0x00002804   Section       23  retarget_io.o(.constdata)
    x$fpl$usenofp                            0x00002804   Section        0  usenofp.o(x$fpl$usenofp)
    .constdata                               0x0000281c   Section      148  bigflt0.o(.constdata)
    tenpwrs_x                                0x0000281c   Data          60  bigflt0.o(.constdata)
    tenpwrs_i                                0x00002858   Data          64  bigflt0.o(.constdata)
    locale$$data                             0x000028d0   Section       28  lc_numeric_c.o(locale$$data)
    __lcnum_c_name                           0x000028d4   Data           2  lc_numeric_c.o(locale$$data)
    __lcnum_c_start                          0x000028dc   Data           0  lc_numeric_c.o(locale$$data)
    __lcnum_c_point                          0x000028e8   Data           0  lc_numeric_c.o(locale$$data)
    __lcnum_c_thousands                      0x000028ea   Data           0  lc_numeric_c.o(locale$$data)
    __lcnum_c_grouping                       0x000028eb   Data           0  lc_numeric_c.o(locale$$data)
    __lcnum_c_end                            0x000028ec   Data           0  lc_numeric_c.o(locale$$data)
    .data                                    0x20000000   Section     4040  main.o(.data)
    .data                                    0x20000fc8   Section        4  system_armcm4.o(.data)
    .data                                    0x20000fcc   Section        4  stdio_streams.o(.data)
    .data                                    0x20000fd0   Section        4  stdio_streams.o(.data)
    .data                                    0x20000fd4   Section        4  stdio_streams.o(.data)
    .bss                                     0x20000fd8   Section       84  stdio_streams.o(.bss)
    .bss                                     0x2000102c   Section       84  stdio_streams.o(.bss)
    .bss                                     0x20001080   Section       84  stdio_streams.o(.bss)
    .bss                                     0x200010d4   Section       96  libspace.o(.bss)
    HEAP                                     0x20001138   Section     3072  startup_armcm4.o(HEAP)
    Heap_Mem                                 0x20001138   Data        3072  startup_armcm4.o(HEAP)
    STACK                                    0x20001d38   Section     1024  startup_armcm4.o(STACK)
    Stack_Mem                                0x20001d38   Data        1024  startup_armcm4.o(STACK)
    __initial_sp                             0x20002138   Data           0  startup_armcm4.o(STACK)

    Global Symbols

    Symbol Name                              Value     Ov Type        Size  Object(Section)

    BuildAttributes$$THM_ISAv4$E$P$D$K$B$S$7EM$VFPi3$EXTD16$VFPS$VFMA$PE$A:L22UL41UL21$X:L11$S22US41US21$IEEE1$IW$USESV6$~STKCKD$USESV7$~SHL$OTIME$ROPI$IEEEX$EBA8$UX$STANDARDLIB$REQ8$PRES8$EABIv2 0x00000000   Number         0  anon$$obj.o ABSOLUTE
    __ARM_use_no_argv                        0x00000000   Number         0  main.o ABSOLUTE
    __Vectors                                0x00000000   Data           4  startup_armcm4.o(RESET)
    __ARM_exceptions_init                     - Undefined Weak Reference
    __alloca_initialize                       - Undefined Weak Reference
    __arm_preinit_                            - Undefined Weak Reference
    __cpp_initialize__aeabi_                  - Undefined Weak Reference
    __cxa_finalize                            - Undefined Weak Reference
    __sigvec_lookup                           - Undefined Weak Reference
    __user_heap_extent                        - Undefined Weak Reference
    _atexit_init                              - Undefined Weak Reference
    _call_atexit_fns                          - Undefined Weak Reference
    _clock_init                               - Undefined Weak Reference
    _fp_trap_big                              - Undefined Weak Reference
    _fp_trap_init                             - Undefined Weak Reference
    _fp_trap_shutdown                         - Undefined Weak Reference
    _get_lc_collate                           - Undefined Weak Reference
    _get_lc_ctype                             - Undefined Weak Reference
    _get_lc_monetary                          - Undefined Weak Reference
    _get_lc_time                              - Undefined Weak Reference
    _getenv_init                              - Undefined Weak Reference
    _handle_redirection                       - Undefined Weak Reference
    _mutex_acquire                            - Undefined Weak Reference
    _mutex_free                               - Undefined Weak Reference
    _mutex_release                            - Undefined Weak Reference
    _printf_post_padding                      - Undefined Weak Reference
    _printf_pre_padding                       - Undefined Weak Reference
    _printf_truncate_signed                   - Undefined Weak Reference
    _printf_truncate_unsigned                 - Undefined Weak Reference
    _rand_init                                - Undefined Weak Reference
    _signal_finish                            - Undefined Weak Reference
    _signal_init                              - Undefined Weak Reference
    __Vectors_End                            0x000000c0   Data           0  startup_armcm4.o(RESET)
    __Vectors_Size                           0x000000c0   Number         0  startup_armcm4.o ABSOLUTE
    __main                                   0x000000c1   Thumb Code     8  __main.o(!!!main)
    __scatterload                            0x000000c9   Thumb Code     0  __scatter.o(!!!scatter)
    __scatterload_rt2                        0x000000c9   Thumb Code    44  __scatter.o(!!!scatter)
    __scatterload_rt2_thumb_only             0x000000c9   Thumb Code     0  __scatter.o(!!!scatter)
    __scatterload_null                       0x000000d7   Thumb Code     0  __scatter.o(!!!scatter)
    __decompress                             0x000000fd   Thumb Code   100  __dclz77c.o(!!dclz77c)
    __decompress2                            0x000000fd   Thumb Code     0  __dclz77c.o(!!dclz77c)
    __scatterload_zeroinit                   0x00000161   Thumb Code    28  __scatter_zi.o(!!handler_zi)
    _printf_f                                0x0000017d   Thumb Code     0  _printf_f.o(.ARM.Collect$$_printf_percent$$00000003)
    _printf_percent                          0x0000017d   Thumb Code     0  _printf_percent.o(.ARM.Collect$$_printf_percent$$00000000)
    _printf_d                                0x00000183   Thumb Code     0  _printf_d.o(.ARM.Collect$$_printf_percent$$00000009)
    _printf_percent_end                      0x00000189   Thumb Code     0  _printf_percent_end.o(.ARM.Collect$$_printf_percent$$00000017)
    __rt_lib_init                            0x0000018d   Thumb Code     0  libinit.o(.ARM.Collect$$libinit$$00000000)
    __rt_lib_init_fp_1                       0x0000018f   Thumb Code     0  libinit2.o(.ARM.Collect$$libinit$$00000001)
    __rt_lib_init_heap_2                     0x00000193   Thumb Code     0  libinit2.o(.ARM.Collect$$libinit$$00000005)
    __rt_lib_init_preinit_1                  0x00000193   Thumb Code     0  libinit2.o(.ARM.Collect$$libinit$$00000004)
    __rt_lib_init_heap_1                     0x0000019b   Thumb Code     0  libinit2.o(.ARM.Collect$$libinit$$0000000A)
    __rt_lib_init_lc_common                  0x0000019b   Thumb Code     0  libinit2.o(.ARM.Collect$$libinit$$0000000F)
    __rt_lib_init_rand_1                     0x0000019b   Thumb Code     0  libinit2.o(.ARM.Collect$$libinit$$0000000E)
    __rt_lib_init_user_alloc_1               0x0000019b   Thumb Code     0  libinit2.o(.ARM.Collect$$libinit$$0000000C)
    __rt_lib_init_lc_collate_1               0x000001a1   Thumb Code     0  libinit2.o(.ARM.Collect$$libinit$$00000011)
    __rt_lib_init_lc_ctype_1                 0x000001a1   Thumb Code     0  libinit2.o(.ARM.Collect$$libinit$$00000013)
    __rt_lib_init_lc_monetary_1              0x000001a1   Thumb Code     0  libinit2.o(.ARM.Collect$$libinit$$00000015)
    __rt_lib_init_lc_numeric_2               0x000001a1   Thumb Code     0  libinit2.o(.ARM.Collect$$libinit$$00000016)
    __rt_lib_init_atexit_1                   0x000001ab   Thumb Code     0  libinit2.o(.ARM.Collect$$libinit$$0000001B)
    __rt_lib_init_clock_1                    0x000001ab   Thumb Code     0  libinit2.o(.ARM.Collect$$libinit$$00000021)
    __rt_lib_init_fp_trap_1                  0x000001ab   Thumb Code     0  libinit2.o(.ARM.Collect$$libinit$$0000001F)
    __rt_lib_init_getenv_1                   0x000001ab   Thumb Code     0  libinit2.o(.ARM.Collect$$libinit$$00000023)
    __rt_lib_init_lc_numeric_1               0x000001ab   Thumb Code     0  libinit2.o(.ARM.Collect$$libinit$$00000017)
    __rt_lib_init_lc_time_1                  0x000001ab   Thumb Code     0  libinit2.o(.ARM.Collect$$libinit$$00000019)
    __rt_lib_init_signal_1                   0x000001ab   Thumb Code     0  libinit2.o(.ARM.Collect$$libinit$$0000001D)
    __rt_lib_init_stdio_2                    0x000001ab   Thumb Code     0  libinit2.o(.ARM.Collect$$libinit$$00000024)
    __rt_lib_init_alloca_1                   0x000001af   Thumb Code     0  libinit2.o(.ARM.Collect$$libinit$$0000002E)
    __rt_lib_init_argv_1                     0x000001af   Thumb Code     0  libinit2.o(.ARM.Collect$$libinit$$0000002C)
    __rt_lib_init_cpp_1                      0x000001af   Thumb Code     0  libinit2.o(.ARM.Collect$$libinit$$00000032)
    __rt_lib_init_exceptions_1               0x000001af   Thumb Code     0  libinit2.o(.ARM.Collect$$libinit$$00000030)
    __rt_lib_init_return                     0x000001af   Thumb Code     0  libinit2.o(.ARM.Collect$$libinit$$00000033)
    __rt_lib_init_stdio_1                    0x000001af   Thumb Code     0  libinit2.o(.ARM.Collect$$libinit$$00000025)
    __rt_lib_shutdown                        0x000001b1   Thumb Code     0  libshutdown.o(.ARM.Collect$$libshutdown$$00000000)
    __rt_lib_shutdown_stdio_2                0x000001b3   Thumb Code     0  libshutdown2.o(.ARM.Collect$$libshutdown$$00000002)
    __rt_lib_shutdown_fp_trap_1              0x000001b7   Thumb Code     0  libshutdown2.o(.ARM.Collect$$libshutdown$$00000006)
    __rt_lib_shutdown_heap_1                 0x000001b7   Thumb Code     0  libshutdown2.o(.ARM.Collect$$libshutdown$$0000000E)
    __rt_lib_shutdown_return                 0x000001b7   Thumb Code     0  libshutdown2.o(.ARM.Collect$$libshutdown$$0000000F)
    __rt_lib_shutdown_signal_1               0x000001b7   Thumb Code     0  libshutdown2.o(.ARM.Collect$$libshutdown$$00000009)
    __rt_lib_shutdown_stdio_1                0x000001b7   Thumb Code     0  libshutdown2.o(.ARM.Collect$$libshutdown$$00000003)
    __rt_lib_shutdown_user_alloc_1           0x000001b7   Thumb Code     0  libshutdown2.o(.ARM.Collect$$libshutdown$$0000000B)
    __rt_entry                               0x000001b9   Thumb Code     0  __rtentry.o(.ARM.Collect$$rtentry$$00000000)
    __rt_entry_presh_1                       0x000001b9   Thumb Code     0  __rtentry2.o(.ARM.Collect$$rtentry$$00000002)
    __rt_entry_sh                            0x000001b9   Thumb Code     0  __rtentry4.o(.ARM.Collect$$rtentry$$00000004)
    __rt_entry_li                            0x000001bf   Thumb Code     0  __rtentry2.o(.ARM.Collect$$rtentry$$0000000A)
    __rt_entry_postsh_1                      0x000001bf   Thumb Code     0  __rtentry2.o(.ARM.Collect$$rtentry$$00000009)
    __rt_entry_main                          0x000001c3   Thumb Code     0  __rtentry2.o(.ARM.Collect$$rtentry$$0000000D)
    __rt_entry_postli_1                      0x000001c3   Thumb Code     0  __rtentry2.o(.ARM.Collect$$rtentry$$0000000C)
    __rt_exit                                0x000001cb   Thumb Code     0  rtexit.o(.ARM.Collect$$rtexit$$00000000)
    __rt_exit_ls                             0x000001cd   Thumb Code     0  rtexit2.o(.ARM.Collect$$rtexit$$00000003)
    __rt_exit_prels_1                        0x000001cd   Thumb Code     0  rtexit2.o(.ARM.Collect$$rtexit$$00000002)
    __rt_exit_exit                           0x000001d1   Thumb Code     0  rtexit2.o(.ARM.Collect$$rtexit$$00000004)
    Reset_Handler                            0x000001d9   Thumb Code     8  startup_armcm4.o(.text)
    _maybe_terminate_alloc                   0x000001d9   Thumb Code     0  maybetermalloc1.o(.emb_text)
    NMI_Handler                              0x000001e1   Thumb Code     2  startup_armcm4.o(.text)
    HardFault_Handler                        0x000001e3   Thumb Code     2  startup_armcm4.o(.text)
    MemManage_Handler                        0x000001e5   Thumb Code     2  startup_armcm4.o(.text)
    BusFault_Handler                         0x000001e7   Thumb Code     2  startup_armcm4.o(.text)
    UsageFault_Handler                       0x000001e9   Thumb Code     2  startup_armcm4.o(.text)
    SVC_Handler                              0x000001eb   Thumb Code     2  startup_armcm4.o(.text)
    DebugMon_Handler                         0x000001ed   Thumb Code     2  startup_armcm4.o(.text)
    PendSV_Handler                           0x000001ef   Thumb Code     2  startup_armcm4.o(.text)
    SysTick_Handler                          0x000001f1   Thumb Code     2  startup_armcm4.o(.text)
    AACI_IRQHandler                          0x000001f3   Thumb Code     0  startup_armcm4.o(.text)
    CAN_IRQHandler                           0x000001f3   Thumb Code     0  startup_armcm4.o(.text)
    CHLCD_IRQHandler                         0x000001f3   Thumb Code     0  startup_armcm4.o(.text)
    CLCD_IRQHandler                          0x000001f3   Thumb Code     0  startup_armcm4.o(.text)
    CPU_CLCD_IRQHandler                      0x000001f3   Thumb Code     0  startup_armcm4.o(.text)
    ENET_IRQHandler                          0x000001f3   Thumb Code     0  startup_armcm4.o(.text)
    FLEXRAY_IRQHandler                       0x000001f3   Thumb Code     0  startup_armcm4.o(.text)
    I2C_IRQHandler                           0x000001f3   Thumb Code     0  startup_armcm4.o(.text)
    LIN_IRQHandler                           0x000001f3   Thumb Code     0  startup_armcm4.o(.text)
    MCIA_IRQHandler                          0x000001f3   Thumb Code     0  startup_armcm4.o(.text)
    MCIB_IRQHandler                          0x000001f3   Thumb Code     0  startup_armcm4.o(.text)
    RTC_IRQHandler                           0x000001f3   Thumb Code     0  startup_armcm4.o(.text)
    SPI_IRQHandler                           0x000001f3   Thumb Code     0  startup_armcm4.o(.text)
    TIM0_IRQHandler                          0x000001f3   Thumb Code     0  startup_armcm4.o(.text)
    TIM2_IRQHandler                          0x000001f3   Thumb Code     0  startup_armcm4.o(.text)
    UART0_IRQHandler                         0x000001f3   Thumb Code     0  startup_armcm4.o(.text)
    UART1_IRQHandler                         0x000001f3   Thumb Code     0  startup_armcm4.o(.text)
    UART2_IRQHandler                         0x000001f3   Thumb Code     0  startup_armcm4.o(.text)
    UART3_IRQHandler                         0x000001f3   Thumb Code     0  startup_armcm4.o(.text)
    UART4_IRQHandler                         0x000001f3   Thumb Code     0  startup_armcm4.o(.text)
    USBDC_IRQHandler                         0x000001f3   Thumb Code     0  startup_armcm4.o(.text)
    USBHC_IRQHandler                         0x000001f3   Thumb Code     0  startup_armcm4.o(.text)
    WDT_IRQHandler                           0x000001f3   Thumb Code     0  startup_armcm4.o(.text)
    __user_initial_stackheap                 0x000001f5   Thumb Code    10  startup_armcm4.o(.text)
    arm_max_f32                              0x00000219   Thumb Code   216  arm_max_f32.o(.text)
    __2printf                                0x000002f1   Thumb Code    20  noretval__2printf.o(.text)
    __printf                                 0x00000309   Thumb Code   104  __printf.o(.text)
    _printf_int_dec                          0x00000371   Thumb Code   104  _printf_dec.o(.text)
    strcmp                                   0x000003e9   Thumb Code   128  strcmpv7m.o(.text)
    __use_two_region_memory                  0x00000469   Thumb Code     2  heapauxi.o(.text)
    __rt_heap_escrow                         0x0000046b   Thumb Code     2  heapauxi.o(.text)
    __rt_heap_expand                         0x0000046d   Thumb Code     2  heapauxi.o(.text)
    _printf_int_common                       0x0000046f   Thumb Code   178  _printf_intcommon.o(.text)
    __lib_sel_fp_printf                      0x00000521   Thumb Code     2  _printf_fp_dec.o(.text)
    _printf_fp_dec_real                      0x000006cf   Thumb Code   620  _printf_fp_dec.o(.text)
    _printf_char_file                        0x0000093d   Thumb Code    32  _printf_char_file.o(.text)
    __rt_locale                              0x00000961   Thumb Code     8  rt_locale_intlibspace.o(.text)
    _ll_udiv10                               0x00000969   Thumb Code   138  lludiv10.o(.text)
    _printf_char_common                      0x000009ff   Thumb Code    32  _printf_char_common.o(.text)
    _printf_fp_infnan                        0x00000a25   Thumb Code   112  _printf_fp_infnan.o(.text)
    _btod_etento                             0x00000aa5   Thumb Code   216  bigflt0.o(.text)
    ferror                                   0x00000b81   Thumb Code     8  ferror.o(.text)
    _initio                                  0x00000b89   Thumb Code   210  initio.o(.text)
    _terminateio                             0x00000c5b   Thumb Code    56  initio.o(.text)
    __user_libspace                          0x00000cc1   Thumb Code     8  libspace.o(.text)
    __user_perproc_libspace                  0x00000cc1   Thumb Code     0  libspace.o(.text)
    __user_perthread_libspace                0x00000cc1   Thumb Code     0  libspace.o(.text)
    __user_setup_stackheap                   0x00000cc9   Thumb Code    74  sys_stackheap_outer.o(.text)
    free                                     0x00000d13   Thumb Code    78  h1_free.o(.text)
    __flsbuf                                 0x00000d61   Thumb Code   470  flsbuf.o(.text)
    __flsbuf_byte                            0x00000d61   Thumb Code     0  flsbuf.o(.text)
    __flsbuf_wide                            0x00000d61   Thumb Code     0  flsbuf.o(.text)
    setvbuf                                  0x00000f37   Thumb Code    70  setvbuf.o(.text)
    freopen                                  0x00000f7d   Thumb Code   158  fopen.o(.text)
    fopen                                    0x0000101b   Thumb Code    74  fopen.o(.text)
    _fclose_internal                         0x00001069   Thumb Code    76  fclose.o(.text)
    fclose                                   0x00001069   Thumb Code     0  fclose.o(.text)
    exit                                     0x000010b5   Thumb Code    12  exit.o(.text)
    __rt_SIGRTRED                            0x000010c1   Thumb Code    14  defsig_rtred_outer.o(.text)
    __aeabi_memclr4                          0x000010cf   Thumb Code     0  rt_memclr_w.o(.text)
    __aeabi_memclr8                          0x000010cf   Thumb Code     0  rt_memclr_w.o(.text)
    __rt_memclr_w                            0x000010cf   Thumb Code    78  rt_memclr_w.o(.text)
    _memset_w                                0x000010d3   Thumb Code     0  rt_memclr_w.o(.text)
    __rt_heap_descriptor                     0x0000111d   Thumb Code     8  rt_heap_descriptor_intlibspace.o(.text)
    __use_no_heap                            0x00001125   Thumb Code     2  hguard.o(.text)
    __heap$guard                             0x00001127   Thumb Code     2  hguard.o(.text)
    _terminate_user_alloc                    0x00001129   Thumb Code     2  init_alloc.o(.text)
    _init_user_alloc                         0x0000112b   Thumb Code     2  init_alloc.o(.text)
    __Heap_Full                              0x0000112d   Thumb Code    34  init_alloc.o(.text)
    __Heap_Broken                            0x0000114f   Thumb Code     6  init_alloc.o(.text)
    _init_alloc                              0x00001155   Thumb Code    94  init_alloc.o(.text)
    malloc                                   0x000011b3   Thumb Code    94  h1_alloc.o(.text)
    _fp_trap                                 0x00001211   Thumb Code    44  _fptrap.o(.text)
    _fseek                                   0x00001241   Thumb Code   242  fseek.o(.text)
    fseek                                    0x00001241   Thumb Code     0  fseek.o(.text)
    _seterr                                  0x00001339   Thumb Code    20  stdio.o(.text)
    _writebuf                                0x0000134d   Thumb Code    84  stdio.o(.text)
    _fflush                                  0x000013a1   Thumb Code    70  stdio.o(.text)
    _deferredlazyseek                        0x000013e7   Thumb Code    60  stdio.o(.text)
    __sig_exit                               0x00001429   Thumb Code    10  defsig_exit.o(.text)
    __rt_SIGRTRED_inner                      0x00001435   Thumb Code    14  defsig_rtred_inner.o(.text)
    _sys_exit                                0x00001469   Thumb Code     8  sys_exit.o(.text)
    __Heap_Initialize                        0x00001475   Thumb Code    10  h1_init.o(.text)
    __Heap_DescSize                          0x0000147f   Thumb Code     4  h1_init.o(.text)
    __Heap_ProvideMemory                     0x00001483   Thumb Code    52  h1_extend.o(.text)
    _ftell_internal                          0x000014b7   Thumb Code    66  ftell.o(.text)
    ftell                                    0x000014b7   Thumb Code     0  ftell.o(.text)
    __default_signal_display                 0x000014f9   Thumb Code    50  defsig_general.o(.text)
    __rt_SIGFPE                              0x0000152b   Thumb Code    14  defsig_fpe_outer.o(.text)
    __rt_SIGRTMEM                            0x00001539   Thumb Code    14  defsig_rtmem_outer.o(.text)
    _ttywrch                                 0x00001547   Thumb Code    14  sys_wrch.o(.text)
    __I$use$semihosting                      0x00001555   Thumb Code     0  use_no_semi.o(.text)
    __use_no_semihosting_swi                 0x00001555   Thumb Code     2  use_no_semi.o(.text)
    __semihosting_library_function           0x00001557   Thumb Code     0  indicate_semi.o(.text)
    __aeabi_errno_addr                       0x00001559   Thumb Code     8  rt_errno_addr_intlibspace.o(.text)
    __errno$intlibspace                      0x00001559   Thumb Code     0  rt_errno_addr_intlibspace.o(.text)
    __rt_errno_addr$intlibspace              0x00001559   Thumb Code     0  rt_errno_addr_intlibspace.o(.text)
    __rt_SIGFPE_inner                        0x00001561   Thumb Code    62  defsig_fpe_inner.o(.text)
    __rt_SIGRTMEM_inner                      0x0000160d   Thumb Code    22  defsig_rtmem_inner.o(.text)
    _btod_d2e                                0x0000165d   Thumb Code    62  btod.o(CL$$btod_d2e)
    _d2e_denorm_low                          0x0000169b   Thumb Code    70  btod.o(CL$$btod_d2e_denorm_low)
    _d2e_norm_op1                            0x000016e1   Thumb Code    96  btod.o(CL$$btod_d2e_norm_op1)
    __btod_div_common                        0x00001741   Thumb Code   696  btod.o(CL$$btod_div_common)
    _e2e                                     0x00001a79   Thumb Code   198  btod.o(CL$$btod_e2e)
    _btod_ediv                               0x00001b3f   Thumb Code    40  btod.o(CL$$btod_ediv)
    _btod_emul                               0x00001b67   Thumb Code    40  btod.o(CL$$btod_emul)
    __btod_mult_common                       0x00001b8f   Thumb Code   580  btod.o(CL$$btod_mult_common)
    ITM_SendChar                             0x00001dd5   Thumb Code    42  retarget_io.o(i.ITM_SendChar)
    SystemInit                               0x00001e05   Thumb Code    30  system_armcm4.o(i.SystemInit)
    __ARM_fpclassify                         0x00001e35   Thumb Code    48  fpclassify.o(i.__ARM_fpclassify)
    _sys_close                               0x00001e65   Thumb Code    38  retarget_io.o(i._sys_close)
    _sys_flen                                0x00001e8b   Thumb Code    36  retarget_io.o(i._sys_flen)
    _sys_istty                               0x00001eaf   Thumb Code    36  retarget_io.o(i._sys_istty)
    _sys_open                                0x00001ed5   Thumb Code    80  retarget_io.o(i._sys_open)
    _sys_seek                                0x00001f3d   Thumb Code    44  retarget_io.o(i._sys_seek)
    _sys_write                               0x00001f69   Thumb Code    70  retarget_io.o(i._sys_write)
    fputc                                    0x00001faf   Thumb Code    26  fputc.o(i.fputc)
    main                                     0x00001fc9   Thumb Code   324  main.o(i.main)
    _get_lc_numeric                          0x0000218d   Thumb Code    44  lc_numeric_c.o(locale$$code)
    asm_max                                  0x000021b9   Thumb Code     0  asm_max.o(test)
    __dflt_normalise                         0x000021eb   Thumb Code    26  dflt_clz.o(x$fpl$dfltn)
    __fpl_dretinf                            0x00002205   Thumb Code    12  dretinf.o(x$fpl$dretinf)
    __fpl_exception                          0x00002211   Thumb Code   454  except.o(x$fpl$exception)
    __aeabi_f2d                              0x000023fd   Thumb Code     0  f2d.o(x$fpl$f2d)
    _f2d                                     0x000023fd   Thumb Code   122  f2d.o(x$fpl$f2d)
    __fpl_fnaninf                            0x00002477   Thumb Code   242  fnaninf.o(x$fpl$fnaninf)
    _fp_init                                 0x00002569   Thumb Code    10  fpinit.o(x$fpl$fpinit)
    __fplib_config_fpu_vfp                   0x00002571   Thumb Code     0  fpinit.o(x$fpl$fpinit)
    __fplib_config_pureend_doubles           0x00002571   Thumb Code     0  fpinit.o(x$fpl$fpinit)
    __funder                                 0x00002573   Thumb Code   254  funder_clz.o(x$fpl$funder)
    __funder_d                               0x00002671   Thumb Code    62  funder_clz.o(x$fpl$funder)
    __ieee_status                            0x000026b1   Thumb Code    28  istatus.o(x$fpl$ieeestatus)
    _printf_fp_dec                           0x000026d1   Thumb Code     4  printf1.o(x$fpl$printf1)
    __fpl_return_NaN                         0x000026d5   Thumb Code   178  retnan.o(x$fpl$retnan)
    _fp_trapveneer                           0x00002787   Thumb Code    36  trapv.o(x$fpl$trapveneer)
    __fpl_cmpreturn                          0x000027ab   Thumb Code    90  trapv.o(x$fpl$trapveneer)
    __I$use$fp                               0x00002804   Number         0  usenofp.o(x$fpl$usenofp)
    __stdin_name                             0x00002804   Data           7  retarget_io.o(.constdata)
    __stdout_name                            0x0000280b   Data           8  retarget_io.o(.constdata)
    __stderr_name                            0x00002813   Data           8  retarget_io.o(.constdata)
    Region$$Table$$Base                      0x000028b0   Number         0  anon$$obj.o(Region$$Table)
    Region$$Table$$Limit                     0x000028d0   Number         0  anon$$obj.o(Region$$Table)
    f10_array                                0x20000000   Data          40  main.o(.data)
    f1000_array                              0x20000028   Data        4000  main.o(.data)
    SystemCoreClock                          0x20000fc8   Data           4  system_armcm4.o(.data)
    __aeabi_stdin                            0x20000fcc   Data           4  stdio_streams.o(.data)
    __aeabi_stdout                           0x20000fd0   Data           4  stdio_streams.o(.data)
    __aeabi_stderr                           0x20000fd4   Data           4  stdio_streams.o(.data)
    __stdin                                  0x20000fd8   Data          84  stdio_streams.o(.bss)
    __stdout                                 0x2000102c   Data          84  stdio_streams.o(.bss)
    __stderr                                 0x20001080   Data          84  stdio_streams.o(.bss)
    __libspace_start                         0x200010d4   Data          96  libspace.o(.bss)
    __temporary_stack_top$libspace           0x20001134   Data           0  libspace.o(.bss)



==============================================================================

Memory Map of the image

  Image Entry point : 0x000001d9

  Load Region LR_1 (Base: 0x00000000, Size: 0x000038c4, Max: 0xffffffff, ABSOLUTE, COMPRESSED[0x0000371c])

    Execution Region ER_RO (Base: 0x00000000, Size: 0x000028ec, Max: 0xffffffff, ABSOLUTE)

    Base Addr    Size         Type   Attr      Idx    E Section Name        Object

    0x00000000   0x000000c0   Data   RO          156    RESET               startup_armcm4.o
    0x000000c0   0x00000008   Code   RO          291  * !!!main             c_w.l(__main.o)
    0x000000c8   0x00000034   Code   RO          708    !!!scatter          c_w.l(__scatter.o)
    0x000000fc   0x00000064   Code   RO          706    !!dclz77c           c_w.l(__dclz77c.o)
    0x00000160   0x0000001c   Code   RO          710    !!handler_zi        c_w.l(__scatter_zi.o)
    0x0000017c   0x00000000   Code   RO          286    .ARM.Collect$$_printf_percent$$00000000  c_w.l(_printf_percent.o)
    0x0000017c   0x00000006   Code   RO          285    .ARM.Collect$$_printf_percent$$00000003  c_w.l(_printf_f.o)
    0x00000182   0x00000006   Code   RO          284    .ARM.Collect$$_printf_percent$$00000009  c_w.l(_printf_d.o)
    0x00000188   0x00000004   Code   RO          304    .ARM.Collect$$_printf_percent$$00000017  c_w.l(_printf_percent_end.o)
    0x0000018c   0x00000002   Code   RO          489    .ARM.Collect$$libinit$$00000000  c_w.l(libinit.o)
    0x0000018e   0x00000004   Code   RO          490    .ARM.Collect$$libinit$$00000001  c_w.l(libinit2.o)
    0x00000192   0x00000000   Code   RO          493    .ARM.Collect$$libinit$$00000004  c_w.l(libinit2.o)
    0x00000192   0x00000008   Code   RO          494    .ARM.Collect$$libinit$$00000005  c_w.l(libinit2.o)
    0x0000019a   0x00000000   Code   RO          496    .ARM.Collect$$libinit$$0000000A  c_w.l(libinit2.o)
    0x0000019a   0x00000000   Code   RO          498    .ARM.Collect$$libinit$$0000000C  c_w.l(libinit2.o)
    0x0000019a   0x00000000   Code   RO          500    .ARM.Collect$$libinit$$0000000E  c_w.l(libinit2.o)
    0x0000019a   0x00000006   Code   RO          501    .ARM.Collect$$libinit$$0000000F  c_w.l(libinit2.o)
    0x000001a0   0x00000000   Code   RO          503    .ARM.Collect$$libinit$$00000011  c_w.l(libinit2.o)
    0x000001a0   0x00000000   Code   RO          505    .ARM.Collect$$libinit$$00000013  c_w.l(libinit2.o)
    0x000001a0   0x00000000   Code   RO          507    .ARM.Collect$$libinit$$00000015  c_w.l(libinit2.o)
    0x000001a0   0x0000000a   Code   RO          508    .ARM.Collect$$libinit$$00000016  c_w.l(libinit2.o)
    0x000001aa   0x00000000   Code   RO          509    .ARM.Collect$$libinit$$00000017  c_w.l(libinit2.o)
    0x000001aa   0x00000000   Code   RO          511    .ARM.Collect$$libinit$$00000019  c_w.l(libinit2.o)
    0x000001aa   0x00000000   Code   RO          513    .ARM.Collect$$libinit$$0000001B  c_w.l(libinit2.o)
    0x000001aa   0x00000000   Code   RO          515    .ARM.Collect$$libinit$$0000001D  c_w.l(libinit2.o)
    0x000001aa   0x00000000   Code   RO          517    .ARM.Collect$$libinit$$0000001F  c_w.l(libinit2.o)
    0x000001aa   0x00000000   Code   RO          519    .ARM.Collect$$libinit$$00000021  c_w.l(libinit2.o)
    0x000001aa   0x00000000   Code   RO          521    .ARM.Collect$$libinit$$00000023  c_w.l(libinit2.o)
    0x000001aa   0x00000004   Code   RO          522    .ARM.Collect$$libinit$$00000024  c_w.l(libinit2.o)
    0x000001ae   0x00000000   Code   RO          523    .ARM.Collect$$libinit$$00000025  c_w.l(libinit2.o)
    0x000001ae   0x00000000   Code   RO          527    .ARM.Collect$$libinit$$0000002C  c_w.l(libinit2.o)
    0x000001ae   0x00000000   Code   RO          529    .ARM.Collect$$libinit$$0000002E  c_w.l(libinit2.o)
    0x000001ae   0x00000000   Code   RO          531    .ARM.Collect$$libinit$$00000030  c_w.l(libinit2.o)
    0x000001ae   0x00000000   Code   RO          533    .ARM.Collect$$libinit$$00000032  c_w.l(libinit2.o)
    0x000001ae   0x00000002   Code   RO          534    .ARM.Collect$$libinit$$00000033  c_w.l(libinit2.o)
    0x000001b0   0x00000002   Code   RO          687    .ARM.Collect$$libshutdown$$00000000  c_w.l(libshutdown.o)
    0x000001b2   0x00000004   Code   RO          536    .ARM.Collect$$libshutdown$$00000002  c_w.l(libshutdown2.o)
    0x000001b6   0x00000000   Code   RO          537    .ARM.Collect$$libshutdown$$00000003  c_w.l(libshutdown2.o)
    0x000001b6   0x00000000   Code   RO          540    .ARM.Collect$$libshutdown$$00000006  c_w.l(libshutdown2.o)
    0x000001b6   0x00000000   Code   RO          543    .ARM.Collect$$libshutdown$$00000009  c_w.l(libshutdown2.o)
    0x000001b6   0x00000000   Code   RO          545    .ARM.Collect$$libshutdown$$0000000B  c_w.l(libshutdown2.o)
    0x000001b6   0x00000000   Code   RO          548    .ARM.Collect$$libshutdown$$0000000E  c_w.l(libshutdown2.o)
    0x000001b6   0x00000002   Code   RO          549    .ARM.Collect$$libshutdown$$0000000F  c_w.l(libshutdown2.o)
    0x000001b8   0x00000000   Code   RO          297    .ARM.Collect$$rtentry$$00000000  c_w.l(__rtentry.o)
    0x000001b8   0x00000000   Code   RO          323    .ARM.Collect$$rtentry$$00000002  c_w.l(__rtentry2.o)
    0x000001b8   0x00000006   Code   RO          335    .ARM.Collect$$rtentry$$00000004  c_w.l(__rtentry4.o)
    0x000001be   0x00000000   Code   RO          325    .ARM.Collect$$rtentry$$00000009  c_w.l(__rtentry2.o)
    0x000001be   0x00000004   Code   RO          326    .ARM.Collect$$rtentry$$0000000A  c_w.l(__rtentry2.o)
    0x000001c2   0x00000000   Code   RO          328    .ARM.Collect$$rtentry$$0000000C  c_w.l(__rtentry2.o)
    0x000001c2   0x00000008   Code   RO          329    .ARM.Collect$$rtentry$$0000000D  c_w.l(__rtentry2.o)
    0x000001ca   0x00000002   Code   RO          556    .ARM.Collect$$rtexit$$00000000  c_w.l(rtexit.o)
    0x000001cc   0x00000000   Code   RO          614    .ARM.Collect$$rtexit$$00000002  c_w.l(rtexit2.o)
    0x000001cc   0x00000004   Code   RO          615    .ARM.Collect$$rtexit$$00000003  c_w.l(rtexit2.o)
    0x000001d0   0x00000006   Code   RO          616    .ARM.Collect$$rtexit$$00000004  c_w.l(rtexit2.o)
    0x000001d6   0x00000002   PAD
    0x000001d8   0x00000000   Code   RO          620    .emb_text           c_w.l(maybetermalloc1.o)
    0x000001d8   0x00000040   Code   RO          157  * .text               startup_armcm4.o
    0x00000218   0x000000d8   Code   RO          211    .text               arm_cortexM4lf_math.lib(arm_max_f32.o)
    0x000002f0   0x00000018   Code   RO          258    .text               c_w.l(noretval__2printf.o)
    0x00000308   0x00000068   Code   RO          260    .text               c_w.l(__printf.o)
    0x00000370   0x00000078   Code   RO          262    .text               c_w.l(_printf_dec.o)
    0x000003e8   0x00000080   Code   RO          287    .text               c_w.l(strcmpv7m.o)
    0x00000468   0x00000006   Code   RO          289    .text               c_w.l(heapauxi.o)
    0x0000046e   0x000000b2   Code   RO          298    .text               c_w.l(_printf_intcommon.o)
    0x00000520   0x0000041a   Code   RO          300    .text               c_w.l(_printf_fp_dec.o)
    0x0000093a   0x00000002   PAD
    0x0000093c   0x00000024   Code   RO          302    .text               c_w.l(_printf_char_file.o)
    0x00000960   0x00000008   Code   RO          340    .text               c_w.l(rt_locale_intlibspace.o)
    0x00000968   0x0000008a   Code   RO          342    .text               c_w.l(lludiv10.o)
    0x000009f2   0x00000002   PAD
    0x000009f4   0x00000030   Code   RO          344    .text               c_w.l(_printf_char_common.o)
    0x00000a24   0x00000080   Code   RO          346    .text               c_w.l(_printf_fp_infnan.o)
    0x00000aa4   0x000000dc   Code   RO          348    .text               c_w.l(bigflt0.o)
    0x00000b80   0x00000008   Code   RO          373    .text               c_w.l(ferror.o)
    0x00000b88   0x00000138   Code   RO          379    .text               c_w.l(initio.o)
    0x00000cc0   0x00000008   Code   RO          398    .text               c_w.l(libspace.o)
    0x00000cc8   0x0000004a   Code   RO          403    .text               c_w.l(sys_stackheap_outer.o)
    0x00000d12   0x0000004e   Code   RO          407    .text               c_w.l(h1_free.o)
    0x00000d60   0x000001d6   Code   RO          463    .text               c_w.l(flsbuf.o)
    0x00000f36   0x00000046   Code   RO          465    .text               c_w.l(setvbuf.o)
    0x00000f7c   0x000000ec   Code   RO          468    .text               c_w.l(fopen.o)
    0x00001068   0x0000004c   Code   RO          470    .text               c_w.l(fclose.o)
    0x000010b4   0x0000000c   Code   RO          476    .text               c_w.l(exit.o)
    0x000010c0   0x0000000e   Code   RO          478    .text               c_w.l(defsig_rtred_outer.o)
    0x000010ce   0x0000004e   Code   RO          482    .text               c_w.l(rt_memclr_w.o)
    0x0000111c   0x00000008   Code   RO          563    .text               c_w.l(rt_heap_descriptor_intlibspace.o)
    0x00001124   0x00000004   Code   RO          565    .text               c_w.l(hguard.o)
    0x00001128   0x0000008a   Code   RO          567    .text               c_w.l(init_alloc.o)
    0x000011b2   0x0000005e   Code   RO          573    .text               c_w.l(h1_alloc.o)
    0x00001210   0x00000030   Code   RO          587    .text               c_w.l(_fptrap.o)
    0x00001240   0x000000f8   Code   RO          591    .text               c_w.l(fseek.o)
    0x00001338   0x000000f0   Code   RO          593    .text               c_w.l(stdio.o)
    0x00001428   0x0000000a   Code   RO          599    .text               c_w.l(defsig_exit.o)
    0x00001432   0x00000002   PAD
    0x00001434   0x00000034   Code   RO          601    .text               c_w.l(defsig_rtred_inner.o)
    0x00001468   0x0000000c   Code   RO          611    .text               c_w.l(sys_exit.o)
    0x00001474   0x0000000e   Code   RO          622    .text               c_w.l(h1_init.o)
    0x00001482   0x00000034   Code   RO          624    .text               c_w.l(h1_extend.o)
    0x000014b6   0x00000042   Code   RO          634    .text               c_w.l(ftell.o)
    0x000014f8   0x00000032   Code   RO          642    .text               c_w.l(defsig_general.o)
    0x0000152a   0x0000000e   Code   RO          644    .text               c_w.l(defsig_fpe_outer.o)
    0x00001538   0x0000000e   Code   RO          648    .text               c_w.l(defsig_rtmem_outer.o)
    0x00001546   0x0000000e   Code   RO          663    .text               c_w.l(sys_wrch.o)
    0x00001554   0x00000002   Code   RO          667    .text               c_w.l(use_no_semi.o)
    0x00001556   0x00000000   Code   RO          669    .text               c_w.l(indicate_semi.o)
    0x00001556   0x00000002   PAD
    0x00001558   0x00000008   Code   RO          673    .text               c_w.l(rt_errno_addr_intlibspace.o)
    0x00001560   0x000000ac   Code   RO          679    .text               c_w.l(defsig_fpe_inner.o)
    0x0000160c   0x00000050   Code   RO          681    .text               c_w.l(defsig_rtmem_inner.o)
    0x0000165c   0x0000003e   Code   RO          351    CL$$btod_d2e        c_w.l(btod.o)
    0x0000169a   0x00000046   Code   RO          353    CL$$btod_d2e_denorm_low  c_w.l(btod.o)
    0x000016e0   0x00000060   Code   RO          352    CL$$btod_d2e_norm_op1  c_w.l(btod.o)
    0x00001740   0x00000338   Code   RO          361    CL$$btod_div_common  c_w.l(btod.o)
    0x00001a78   0x000000c6   Code   RO          358    CL$$btod_e2e        c_w.l(btod.o)
    0x00001b3e   0x00000028   Code   RO          355    CL$$btod_ediv       c_w.l(btod.o)
    0x00001b66   0x00000028   Code   RO          354    CL$$btod_emul       c_w.l(btod.o)
    0x00001b8e   0x00000244   Code   RO          360    CL$$btod_mult_common  c_w.l(btod.o)
    0x00001dd2   0x00000002   PAD
    0x00001dd4   0x00000030   Code   RO           67    i.ITM_SendChar      retarget_io.o
    0x00001e04   0x00000030   Code   RO          165    i.SystemInit        system_armcm4.o
    0x00001e34   0x00000030   Code   RO          396    i.__ARM_fpclassify  m_wm.l(fpclassify.o)
    0x00001e64   0x00000026   Code   RO           68    i._sys_close        retarget_io.o
    0x00001e8a   0x00000024   Code   RO           69    i._sys_flen         retarget_io.o
    0x00001eae   0x00000024   Code   RO           70    i._sys_istty        retarget_io.o
    0x00001ed2   0x00000002   PAD
    0x00001ed4   0x00000068   Code   RO           71    i._sys_open         retarget_io.o
    0x00001f3c   0x0000002c   Code   RO           73    i._sys_seek         retarget_io.o
    0x00001f68   0x00000046   Code   RO           74    i._sys_write        retarget_io.o
    0x00001fae   0x0000001a   Code   RO          376    i.fputc             c_w.l(fputc.o)
    0x00001fc8   0x000001b8   Code   RO            4    i.main              main.o
    0x00002180   0x0000000c   Code   RO           75    i.stdout_putchar    retarget_io.o
    0x0000218c   0x0000002c   Code   RO          388    locale$$code        c_w.l(lc_numeric_c.o)
    0x000021b8   0x00000032   Code   RO           63    test                asm_max.o
    0x000021ea   0x0000001a   Code   RO          313    x$fpl$dfltn         g_wm.l(dflt_clz.o)
    0x00002204   0x0000000c   Code   RO          317    x$fpl$dretinf       g_wm.l(dretinf.o)
    0x00002210   0x000001ec   Code   RO          390    x$fpl$exception     g_wm.l(except.o)
    0x000023fc   0x0000007a   Code   RO          293    x$fpl$f2d           g_wm.l(f2d.o)
    0x00002476   0x000000f2   Code   RO          319    x$fpl$fnaninf       g_wm.l(fnaninf.o)
    0x00002568   0x0000000a   Code   RO          609    x$fpl$fpinit        g_wm.l(fpinit.o)
    0x00002572   0x0000013c   Code   RO          392    x$fpl$funder        g_wm.l(funder_clz.o)
    0x000026ae   0x00000002   PAD
    0x000026b0   0x00000020   Code   RO          394    x$fpl$ieeestatus    g_wm.l(istatus.o)
    0x000026d0   0x00000004   Code   RO          295    x$fpl$printf1       g_wm.l(printf1.o)
    0x000026d4   0x000000b2   Code   RO          552    x$fpl$retnan        g_wm.l(retnan.o)
    0x00002786   0x0000007e   Code   RO          554    x$fpl$trapveneer    g_wm.l(trapv.o)
    0x00002804   0x00000000   Code   RO          321    x$fpl$usenofp       g_wm.l(usenofp.o)
    0x00002804   0x00000017   Data   RO           76    .constdata          retarget_io.o
    0x0000281b   0x00000001   PAD
    0x0000281c   0x00000094   Data   RO          349    .constdata          c_w.l(bigflt0.o)
    0x000028b0   0x00000020   Data   RO          704    Region$$Table       anon$$obj.o
    0x000028d0   0x0000001c   Data   RO          387    locale$$data        c_w.l(lc_numeric_c.o)


    Execution Region ER_RW (Base: 0x20000000, Size: 0x00000fd8, Max: 0xffffffff, ABSOLUTE, COMPRESSED[0x00000e30])

    Base Addr    Size         Type   Attr      Idx    E Section Name        Object

    0x20000000   0x00000fc8   Data   RW            5    .data               main.o
    0x20000fc8   0x00000004   Data   RW          166    .data               system_armcm4.o
    0x20000fcc   0x00000004   Data   RW          308    .data               c_w.l(stdio_streams.o)
    0x20000fd0   0x00000004   Data   RW          309    .data               c_w.l(stdio_streams.o)
    0x20000fd4   0x00000004   Data   RW          310    .data               c_w.l(stdio_streams.o)


    Execution Region ER_ZI (Base: 0x20000fd8, Size: 0x00001160, Max: 0xffffffff, ABSOLUTE)

    Base Addr    Size         Type   Attr      Idx    E Section Name        Object

    0x20000fd8   0x00000054   Zero   RW          305    .bss                c_w.l(stdio_streams.o)
    0x2000102c   0x00000054   Zero   RW          306    .bss                c_w.l(stdio_streams.o)
    0x20001080   0x00000054   Zero   RW          307    .bss                c_w.l(stdio_streams.o)
    0x200010d4   0x00000060   Zero   RW          399    .bss                c_w.l(libspace.o)
    0x20001134   0x00000004   PAD
    0x20001138   0x00000c00   Zero   RW          155    HEAP                startup_armcm4.o
    0x20001d38   0x00000400   Zero   RW          154    STACK               startup_armcm4.o


==============================================================================

Image component sizes


      Code (inc. data)   RO Data    RW Data    ZI Data      Debug   Object Name

        50          0          0          0          0        224   asm_max.o
       440        116          0       4040          0       5903   main.o
       388         30         23          0          0       6698   retarget_io.o
        64         26        192          0       4096        880   startup_armcm4.o
        48         18          0          4          0        699   system_armcm4.o

    ----------------------------------------------------------------------
       992        190        248       4044       4096      14404   Object Totals
         0          0         32          0          0          0   (incl. Generated)
         2          0          1          0          0          0   (incl. Padding)

    ----------------------------------------------------------------------

      Code (inc. data)   RO Data    RW Data    ZI Data      Debug   Library Member Name

       216          0          0          0          0      18166   arm_max_f32.o
       100          0          0          0          0          0   __dclz77c.o
         8          0          0          0          0         68   __main.o
       104          0          0          0          0         84   __printf.o
         0          0          0          0          0          0   __rtentry.o
        12          0          0          0          0          0   __rtentry2.o
         6          0          0          0          0          0   __rtentry4.o
        52          8          0          0          0          0   __scatter.o
        28          0          0          0          0          0   __scatter_zi.o
        48          4          0          0          0         84   _fptrap.o
        48          6          0          0          0         96   _printf_char_common.o
        36          4          0          0          0         80   _printf_char_file.o
         6          0          0          0          0          0   _printf_d.o
       120         16          0          0          0         92   _printf_dec.o
         6          0          0          0          0          0   _printf_f.o
      1050          0          0          0          0        216   _printf_fp_dec.o
       128         16          0          0          0         84   _printf_fp_infnan.o
       178          0          0          0          0         88   _printf_intcommon.o
         0          0          0          0          0          0   _printf_percent.o
         4          0          0          0          0          0   _printf_percent_end.o
       220          4        148          0          0         96   bigflt0.o
      1910        128          0          0          0        672   btod.o
        10          0          0          0          0         68   defsig_exit.o
       172        110          0          0          0         76   defsig_fpe_inner.o
        14          0          0          0          0         80   defsig_fpe_outer.o
        50          0          0          0          0         88   defsig_general.o
        80         58          0          0          0         76   defsig_rtmem_inner.o
        14          0          0          0          0         80   defsig_rtmem_outer.o
        52         38          0          0          0         76   defsig_rtred_inner.o
        14          0          0          0          0         80   defsig_rtred_outer.o
        12          0          0          0          0         72   exit.o
        76          0          0          0          0         88   fclose.o
         8          0          0          0          0         68   ferror.o
       470          0          0          0          0         88   flsbuf.o
       236          4          0          0          0        128   fopen.o
        26          0          0          0          0         68   fputc.o
       248          6          0          0          0         84   fseek.o
        66          0          0          0          0         76   ftell.o
        94          0          0          0          0         80   h1_alloc.o
        52          0          0          0          0         68   h1_extend.o
        78          0          0          0          0         80   h1_free.o
        14          0          0          0          0         84   h1_init.o
         6          0          0          0          0        152   heapauxi.o
         4          0          0          0          0        136   hguard.o
         0          0          0          0          0          0   indicate_semi.o
       138          0          0          0          0        168   init_alloc.o
       312         46          0          0          0        112   initio.o
        44         10         28          0          0         76   lc_numeric_c.o
         2          0          0          0          0          0   libinit.o
        34          0          0          0          0          0   libinit2.o
         2          0          0          0          0          0   libshutdown.o
         6          0          0          0          0          0   libshutdown2.o
         8          4          0          0         96         68   libspace.o
       138          0          0          0          0         80   lludiv10.o
         0          0          0          0          0          0   maybetermalloc1.o
        24          4          0          0          0         84   noretval__2printf.o
         8          4          0          0          0         68   rt_errno_addr_intlibspace.o
         8          4          0          0          0         68   rt_heap_descriptor_intlibspace.o
         8          4          0          0          0         68   rt_locale_intlibspace.o
        78          0          0          0          0         80   rt_memclr_w.o
         2          0          0          0          0          0   rtexit.o
        10          0          0          0          0          0   rtexit2.o
        70          0          0          0          0         80   setvbuf.o
       240          6          0          0          0        156   stdio.o
         0          0          0         12        252          0   stdio_streams.o
       128          0          0          0          0         68   strcmpv7m.o
        12          4          0          0          0         68   sys_exit.o
        74          0          0          0          0         80   sys_stackheap_outer.o
        14          0          0          0          0         76   sys_wrch.o
         2          0          0          0          0         68   use_no_semi.o
        26          0          0          0          0        116   dflt_clz.o
        12          0          0          0          0        116   dretinf.o
       492         36          0          0          0        148   except.o
       122          8          0          0          0        132   f2d.o
       242          4          0          0          0        144   fnaninf.o
        10          0          0          0          0        116   fpinit.o
       316          0          0          0          0        132   funder_clz.o
        32          4          0          0          0        116   istatus.o
         4          0          0          0          0        116   printf1.o
       178          0          0          0          0        116   retnan.o
       126          0          0          0          0        148   trapv.o
         0          0          0          0          0          0   usenofp.o
        48          0          0          0          0        124   fpclassify.o

    ----------------------------------------------------------------------
      9060        540        176         12        352      24714   Library Totals
        14          0          0          0          4          0   (incl. Padding)

    ----------------------------------------------------------------------

      Code (inc. data)   RO Data    RW Data    ZI Data      Debug   Library Name

       216          0          0          0          0      18166   arm_cortexM4lf_math.lib
      7222        488        176         12        348       5024   c_w.l
      1560         52          0          0          0       1400   g_wm.l
        48          0          0          0          0        124   m_wm.l

    ----------------------------------------------------------------------
      9060        540        176         12        352      24714   Library Totals

    ----------------------------------------------------------------------

==============================================================================


      Code (inc. data)   RO Data    RW Data    ZI Data      Debug   

     10052        730        424       4056       4448      34458   Grand Totals
     10052        730        424       3632       4448      34458   ELF Image Totals (compressed)
     10052        730        424       3632          0          0   ROM Totals

==============================================================================

    Total RO  Size (Code + RO Data)                10476 (  10.23kB)
    Total RW  Size (RW Data + ZI Data)              8504 (   8.30kB)
    Total ROM Size (Code + RO Data + RW Data)      14108 (  13.78kB)

==============================================================================

